******************************************************************************
            TI ARM Clang Linker PC v4.0.1                      
******************************************************************************
>> Linked Thu Feb 27 21:37:48 2025

OUTPUT FILE NAME:   <ECE319K_Lab4.out>
ENTRY POINT SYMBOL: "_c_int00_noargs"  address: 00002469


MEMORY CONFIGURATION

         name            origin    length      used     unused   attr    fill
----------------------  --------  ---------  --------  --------  ----  --------
  FLASH                 00000000   00020000  00003188  0001ce78  R  X
  SRAM                  20200000   00008000  000009dd  00007623  RW X
  BCR_CONFIG            41c00000   00000080  00000000  00000080  R   
  BSL_CONFIG            41c00100   00000080  00000000  00000080  R   


SEGMENT ALLOCATION MAP

run origin  load origin   length   init length attrs members
----------  ----------- ---------- ----------- ----- -------
00000000    00000000    00003188   00003188    r-x
  00000000    00000000    000000c0   000000c0    r-- .intvecs
  000000c0    000000c0    00002690   00002690    r-x .text
  00002750    00002750    000009a8   000009a8    r-- .rodata
  000030f8    000030f8    00000090   00000090    r-- .cinit
20200000    20200000    000007dd   00000000    rw-
  20200000    20200000    000003f0   00000000    rw- .bss
  202003f0    202003f0    00000200   00000000    rw- .sysmem
  202005f0    202005f0    000001ed   00000000    rw- .data
20207e00    20207e00    00000200   00000000    rw-
  20207e00    20207e00    00000200   00000000    rw- .stack


SECTION ALLOCATION MAP

 output                                  attributes/
section   page    origin      length       input sections
--------  ----  ----------  ----------   ----------------
.intvecs   0    00000000    000000c0     
                  00000000    000000c0     startup_mspm0g3507_ticlang.o (.intvecs)

.text      0    000000c0    00002690     
                  000000c0    0000031c     ECE319K_Lab4Grader.o (.text.TIMG7_IRQHandler)
                  000003dc    00000298     ECE319K_Lab4Grader.o (.text.CheckInitialization)
                  00000674    00000294     ECE319K_Lab4Grader.o (.text.Lab4Grader)
                  00000908    00000284     libc.a : _printfi.c.obj (.text:__TI_printfi_minimal)
                  00000b8c    000001b4     Clock.o (.text.Clock_Init80MHz)
                  00000d40    00000130     UARTints.o (.text.UART_Init)
                  00000e70    00000128     ECE319K_Lab4main.o (.text.Traffic_Out)
                  00000f98    00000114     libc.a : memory.c.obj (.text.aligned_alloc)
                  000010ac    000000f8            : fputs.c.obj (.text.fputs)
                  000011a4    000000e8            : memory.c.obj (.text.free)
                  0000128c    000000e0            : setvbuf.c.obj (.text.setvbuf)
                  0000136c    000000a8     Timer.o (.text.TimerG7_IntArm)
                  00001414    0000000c     Clock.o (.text.Clock_Freq)
                  00001420    00000088     libc.a : strcmp-armv6m.S.obj (.text:strcmp)
                  000014a8    00000080     ECE319K_Lab4main.o (.text.main)
                  00001528    0000007c     LaunchPad.o (.text.LaunchPad_Init)
                  000015a4    0000007c     ECE319K_Lab4Grader.o (.text.ReadSensor)
                  00001620    0000007c     libc.a : fclose.c.obj (.text.__TI_closefile)
                  0000169c    0000007c            : copy_decompress_lzss.c.obj (.text:decompress:lzss)
                  00001718    0000006c     libsysbm.a : hostlseek.c.obj (.text.HOSTlseek)
                  00001784    0000006c                : hostrename.c.obj (.text.HOSTrename)
                  000017f0    0000006c     libc.a : fseek.c.obj (.text.fseeko)
                  0000185c    0000006c            : getdevice.c.obj (.text.getdevice)
                  000018c8    00000064     ECE319K_Lab4Grader.o (.text.GetState)
                  0000192c    00000064     ECE319K_Lab4main.o (.text.Traffic_Init)
                  00001990    00000064     libc.a : _io_perm.c.obj (.text.__TI_wrt_ok)
                  000019f4    00000064            : memory.c.obj (.text.split)
                  00001a58    00000060     libsysbm.a : hostopen.c.obj (.text.HOSTopen)
                  00001ab8    00000060     Timer.o (.text.TimerG12_Init)
                  00001b18    00000060     libc.a : fflush.c.obj (.text.fflush)
                  00001b78    0000005c     ECE319K_Lab4Grader.o (.text.ReadSouth)
                  00001bd4    0000005c     UARTints.o (.text.UART0_IRQHandler)
                  00001c30    00000058     libsysbm.a : hostread.c.obj (.text.HOSTread)
                  00001c88    00000058                : hostwrite.c.obj (.text.HOSTwrite)
                  00001ce0    00000058     UARTints.o (.text.copyHardwareToSoftware)
                  00001d38    00000052     libc.a : fflush.c.obj (.text.__TI_doflush)
                  00001d8a    00000002     libclang_rt.builtins.a : aeabi_div0.c.obj (.text.__aeabi_idiv0)
                  00001d8c    00000050     Dump.o (.text.Debug_Dump)
                  00001ddc    00000050     libsysbm.a : close.c.obj (.text.close)
                  00001e2c    0000004c     ECE319K_Lab4Grader.o (.text.ReadWest)
                  00001e78    0000004c     FIFO.o (.text.RxFifo_Put)
                  00001ec4    0000004c     FIFO.o (.text.TxFifo_Get)
                  00001f10    0000004c     FIFO.o (.text.TxFifo_Put)
                  00001f5c    0000004c     UARTints.o (.text.copySoftwareToHardware)
                  00001fa8    00000048     libsysbm.a : hostclose.c.obj (.text.HOSTclose)
                  00001ff0    00000048                : hostunlink.c.obj (.text.HOSTunlink)
                  00002038    00000044     libc.a : aeabi_portable.c.obj (.text.__aeabi_assert)
                  0000207c    00000040     UARTints.o (.text.UART_OutChar)
                  000020bc    00000040     libclang_rt.builtins.a : aeabi_uidivmod.S.obj (.text.__aeabi_uidivmod)
                  000020fc    0000003c     libc.a : autoinit.c.obj (.text:__TI_auto_init_nobinit_nopinit)
                  00002138    00000038     LaunchPad.o (.text.ActivatePortA_B)
                  00002170    00000038     libc.a : sprintf.c.obj (.text.sprintf)
                  000021a8    00000036     UART.o (.text.UART_OutUDec)
                  000021de    00000002     libc.a : _lock.c.obj (.text._nop)
                  000021e0    00000034     Clock.o (.text.SysTick_Wait)
                  00002214    00000034     libc.a : fopen.c.obj (.text.__TI_cleanup)
                  00002248    00000034     libsysbm.a : trgmsg.c.obj (.text.__TI_readmsg)
                  0000227c    00000034                : trgmsg.c.obj (.text.__TI_writemsg)
                  000022b0    00000034     libc.a : exit.c.obj (.text.exit)
                  000022e4    00000034            : getdevice.c.obj (.text.finddevice)
                  00002318    00000034     ECE319K_Lab4Grader.o (.text.setUpper)
                  0000234c    0000002c     libsysbm.a : unlink.c.obj (.text.unlink)
                  00002378    00000028     ECE319K_Lab4Grader.o (.text.Grader_Init)
                  000023a0    00000028     ECE319K_Lab4Grader.o (.text.ReadWalk)
                  000023c8    00000028     Clock.o (.text.SysTick_Wait10ms)
                  000023f0    00000028     libc.a : memory.c.obj (.text.free_list_insert)
                  00002418    00000028     libsysbm.a : lseek.c.obj (.text.lseek)
                  00002440    00000028                : write.c.obj (.text.write)
                  00002468    00000028     libc.a : boot_cortex_m.c.obj (.text:_c_int00_noargs)
                  00002490    00000026     UART.o (.text.UART_OutString)
                  000024b6    00000022     libc.a : memccpy.c.obj (.text.memccpy)
                  000024d8    00000020     ECE319K_Lab4Grader.o (.text.Random32)
                  000024f8    00000020     Clock.o (.text.SysTick_Init)
                  00002518    00000020     ECE319K_Lab4main.o (.text.Traffic_In)
                  00002538    0000001c     startup_mspm0g3507_ticlang.o (.text.Default_Handler)
                  00002554    0000001c     startup_mspm0g3507_ticlang.o (.text.HardFault_Handler)
                  00002570    0000001c     libc.a : memory.c.obj (.text.free_list_remove)
                  0000258c    00000018     FIFO.o (.text.RxFifo_Size)
                  000025a4    00000018     FIFO.o (.text.TxFifo_Size)
                  000025bc    00000018     libc.a : assert.c.obj (.text._abort_msg)
                  000025d4    00000018            : sprintf.c.obj (.text._outs)
                  000025ec    00000014     Dump.o (.text.Debug_Init)
                  00002600    00000014     FIFO.o (.text.RxFifo_Init)
                  00002614    00000014     FIFO.o (.text.TxFifo_Init)
                  00002628    00000012     libc.a : memcpy16.S.obj (.text:TI_memcpy_small)
                  0000263a    00000012            : copy_decompress_none.c.obj (.text:decompress:none)
                  0000264c    00000010     Clock.o (.text.Clock_Delay)
                  0000265c    00000010     LaunchPad.o (.text.Delay)
                  0000266c    00000010     ECE319K_Lab4Grader.o (.text.OutCRLF)
                  0000267c    00000010     libc.a : copy_zero_init.c.obj (.text:decompress:ZI)
                  0000268c    0000000e            : memory.c.obj (.text.OUTLINED_FUNCTION_0)
                  0000269a    00000002     --HOLE-- [fill = 0]
                  0000269c    0000000e     libclang_rt.builtins.a : aeabi_memset.S.obj (.text.__aeabi_memset)
                  000026aa    0000000e     libsysbm.a : hostrename.c.obj (.text.strcpy)
                  000026b8    0000000e     libc.a : _printfi.c.obj (.text.strlen)
                  000026c6    0000000e            : aeabi_portable.c.obj (.text.strlen)
                  000026d4    0000000e     libsysbm.a : hostrename.c.obj (.text.strlen)
                  000026e2    0000000e     libc.a : memset16.S.obj (.text:TI_memset_small)
                  000026f0    0000000c     LaunchPad.o (.text.LaunchPad_LED1off)
                  000026fc    0000000c     libclang_rt.builtins.a : aeabi_memset.S.obj (.text.__aeabi_memclr)
                  00002708    0000000c     libc.a : memory.c.obj (.text.malloc)
                  00002714    0000000a            : sprintf.c.obj (.text._outc)
                  0000271e    00000002     --HOLE-- [fill = 0]
                  00002720    00000008     libclang_rt.builtins.a : aeabi_memcpy.S.obj (.text.__aeabi_memcpy)
                  00002728    00000008     libc.a : fseek.c.obj (.text.fseek)
                  00002730    00000008     libsysbm.a : remove.c.obj (.text.remove)
                  00002738    00000004     startup_mspm0g3507_ticlang.o (.text.Reset_Handler)
                  0000273c    00000004     libc.a : pre_init.c.obj (.text._system_pre_init)
                  00002740    00000004            : exit.c.obj (.text:abort)
                  00002744    0000000c     --HOLE-- [fill = 0]

.cinit     0    000030f8    00000090     
                  000030f8    00000068     (.cinit..data.load) [load image, compression = lzss]
                  00003160    0000000c     (__TI_handler_table)
                  0000316c    00000008     (.cinit..bss.load) [load image, compression = zero_init]
                  00003174    00000010     (__TI_cinit_table)
                  00003184    00000004     --HOLE-- [fill = 0]

.rodata    0    00002750    000009a8     
                  00002750    00000208     ECE319K_Lab4main.o (.rodata.FSM)
                  00002958    00000140     ECE319K_Lab4Grader.o (.rodata.SensorProblem)
                  00002a98    000000f0     ECE319K_Lab4Grader.o (.rodata.SouthProblem)
                  00002b88    000000c8     ECE319K_Lab4Grader.o (.rodata.PatternProblem)
                  00002c50    000000c4     ECE319K_Lab4Grader.o (.rodata.pat)
                  00002d14    000000a0     ECE319K_Lab4Grader.o (.rodata.WestProblem)
                  00002db4    0000003c     ECE319K_Lab4Grader.o (.rodata.str1.33178702382128063511)
                  00002df0    0000003b     ECE319K_Lab4Grader.o (.rodata.str1.34338108663945114111)
                  00002e2b    0000003b     ECE319K_Lab4Grader.o (.rodata.str1.83965500955376455081)
                  00002e66    0000003a     ECE319K_Lab4Grader.o (.rodata.str1.46641900071989434961)
                  00002ea0    00000039     ECE319K_Lab4Grader.o (.rodata.str1.101786750012153853561)
                  00002ed9    00000037     ECE319K_Lab4Grader.o (.rodata.str1.89826471332389254811)
                  00002f10    0000002f     ECE319K_Lab4Grader.o (.rodata.str1.72217892764431003391)
                  00002f3f    0000002d     ECE319K_Lab4Grader.o (.rodata.str1.126612601997215824021)
                  00002f6c    0000002a     libc.a : aeabi_portable.c.obj (.rodata.str1.16032425787955110171)
                  00002f96    00000002     ECE319K_Lab4main.o (.rodata.str1.75779993472911149681)
                  00002f98    0000001c     ECE319K_Lab4Grader.o (.rodata.validPatterns)
                  00002fb4    00000018     ECE319K_Lab4Grader.o (.rodata.Patterns)
                  00002fcc    00000018     libc.a : aeabi_portable.c.obj (.rodata.str1.124606307532073926191)
                  00002fe4    00000016     ECE319K_Lab4main.o (.rodata.str1.96047809155642126251)
                  00002ffa    00000015     ECE319K_Lab4Grader.o (.rodata.str1.116433098454076486001)
                  0000300f    00000014     ECE319K_Lab4Grader.o (.rodata.str1.144391106505873079501)
                  00003023    00000014     ECE319K_Lab4Grader.o (.rodata.str1.6113954655642233881)
                  00003037    00000011     ECE319K_Lab4Grader.o (.rodata.str1.114852366240512568111)
                  00003048    00000011     libc.a : _printfi.c.obj (.rodata.str1.153638888446227384661)
                  00003059    00000011     ECE319K_Lab4Grader.o (.rodata.str1.159714553038272807631)
                  0000306a    00000011     ECE319K_Lab4Grader.o (.rodata.str1.26264556204412158021)
                  0000307b    00000010     ECE319K_Lab4Grader.o (.rodata.str1.100997235355534114531)
                  0000308b    00000010     ECE319K_Lab4Grader.o (.rodata.str1.178541419972375408971)
                  0000309b    0000000d     ECE319K_Lab4Grader.o (.rodata.str1.23889265132940433811)
                  000030a8    0000000a     ECE319K_Lab4Grader.o (.rodata.str1.26563150357451494811)
                  000030b2    0000000a     ECE319K_Lab4Grader.o (.rodata.str1.69906889678196165881)
                  000030bc    00000008     ECE319K_Lab4main.o (.rodata.EID1)
                  000030c4    00000008     ECE319K_Lab4main.o (.rodata.EID2)
                  000030cc    00000008     ECE319K_Lab4Grader.o (.rodata.str1.168399637756820142381)
                  000030d4    00000007     ECE319K_Lab4Grader.o (.rodata.str1.142566647173898256291)
                  000030db    00000007     ECE319K_Lab4Grader.o (.rodata.str1.80107736207525412591)
                  000030e2    00000007     ECE319K_Lab4Grader.o (.rodata.str1.85906719155229904161)
                  000030e9    00000006     ECE319K_Lab4Grader.o (.rodata.str1.133361453838061636321)
                  000030ef    00000005     ECE319K_Lab4Grader.o (.rodata.str1.154730482690474842861)
                  000030f4    00000004     --HOLE-- [fill = 0]

.init_array 
*          0    00000000    00000000     UNINITIALIZED

.binit     0    00000000    00000000     

.bss       0    20200000    000003f0     UNINITIALIZED
                  20200000    00000120     libsysbm.a : trgmsg.c.obj (.bss:_CIOBUF_)
                  20200120    000000c8     (.common:DataBuffer)
                  202001e8    000000c8     (.common:TimeBuffer)
                  202002b0    000000a0     libc.a : defs.c.obj (.bss.__TI_tmpnams)
                  20200350    00000040     FIFO.o (.bss.TxFifo)
                  20200390    00000010     FIFO.o (.bss.RxFifo)
                  202003a0    00000008     libsysbm.a : hostopen.c.obj (.bss.parmbuf)
                  202003a8    00000004     libc.a : memory.c.obj (.bss.sys_free)
                  202003ac    00000004     (.common:DebugCnt)
                  202003b0    00000004     (.common:LastIn)
                  202003b4    00000004     (.common:LastOut)
                  202003b8    00000004     (.common:LastState)
                  202003bc    00000004     (.common:LookingFlag)
                  202003c0    00000004     (.common:LookingFor)
                  202003c4    00000004     (.common:M)
                  202003c8    00000004     (.common:NeedState)
                  202003cc    00000004     (.common:Pt)
                  202003d0    00000004     (.common:RxGetI)
                  202003d4    00000004     (.common:RxPutI)
                  202003d8    00000004     (.common:TxGetI)
                  202003dc    00000004     (.common:TxPutI)
                  202003e0    00000004     (.common:WrongState)
                  202003e4    00000004     (.common:in)
                  202003e8    00000004     (.common:out)
                  202003ec    00000004     (.common:state)

.sysmem    0    202003f0    00000200     UNINITIALIZED
                  202003f0    00000010     libc.a : memory.c.obj (.sysmem)
                  20200400    000001f0     --HOLE--

.data      0    202005f0    000001ed     UNINITIALIZED
                  202005f0    000000f0     libc.a : defs.c.obj (.data._ftable)
                  202006e0    00000078     libsysbm.a : host_device.c.obj (.data._device)
                  20200758    00000050                : host_device.c.obj (.data._stream)
                  202007a8    00000008     libc.a : exit.c.obj (.data..L_MergedGlobals)
                  202007b0    00000004     Clock.o (.data.BusFreq)
                  202007b4    00000004     ECE319K_Lab4Grader.o (.data.Fail)
                  202007b8    00000004     ECE319K_Lab4Grader.o (.data.PatternMode)
                  202007bc    00000004     ECE319K_Lab4Grader.o (.data.Score)
                  202007c0    00000004     ECE319K_Lab4Grader.o (.data.SensorMode)
                  202007c4    00000004     ECE319K_Lab4Grader.o (.data.SouthMode)
                  202007c8    00000004     ECE319K_Lab4Grader.o (.data.Time)
                  202007cc    00000004     ECE319K_Lab4Grader.o (.data.WestMode)
                  202007d0    00000004     libc.a : defs.c.obj (.data.__TI_ft_end)
                  202007d4    00000004            : _lock.c.obj (.data._lock)
                  202007d8    00000004            : _lock.c.obj (.data._unlock)
                  202007dc    00000001            : memory.c.obj (.data.memory_is_initialized)

.stack     0    20207e00    00000200     UNINITIALIZED
                  20207e00    00000004     libc.a : boot_cortex_m.c.obj (.stack)
                  20207e04    000001fc     --HOLE--

__llvm_prf_cnts 
*          0    20200000    00000000     UNINITIALIZED

__llvm_prf_bits 
*          0    20200000    00000000     UNINITIALIZED

MODULE SUMMARY

       Module                         code   ro data   rw data
       ------                         ----   -------   -------
    .\
       ECE319K_Lab4Grader.o           2692   1825      72     
       ECE319K_Lab4main.o             556    560       4      
       UARTints.o                     624    0         0      
       Clock.o                        588    0         4      
       Dump.o                         100    0         404    
       FIFO.o                         316    0         96     
       Timer.o                        264    0         0      
       LaunchPad.o                    208    0         0      
       UART.o                         92     0         0      
    +--+------------------------------+------+---------+---------+
       Total:                         5440   2385      580    
                                                              
    .\ticlang\
       startup_mspm0g3507_ticlang.o   60     192       0      
    +--+------------------------------+------+---------+---------+
       Total:                         60     192       0      
                                                              
    C:\ti\ccs2000\ccs\tools\compiler\ti-cgt-armllvm_4.0.1.LTS\lib\armv6m-ti-none-eabi/c/libc.a
       memory.c.obj                   702    0         5      
       _printfi.c.obj                 658    17        0      
       defs.c.obj                     0      0         404    
       fputs.c.obj                    248    0         0      
       setvbuf.c.obj                  224    0         0      
       fflush.c.obj                   178    0         0      
       getdevice.c.obj                160    0         0      
       aeabi_portable.c.obj           82     66        0      
       strcmp-armv6m.S.obj            136    0         0      
       copy_decompress_lzss.c.obj     124    0         0      
       fclose.c.obj                   124    0         0      
       fseek.c.obj                    116    0         0      
       _io_perm.c.obj                 100    0         0      
       sprintf.c.obj                  90     0         0      
       exit.c.obj                     56     0         8      
       autoinit.c.obj                 60     0         0      
       fopen.c.obj                    52     0         0      
       boot_cortex_m.c.obj            40     0         0      
       memccpy.c.obj                  34     0         0      
       assert.c.obj                   24     0         0      
       copy_decompress_none.c.obj     18     0         0      
       memcpy16.S.obj                 18     0         0      
       copy_zero_init.c.obj           16     0         0      
       memset16.S.obj                 14     0         0      
       _lock.c.obj                    2      0         8      
       pre_init.c.obj                 4      0         0      
    +--+------------------------------+------+---------+---------+
       Total:                         3280   83        425    
                                                              
    C:\ti\ccs2000\ccs\tools\compiler\ti-cgt-armllvm_4.0.1.LTS\lib\armv6m-ti-none-eabi/c/libsysbm.a
       trgmsg.c.obj                   104    0         288    
       host_device.c.obj              0      0         200    
       hostrename.c.obj               136    0         0      
       hostlseek.c.obj                108    0         0      
       hostopen.c.obj                 96     0         8      
       hostread.c.obj                 88     0         0      
       hostwrite.c.obj                88     0         0      
       close.c.obj                    80     0         0      
       hostclose.c.obj                72     0         0      
       hostunlink.c.obj               72     0         0      
       unlink.c.obj                   44     0         0      
       lseek.c.obj                    40     0         0      
       write.c.obj                    40     0         0      
       remove.c.obj                   8      0         0      
    +--+------------------------------+------+---------+---------+
       Total:                         976    0         496    
                                                              
    C:\ti\ccs2000\ccs\tools\compiler\ti-cgt-armllvm_4.0.1.LTS\lib\armv6m-ti-none-eabi/libclang_rt.builtins.a
       aeabi_uidivmod.S.obj           64     0         0      
       aeabi_memset.S.obj             26     0         0      
       aeabi_memcpy.S.obj             8      0         0      
       aeabi_div0.c.obj               2      0         0      
    +--+------------------------------+------+---------+---------+
       Total:                         100    0         0      
                                                              
       Heap:                          0      0         512    
       Stack:                         0      0         512    
       Linker Generated:              0      140       0      
    +--+------------------------------+------+---------+---------+
       Grand Total:                   9856   2800      2525   


LINKER GENERATED COPY TABLES

__TI_cinit_table @ 00003174 records: 2, size/record: 8, table size: 16
	.data: load addr=000030f8, load size=00000068 bytes, run addr=202005f0, run size=000001ed bytes, compression=lzss
	.bss: load addr=0000316c, load size=00000008 bytes, run addr=20200000, run size=000003f0 bytes, compression=zero_init


LINKER GENERATED HANDLER TABLE

__TI_handler_table @ 00003160 records: 3, size/record: 4, table size: 12
	index: 0, handler: __TI_decompress_lzss
	index: 1, handler: __TI_decompress_none
	index: 2, handler: __TI_zero_init


GLOBAL SYMBOLS: SORTED ALPHABETICALLY BY Name 

address   name                          
-------   ----                          
00002539  ADC0_IRQHandler               
00002539  ADC1_IRQHandler               
00002539  AES_IRQHandler                
00002139  ActivatePortA_B               
202007b0  BusFreq                       
00002740  C$$EXIT                       
000022a9  C$$IO$$                       
00002539  CANFD0_IRQHandler             
000003dd  CheckInitialization           
0000264d  Clock_Delay                   
00001415  Clock_Freq                    
00000b8d  Clock_Init80MHz               
00002539  DAC0_IRQHandler               
00002539  DMA_IRQHandler                
20200120  DataBuffer                    
202003ac  DebugCnt                      
00001d8d  Debug_Dump                    
000025ed  Debug_Init                    
00002539  Default_Handler               
0000265d  Delay                         
000030bc  EID1                          
000030c4  EID2                          
00002750  FSM                           
00002539  GROUP0_IRQHandler             
00002539  GROUP1_IRQHandler             
000018c9  GetState                      
00002379  Grader_Init                   
00001fa9  HOSTclose                     
00001719  HOSTlseek                     
00001a59  HOSTopen                      
00001c31  HOSTread                      
00001785  HOSTrename                    
00001ff1  HOSTunlink                    
00001c89  HOSTwrite                     
00002555  HardFault_Handler             
00002539  I2C0_IRQHandler               
00002539  I2C1_IRQHandler               
00000675  Lab4Grader                    
202003b0  LastIn                        
202003b4  LastOut                       
202003b8  LastState                     
00001529  LaunchPad_Init                
000026f1  LaunchPad_LED1off             
202003bc  LookingFlag                   
202003c0  LookingFor                    
202003c4  M                             
00002539  NMI_Handler                   
202003c8  NeedState                     
0000266d  OutCRLF                       
00002b88  PatternProblem                
00002fb4  Patterns                      
00002539  PendSV_Handler                
202003cc  Pt                            
00002539  RTC_IRQHandler                
000024d9  Random32                      
000015a5  ReadSensor                    
00001b79  ReadSouth                     
000023a1  ReadWalk                      
00001e2d  ReadWest                      
00002739  Reset_Handler                 
00002601  RxFifo_Init                   
00001e79  RxFifo_Put                    
0000258d  RxFifo_Size                   
202003d0  RxGetI                        
202003d4  RxPutI                        
00002539  SPI0_IRQHandler               
00002539  SPI1_IRQHandler               
00002539  SVC_Handler                   
00002958  SensorProblem                 
00002a98  SouthProblem                  
00002539  SysTick_Handler               
000024f9  SysTick_Init                  
000021e1  SysTick_Wait                  
000023c9  SysTick_Wait10ms              
00002539  TIMA0_IRQHandler              
00002539  TIMA1_IRQHandler              
00002539  TIMG0_IRQHandler              
00002539  TIMG12_IRQHandler             
00002539  TIMG6_IRQHandler              
000000c1  TIMG7_IRQHandler              
00002539  TIMG8_IRQHandler              
00002629  TI_memcpy_small               
000026e3  TI_memset_small               
202007c8  Time                          
202001e8  TimeBuffer                    
00001ab9  TimerG12_Init                 
0000136d  TimerG7_IntArm                
00002519  Traffic_In                    
0000192d  Traffic_Init                  
00000e71  Traffic_Out                   
00001ec5  TxFifo_Get                    
00002615  TxFifo_Init                   
00001f11  TxFifo_Put                    
000025a5  TxFifo_Size                   
202003d8  TxGetI                        
202003dc  TxPutI                        
00001bd5  UART0_IRQHandler              
00002539  UART1_IRQHandler              
00002539  UART2_IRQHandler              
00002539  UART3_IRQHandler              
00000d41  UART_Init                     
0000207d  UART_OutChar                  
00002491  UART_OutString                
000021a9  UART_OutUDec                  
00002d14  WestProblem                   
202003e0  WrongState                    
20200000  _CIOBUF_                      
20200000  __CIOBUF_                     
20208000  __STACK_END                   
00000200  __STACK_SIZE                  
00000200  __SYSMEM_SIZE                 
00000000  __TI_ATRegion0_region_sz      
00000000  __TI_ATRegion0_src_addr       
00000000  __TI_ATRegion0_trg_addr       
00000000  __TI_ATRegion1_region_sz      
00000000  __TI_ATRegion1_src_addr       
00000000  __TI_ATRegion1_trg_addr       
00000000  __TI_ATRegion2_region_sz      
00000000  __TI_ATRegion2_src_addr       
00000000  __TI_ATRegion2_trg_addr       
00003174  __TI_CINIT_Base               
00003184  __TI_CINIT_Limit              
00003184  __TI_CINIT_Warm               
00003160  __TI_Handler_Table_Base       
0000316c  __TI_Handler_Table_Limit      
000020fd  __TI_auto_init_nobinit_nopinit
00002215  __TI_cleanup                  
202007a8  __TI_cleanup_ptr              
00001621  __TI_closefile                
0000169d  __TI_decompress_lzss          
0000263b  __TI_decompress_none          
00001d39  __TI_doflush                  
202007ac  __TI_dtors_ptr                
202007d0  __TI_ft_end                   
ffffffff  __TI_pprof_out_hndl           
00000909  __TI_printfi_minimal          
ffffffff  __TI_prof_data_size           
ffffffff  __TI_prof_data_start          
00002249  __TI_readmsg                  
00000000  __TI_static_base__            
202002b0  __TI_tmpnams                  
0000227d  __TI_writemsg                 
00001991  __TI_wrt_ok                   
0000267d  __TI_zero_init                
00002039  __aeabi_assert                
00001d8b  __aeabi_idiv0                 
000026fd  __aeabi_memclr                
000026fd  __aeabi_memclr4               
000026fd  __aeabi_memclr8               
00002721  __aeabi_memcpy                
00002721  __aeabi_memcpy4               
00002721  __aeabi_memcpy8               
0000269d  __aeabi_memset                
0000269d  __aeabi_memset4               
0000269d  __aeabi_memset8               
000020bd  __aeabi_uidiv                 
000020bd  __aeabi_uidivmod              
ffffffff  __binit__                     
UNDEFED   __mpu_init                    
20207e00  __stack                       
20200000  __start___llvm_prf_bits       
20200000  __start___llvm_prf_cnts       
20200000  __stop___llvm_prf_bits        
20200000  __stop___llvm_prf_cnts        
000025bd  _abort_msg                    
00002469  _c_int00_noargs               
202006e0  _device                       
202005f0  _ftable                       
202007d4  _lock                         
000021df  _nop                          
20200758  _stream                       
202003f0  _sys_memory                   
UNDEFED   _system_post_cinit            
0000273d  _system_pre_init              
202007d8  _unlock                       
00002741  abort                         
00000f99  aligned_alloc                 
ffffffff  binit                         
00001ddd  close                         
000022b1  exit                          
00001b19  fflush                        
000022e5  finddevice                    
000010ad  fputs                         
000011a5  free                          
00002729  fseek                         
000017f1  fseeko                        
0000185d  getdevice                     
202003e4  in                            
00000000  interruptVectors              
00002419  lseek                         
000014a9  main                          
00002709  malloc                        
00000f99  memalign                      
000024b7  memccpy                       
202003e8  out                           
202003a0  parmbuf                       
00002c50  pat                           
00002731  remove                        
00002319  setUpper                      
0000128d  setvbuf                       
00002171  sprintf                       
202003ec  state                         
00001421  strcmp                        
0000234d  unlink                        
00002f98  validPatterns                 
00002441  write                         


GLOBAL SYMBOLS: SORTED BY Symbol Address 

address   name                          
-------   ----                          
00000000  __TI_ATRegion0_region_sz      
00000000  __TI_ATRegion0_src_addr       
00000000  __TI_ATRegion0_trg_addr       
00000000  __TI_ATRegion1_region_sz      
00000000  __TI_ATRegion1_src_addr       
00000000  __TI_ATRegion1_trg_addr       
00000000  __TI_ATRegion2_region_sz      
00000000  __TI_ATRegion2_src_addr       
00000000  __TI_ATRegion2_trg_addr       
00000000  __TI_static_base__            
00000000  interruptVectors              
000000c1  TIMG7_IRQHandler              
00000200  __STACK_SIZE                  
00000200  __SYSMEM_SIZE                 
000003dd  CheckInitialization           
00000675  Lab4Grader                    
00000909  __TI_printfi_minimal          
00000b8d  Clock_Init80MHz               
00000d41  UART_Init                     
00000e71  Traffic_Out                   
00000f99  aligned_alloc                 
00000f99  memalign                      
000010ad  fputs                         
000011a5  free                          
0000128d  setvbuf                       
0000136d  TimerG7_IntArm                
00001415  Clock_Freq                    
00001421  strcmp                        
000014a9  main                          
00001529  LaunchPad_Init                
000015a5  ReadSensor                    
00001621  __TI_closefile                
0000169d  __TI_decompress_lzss          
00001719  HOSTlseek                     
00001785  HOSTrename                    
000017f1  fseeko                        
0000185d  getdevice                     
000018c9  GetState                      
0000192d  Traffic_Init                  
00001991  __TI_wrt_ok                   
00001a59  HOSTopen                      
00001ab9  TimerG12_Init                 
00001b19  fflush                        
00001b79  ReadSouth                     
00001bd5  UART0_IRQHandler              
00001c31  HOSTread                      
00001c89  HOSTwrite                     
00001d39  __TI_doflush                  
00001d8b  __aeabi_idiv0                 
00001d8d  Debug_Dump                    
00001ddd  close                         
00001e2d  ReadWest                      
00001e79  RxFifo_Put                    
00001ec5  TxFifo_Get                    
00001f11  TxFifo_Put                    
00001fa9  HOSTclose                     
00001ff1  HOSTunlink                    
00002039  __aeabi_assert                
0000207d  UART_OutChar                  
000020bd  __aeabi_uidiv                 
000020bd  __aeabi_uidivmod              
000020fd  __TI_auto_init_nobinit_nopinit
00002139  ActivatePortA_B               
00002171  sprintf                       
000021a9  UART_OutUDec                  
000021df  _nop                          
000021e1  SysTick_Wait                  
00002215  __TI_cleanup                  
00002249  __TI_readmsg                  
0000227d  __TI_writemsg                 
000022a9  C$$IO$$                       
000022b1  exit                          
000022e5  finddevice                    
00002319  setUpper                      
0000234d  unlink                        
00002379  Grader_Init                   
000023a1  ReadWalk                      
000023c9  SysTick_Wait10ms              
00002419  lseek                         
00002441  write                         
00002469  _c_int00_noargs               
00002491  UART_OutString                
000024b7  memccpy                       
000024d9  Random32                      
000024f9  SysTick_Init                  
00002519  Traffic_In                    
00002539  ADC0_IRQHandler               
00002539  ADC1_IRQHandler               
00002539  AES_IRQHandler                
00002539  CANFD0_IRQHandler             
00002539  DAC0_IRQHandler               
00002539  DMA_IRQHandler                
00002539  Default_Handler               
00002539  GROUP0_IRQHandler             
00002539  GROUP1_IRQHandler             
00002539  I2C0_IRQHandler               
00002539  I2C1_IRQHandler               
00002539  NMI_Handler                   
00002539  PendSV_Handler                
00002539  RTC_IRQHandler                
00002539  SPI0_IRQHandler               
00002539  SPI1_IRQHandler               
00002539  SVC_Handler                   
00002539  SysTick_Handler               
00002539  TIMA0_IRQHandler              
00002539  TIMA1_IRQHandler              
00002539  TIMG0_IRQHandler              
00002539  TIMG12_IRQHandler             
00002539  TIMG6_IRQHandler              
00002539  TIMG8_IRQHandler              
00002539  UART1_IRQHandler              
00002539  UART2_IRQHandler              
00002539  UART3_IRQHandler              
00002555  HardFault_Handler             
0000258d  RxFifo_Size                   
000025a5  TxFifo_Size                   
000025bd  _abort_msg                    
000025ed  Debug_Init                    
00002601  RxFifo_Init                   
00002615  TxFifo_Init                   
00002629  TI_memcpy_small               
0000263b  __TI_decompress_none          
0000264d  Clock_Delay                   
0000265d  Delay                         
0000266d  OutCRLF                       
0000267d  __TI_zero_init                
0000269d  __aeabi_memset                
0000269d  __aeabi_memset4               
0000269d  __aeabi_memset8               
000026e3  TI_memset_small               
000026f1  LaunchPad_LED1off             
000026fd  __aeabi_memclr                
000026fd  __aeabi_memclr4               
000026fd  __aeabi_memclr8               
00002709  malloc                        
00002721  __aeabi_memcpy                
00002721  __aeabi_memcpy4               
00002721  __aeabi_memcpy8               
00002729  fseek                         
00002731  remove                        
00002739  Reset_Handler                 
0000273d  _system_pre_init              
00002740  C$$EXIT                       
00002741  abort                         
00002750  FSM                           
00002958  SensorProblem                 
00002a98  SouthProblem                  
00002b88  PatternProblem                
00002c50  pat                           
00002d14  WestProblem                   
00002f98  validPatterns                 
00002fb4  Patterns                      
000030bc  EID1                          
000030c4  EID2                          
00003160  __TI_Handler_Table_Base       
0000316c  __TI_Handler_Table_Limit      
00003174  __TI_CINIT_Base               
00003184  __TI_CINIT_Limit              
00003184  __TI_CINIT_Warm               
20200000  _CIOBUF_                      
20200000  __CIOBUF_                     
20200000  __start___llvm_prf_bits       
20200000  __start___llvm_prf_cnts       
20200000  __stop___llvm_prf_bits        
20200000  __stop___llvm_prf_cnts        
20200120  DataBuffer                    
202001e8  TimeBuffer                    
202002b0  __TI_tmpnams                  
202003a0  parmbuf                       
202003ac  DebugCnt                      
202003b0  LastIn                        
202003b4  LastOut                       
202003b8  LastState                     
202003bc  LookingFlag                   
202003c0  LookingFor                    
202003c4  M                             
202003c8  NeedState                     
202003cc  Pt                            
202003d0  RxGetI                        
202003d4  RxPutI                        
202003d8  TxGetI                        
202003dc  TxPutI                        
202003e0  WrongState                    
202003e4  in                            
202003e8  out                           
202003ec  state                         
202003f0  _sys_memory                   
202005f0  _ftable                       
202006e0  _device                       
20200758  _stream                       
202007a8  __TI_cleanup_ptr              
202007ac  __TI_dtors_ptr                
202007b0  BusFreq                       
202007c8  Time                          
202007d0  __TI_ft_end                   
202007d4  _lock                         
202007d8  _unlock                       
20207e00  __stack                       
20208000  __STACK_END                   
ffffffff  __TI_pprof_out_hndl           
ffffffff  __TI_prof_data_size           
ffffffff  __TI_prof_data_start          
ffffffff  __binit__                     
ffffffff  binit                         
UNDEFED   __mpu_init                    
UNDEFED   _system_post_cinit            

[206 symbols]
