******************************************************************************
            TI ARM Clang Linker PC v4.0.1                      
******************************************************************************
>> Linked Thu Apr 24 11:03:14 2025

OUTPUT FILE NAME:   <ECE319K_Lab9H.out>
ENTRY POINT SYMBOL: "_c_int00_noargs"  address: 0001d055


MEMORY CONFIGURATION

         name            origin    length      used     unused   attr    fill
----------------------  --------  ---------  --------  --------  ----  --------
  FLASH                 00000000   00020000  0001d530  00002ad0  R  X
  SRAM                  20200000   00008000  000008b1  0000774f  RW X
  BCR_CONFIG            41c00000   00000080  00000000  00000080  R   
  BSL_CONFIG            41c00100   00000080  00000000  00000080  R   


SEGMENT ALLOCATION MAP

run origin  load origin   length   init length attrs members
----------  ----------- ---------- ----------- ----- -------
00000000    00000000    0001d530   0001d530    r-x
  00000000    00000000    000000c0   000000c0    r-- .intvecs
  000000c0    000000c0    00019b90   00019b90    r-- .rodata
  00019c50    00019c50    00003820   00003820    r-x .text
  0001d470    0001d470    00000008   00000008    r-- .init_array
  0001d478    0001d478    000000b8   000000b8    r-- .cinit
20200000    20200000    000006b8   00000000    rw-
  20200000    20200000    000002b9   00000000    rw- .data
  202002c0    202002c0    00000200   00000000    rw- .sysmem
  202004c0    202004c0    000001f8   00000000    rw- .bss
20207e00    20207e00    00000200   00000000    rw-
  20207e00    20207e00    00000200   00000000    rw- .stack


SECTION ALLOCATION MAP

 output                                  attributes/
section   page    origin      length       input sections
--------  ----  ----------  ----------   ----------------
.intvecs   0    00000000    000000c0     
                  00000000    000000c0     startup_mspm0g3507_ticlang.o (.intvecs)

.binit     0    00000000    00000000     

.text      0    00019c50    00003820     
                  00019c50    00000454     Lab9HMain.o (.text.TIMG12_IRQHandler)
                  0001a0a4    000003d4     Lab9HMain.o (.text.main)
                  0001a478    00000210     ST7735.o (.text._Z17ST7735_DrawBitmapssPKtss)
                  0001a688    000001b4     Clock.o (.text._Z15Clock_Init80MHzi)
                  0001a83c    000001a0     ST7735.o (.text._Z16ST7735_DrawCharSsscssh)
                  0001a9dc    00000154     libc.a : fopen.c.obj (.text._openfile)
                  0001ab30    00000128     TExaS.o (.text._Z8ADC_InitP10ADC12_Regsjj)
                  0001ac58    00000118     ST7735.o (.text._Z15ST7735_FillRectsssst)
                  0001ad70    00000114     libc.a : memory.c.obj (.text.aligned_alloc)
                  0001ae84    000000f8     SPI.o (.text._Z8SPI_Initv)
                  0001af7c    000000f4     ST7735.o (.text._Z18ST7735_SetRotationh)
                  0001b070    000000ec     libsysbm.a : add_device.c.obj (.text.add_device)
                  0001b15c    000000e8     TExaS.o (.text._Z9UART_Initv)
                  0001b244    000000e8     libc.a : memory.c.obj (.text.free)
                  0001b32c    000000e0            : setvbuf.c.obj (.text.setvbuf)
                  0001b40c    000000d8     libclang_rt.builtins.a : addsf3.S.obj (.text)
                  0001b4e4    000000d0     ST7735.o (.text._Z14ST7735_OutCharc)
                  0001b5b4    000000a8     Timer.o (.text._Z14TimerG7_IntArmtjj)
                  0001b65c    000000a8     I2C.o (.text._Z9I2C_Send2ahh)
                  0001b704    000000a4     I2C.o (.text._Z10IMU_Z_Axisa)
                  0001b7a8    000000a2     ST7735.o (.text._ZL11commandListPKh)
                  0001b84a    00000002     Sound.o (.text._Z13Sound_Powerupv)
                  0001b84c    000000a0     libsysbm.a : open.c.obj (.text.open)
                  0001b8ec    0000009c     ST7735.o (.text._Z17ST7735_InitPrintfv)
                  0001b988    0000009c     I2C.o (.text._Z9I2C_Send1ah)
                  0001ba24    00000098     ST7735.o (.text._Z12ST7735_InitR10initRFlags)
                  0001babc    00000094     Timer.o (.text._Z15TimerG12_IntArmjj)
                  0001bb50    0000008c     libclang_rt.builtins.a : mulsf3.S.obj (.text.__mulsf3)
                  0001bbdc    00000088     Lab9HMain.o (.text._Z16Startup_Sequencev)
                  0001bc64    00000088     ST7735.o (.text._ZL13setAddrWindowhhhh)
                  0001bcec    00000004     libc.a : pre_init.c.obj (.text._system_pre_init)
                  0001bcf0    00000088            : strcmp-armv6m.S.obj (.text:strcmp)
                  0001bd78    00000084     ST7735.o (.text._Z14ST7735_OutUDecj)
                  0001bdfc    00000084     ST7735.o (.text._Z17ST7735_DrawStringttPcs)
                  0001be80    0000007c     LaunchPad.o (.text._Z14LaunchPad_Initv)
                  0001befc    0000007c     SlidePot.o (.text._ZN8SlidePot4InitEv)
                  0001bf78    0000007c     libc.a : fclose.c.obj (.text.__TI_closefile)
                  0001bff4    0000007c            : copy_decompress_lzss.c.obj (.text:decompress:lzss)
                  0001c070    00000078     I2C.o (.text._Z8I2C_Initv)
                  0001c0e8    00000074     Sprite.o (.text._Z14checkCollisionPK8sprite_tS1_)
                  0001c15c    00000074     LED.o (.text._Z8LED_Initv)
                  0001c1d0    00000070     ST7735.o (.text._Z16ST7735_DrawPixelsst)
                  0001c240    0000006c     libsysbm.a : hostlseek.c.obj (.text.HOSTlseek)
                  0001c2ac    0000006c                : hostrename.c.obj (.text.HOSTrename)
                  0001c318    0000006c     libc.a : getdevice.c.obj (.text.getdevice)
                  0001c384    00000064            : memory.c.obj (.text.split)
                  0001c3e8    00000060     libsysbm.a : hostopen.c.obj (.text.HOSTopen)
                  0001c448    00000060     I2C.o (.text._Z9I2C_Recv1a)
                  0001c4a8    0000005c     I2C.o (.text._Z8IMU_Inita)
                  0001c504    00000058     libsysbm.a : hostread.c.obj (.text.HOSTread)
                  0001c55c    00000058                : hostwrite.c.obj (.text.HOSTwrite)
                  0001c5b4    00000058     TExaS.o (.text._Z10TExaS_InitP10ADC12_RegsjPFhvE)
                  0001c60c    00000058     I2C.o (.text._ZL13IC2FillTxFifoPht)
                  0001c664    00000056     libclang_rt.builtins.a : aeabi_idivmod.S.obj (.text.__aeabi_idivmod)
                  0001c6ba    00000002     Sound.o (.text._Z14Sound_OffSidesv)
                  0001c6bc    00000054     ST7735.o (.text._Z11fillmessagej)
                  0001c710    00000054     Sprite.o (.text._Z13sprite_updateP8sprite_tii)
                  0001c764    00000054     libc.a : autoinit.c.obj (.text:__TI_auto_init_nobinit)
                  0001c7b8    00000052            : fflush.c.obj (.text.__TI_doflush)
                  0001c80a    00000002     libclang_rt.builtins.a : aeabi_div0.c.obj (.text.__aeabi_idiv0)
                  0001c80c    00000050     libsysbm.a : close.c.obj (.text.close)
                  0001c85c    0000004c     Lab9HMain.o (.text._Z9SampleIMUv)
                  0001c8a8    00000048     libsysbm.a : hostclose.c.obj (.text.HOSTclose)
                  0001c8f0    00000048                : hostunlink.c.obj (.text.HOSTunlink)
                  0001c938    00000048     Sound.o (.text.SysTick_Handler)
                  0001c980    00000048     SPI.o (.text._Z14SPI_OutCommandc)
                  0001c9c8    00000048     SlidePot.o (.text._ZN8SlidePot2InEv)
                  0001ca10    00000040     TExaS.o (.text.TIMG7_IRQHandler)
                  0001ca50    00000040     Sound.o (.text._Z10Sound_Initv)
                  0001ca90    00000040     Sound.o (.text._Z14SysTick_IntArmjj)
                  0001cad0    00000040     SPI.o (.text._Z9SPI_Resetv)
                  0001cb10    00000040     libclang_rt.builtins.a : aeabi_uidivmod.S.obj (.text.__aeabi_uidivmod)
                  0001cb50    00000040     libc.a : fopen.c.obj (.text._search_fp)
                  0001cb90    0000003c     Sound.o (.text._Z11Sound_StartPKhj)
                  0001cbcc    0000003c     DAC5.o (.text._Z9DAC5_Initv)
                  0001cc08    0000003c     libclang_rt.builtins.a : floatsisf.S.obj (.text.__floatsisf)
                  0001cc44    0000003a                            : muldsi3.S.obj (.text.__muldsi3)
                  0001cc7e    00000002     libc.a : _lock.c.obj (.text._nop)
                  0001cc80    00000038     SPI.o (.text._Z11SPI_OutDatac)
                  0001ccb8    00000038     LaunchPad.o (.text._Z15ActivatePortA_Bv)
                  0001ccf0    00000038     libclang_rt.builtins.a : fixsfsi.S.obj (.text.__fixsfsi)
                  0001cd28    00000034     ST7735.o (.text._Z12ST7735_writeiPKcj)
                  0001cd5c    00000034     Clock.o (.text._Z14Clock_Delay1msj)
                  0001cd90    00000034     ST7735.o (.text._Z16ST7735_SetCursorjj)
                  0001cdc4    00000034     libc.a : fopen.c.obj (.text.__TI_cleanup)
                  0001cdf8    00000034     libsysbm.a : trgmsg.c.obj (.text.__TI_readmsg)
                  0001ce2c    00000034                : trgmsg.c.obj (.text.__TI_writemsg)
                  0001ce60    00000034     libc.a : exit.c.obj (.text.exit)
                  0001ce94    00000034            : getdevice.c.obj (.text.finddevice)
                  0001cec8    00000034            : fopen.c.obj (.text.freopen)
                  0001cefc    00000030     ST7735.o (.text._ZL10commonInitPKh)
                  0001cf2c    00000030     libc.a : fopen.c.obj (.text.fopen)
                  0001cf5c    0000002c     ST7735.o (.text._Z17ST7735_FillScreent)
                  0001cf88    0000002c     libsysbm.a : unlink.c.obj (.text.unlink)
                  0001cfb4    00000028     Switch.o (.text._Z11Switch_Initv)
                  0001cfdc    00000028     TExaS.o (.text._Z9ADC_StartP10ADC12_Regs)
                  0001d004    00000028     libc.a : memory.c.obj (.text.free_list_insert)
                  0001d02c    00000028     libsysbm.a : write.c.obj (.text.write)
                  0001d054    00000028     libc.a : boot_cortex_m.c.obj (.text:_c_int00_noargs)
                  0001d07c    00000026     ST7735.o (.text._Z16ST7735_OutStringPc)
                  0001d0a2    00000026     Sprite.o (.text._Z9create_opP8sprite_t)
                  0001d0c8    00000024     Motor.o (.text._Z10Motor_Initv)
                  0001d0ec    00000024     Sprite.o (.text._Z11sprite_drawPK8sprite_t)
                  0001d110    00000024     SlidePot.o (.text._ZN8SlidePotC2Ejj)
                  0001d134    00000020     DAC5.o (.text._Z8DAC5_Outj)
                  0001d154    00000020     Sprite.o (.text._ZL8Random32v)
                  0001d174    0000001e     ST7735.o (.text._ZL9pushColort)
                  0001d192    00000002     --HOLE-- [fill = 0]
                  0001d194    0000001c     startup_mspm0g3507_ticlang.o (.text.Default_Handler)
                  0001d1b0    0000001c     startup_mspm0g3507_ticlang.o (.text.HardFault_Handler)
                  0001d1cc    0000001c     Switch.o (.text._Z9Switch_Inv)
                  0001d1e8    0000001c     libc.a : memory.c.obj (.text.free_list_remove)
                  0001d204    00000018     Lab9HMain.o (.text._GLOBAL__sub_I_Lab9HMain.cpp)
                  0001d21c    00000018     Sprite.o (.text._Z13move_opponentP8sprite_t)
                  0001d234    00000018     Sprite.o (.text._ZL6Randomj)
                  0001d24c    00000016     ST7735.o (.text._Z11ST7735_openPKcji)
                  0001d262    00000016     ST7735.o (.text._Z11ST7735_readiPcj)
                  0001d278    00000016     libc.a : copy_zero_init.c.obj (.text:decompress:ZI:__TI_zero_init_nomemset)
                  0001d28e    00000002     --HOLE-- [fill = 0]
                  0001d290    00000014     Sound.o (.text._Z11Sound_Crashv)
                  0001d2a4    00000014     Sound.o (.text._Z16Sound_usePowerupv)
                  0001d2b8    00000014     ST7735.o (.text._Z19ST7735_SetTextColort)
                  0001d2cc    00000014     LED.o (.text._Z6LED_Onj)
                  0001d2e0    00000014     LED.o (.text._Z7LED_Offj)
                  0001d2f4    00000014     Lab9HMain.o (.text.__cxx_global_var_init.4)
                  0001d308    00000012     libc.a : memcpy16.S.obj (.text:TI_memcpy_small)
                  0001d31a    00000012            : copy_decompress_none.c.obj (.text:decompress:none)
                  0001d32c    00000010     Clock.o (.text._Z11Clock_Delayj)
                  0001d33c    00000010     Lab9HMain.o (.text._Z28TExaS_LaunchPadLogicPB27PB26v)
                  0001d34c    00000010     Lab9HMain.o (.text.__cxx_global_var_init.1)
                  0001d35c    00000010     Lab9HMain.o (.text.__cxx_global_var_init.2)
                  0001d36c    00000010     Lab9HMain.o (.text.__cxx_global_var_init.3)
                  0001d37c    00000010     Lab9HMain.o (.text.__cxx_global_var_init)
                  0001d38c    0000000e     libc.a : memory.c.obj (.text.OUTLINED_FUNCTION_0)
                  0001d39a    0000000e     ST7735.o (.text._Z12ST7735_lseekili)
                  0001d3a8    0000000e     Lab9HMain.o (.text._ZN8sprite_tC2Ev)
                  0001d3b6    0000000e     libsysbm.a : hostrename.c.obj (.text.strcpy)
                  0001d3c4    0000000e                : hostrename.c.obj (.text.strlen)
                  0001d3d2    0000000e     libc.a : memset16.S.obj (.text:TI_memset_small)
                  0001d3e0    0000000c     Clock.o (.text._Z10Clock_Freqv)
                  0001d3ec    0000000c     ST7735.o (.text._Z13ST7735_renamePKcS0_)
                  0001d3f8    0000000c     Motor.o (.text._Z8Motor_Onv)
                  0001d404    0000000c     Lab9HMain.o (.text._Z8ResetIMUv)
                  0001d410    0000000c     Motor.o (.text._Z9Motor_Offv)
                  0001d41c    0000000c     libclang_rt.builtins.a : aeabi_memset.S.obj (.text.__aeabi_memclr)
                  0001d428    0000000c     libc.a : memory.c.obj (.text.malloc)
                  0001d434    0000000a     ST7735.o (.text._Z12ST7735_closei)
                  0001d43e    0000000a     ST7735.o (.text._Z13ST7735_unlinkPKc)
                  0001d448    0000000a     Lab9HMain.o (.text._Z8PLL_Initv)
                  0001d452    00000002     --HOLE-- [fill = 0]
                  0001d454    00000008     libclang_rt.builtins.a : aeabi_memcpy.S.obj (.text.__aeabi_memcpy)
                  0001d45c    00000008     libsysbm.a : remove.c.obj (.text.remove)
                  0001d464    00000004     startup_mspm0g3507_ticlang.o (.text.Reset_Handler)
                  0001d468    00000004     libc.a : exit.c.obj (.text:abort)
                  0001d46c    00000004     --HOLE-- [fill = 0]

.cinit     0    0001d478    000000b8     
                  0001d478    00000092     (.cinit..data.load) [load image, compression = lzss]
                  0001d50a    00000002     --HOLE-- [fill = 0]
                  0001d50c    0000000c     (__TI_handler_table)
                  0001d518    00000008     (.cinit..bss.load) [load image, compression = zero_init]
                  0001d520    00000010     (__TI_cinit_table)

.rodata    0    000000c0    00019b90     
                  000000c0    0000a000     Lab9HMain.o (.rodata._ZL14languageselect)
                  0000a0c0    0000a000     Lab9HMain.o (.rodata._ZL5track)
                  000140c0    0000339c     Sound.o (.rodata._ZL10usepowerup)
                  0001745c    00001926     Sound.o (.rodata._ZL10crashsound)
                  00018d82    000004fb     ST7735.o (.rodata._ZL4Font)
                  0001927d    00000001     --HOLE-- [fill = 0]
                  0001927e    00000226     Lab9HMain.o (.rodata._ZL6redcar)
                  000194a4    00000226     Lab9HMain.o (.rodata._ZL7bluecar)
                  000196ca    00000226     Lab9HMain.o (.rodata._ZL9orangecar)
                  000198f0    000001e0     Lab9HMain.o (.rodata._ZL7powerup)
                  00019ad0    0000003b     ST7735.o (.rodata._ZL5Rcmd1)
                  00019b0b    0000002b     ST7735.o (.rodata._ZL5Rcmd3)
                  00019b36    00000016     ST7735.o (.rodata.str1.27654776648402594051)
                  00019b4c    00000015     Lab9HMain.o (.rodata.str1.11344128452655267101)
                  00019b61    00000015     Lab9HMain.o (.rodata.str1.8734979013979085121)
                  00019b76    00000014     Lab9HMain.o (.rodata.str1.89800876338655967931)
                  00019b8a    00000013     Lab9HMain.o (.rodata.str1.150864919958333191721)
                  00019b9d    00000012     Lab9HMain.o (.rodata.str1.64434510243936695551)
                  00019baf    00000011     Lab9HMain.o (.rodata.str1.1045638472106105921)
                  00019bc0    00000011     Lab9HMain.o (.rodata.str1.109436695696880395661)
                  00019bd1    00000010     Lab9HMain.o (.rodata._ZL16Gameover_Spanish)
                  00019be1    0000000d     ST7735.o (.rodata._ZL10Rcmd2green)
                  00019bee    0000000d     ST7735.o (.rodata._ZL8Rcmd2red)
                  00019bfb    0000000a     Lab9HMain.o (.rodata._ZL13Score_Spanish)
                  00019c05    0000000a     Lab9HMain.o (.rodata._ZL16Gameover_English)
                  00019c0f    00000008     Lab9HMain.o (.rodata._ZL13Score_English)
                  00019c17    00000008     Lab9HMain.o (.rodata._ZL16Language_English)
                  00019c1f    00000008     Lab9HMain.o (.rodata._ZL16Language_Spanish)
                  00019c27    00000008     ST7735.o (.rodata.str1.30631301022142394341)
                  00019c2f    00000007     Lab9HMain.o (.rodata.str1.15360766164854299121)
                  00019c36    00000007     ST7735.o (.rodata.str1.38774966589181490291)
                  00019c3d    00000007     ST7735.o (.rodata.str1.50838542173561510481)
                  00019c44    00000007     Lab9HMain.o (.rodata.str1.77946550721901366211)
                  00019c4b    00000002     ST7735.o (.rodata.str1.6156647961437236381)
                  00019c4d    00000003     --HOLE-- [fill = 0]

.init_array 
*          0    0001d470    00000008     
                  0001d470    00000004     Lab9HMain.o (.init_array)
                  0001d474    00000004     --HOLE-- [fill = 0]

.data      0    20200000    000002b9     UNINITIALIZED
                  20200000    000000f0     libc.a : defs.c.obj (.data._ftable)
                  202000f0    00000078     libsysbm.a : host_device.c.obj (.data._device)
                  20200168    00000050                : host_device.c.obj (.data._stream)
                  202001b8    00000020     Lab9HMain.o (.data.bolt)
                  202001d8    00000020     Lab9HMain.o (.data.othercar1)
                  202001f8    00000020     Lab9HMain.o (.data.othercar2)
                  20200218    00000020     Lab9HMain.o (.data.usercar)
                  20200238    00000018     Lab9HMain.o (.data.Phrases)
                  20200250    00000014     Lab9HMain.o (.data.Sensor)
                  20200264    00000008     libc.a : exit.c.obj (.data..L_MergedGlobals)
                  2020026c    00000004     Clock.o (.data.BusFreq)
                  20200270    00000004     Sprite.o (.data.M)
                  20200274    00000004     ST7735.o (.data.StX)
                  20200278    00000004     ST7735.o (.data.StY)
                  2020027c    00000004     Sound.o (.data._ZL10soundCount)
                  20200280    00000004     Sound.o (.data._ZL10soundIndex)
                  20200284    00000004     Sound.o (.data._ZL6period)
                  20200288    00000004     Sound.o (.data._ZL8soundPtr)
                  2020028c    00000004     libc.a : defs.c.obj (.data.__TI_ft_end)
                  20200290    00000004            : _lock.c.obj (.data._lock)
                  20200294    00000004            : _lock.c.obj (.data._unlock)
                  20200298    00000004     Lab9HMain.o (.data.computed_angle)
                  2020029c    00000004     Lab9HMain.o (.data.currentAngle)
                  202002a0    00000004     Lab9HMain.o (.data.dt)
                  202002a4    00000004     Lab9HMain.o (.data.scorecounter)
                  202002a8    00000002     ST7735.o (.data.StTextColor)
                  202002aa    00000002     ST7735.o (.data._ZL6_width)
                  202002ac    00000002     ST7735.o (.data._ZL7_height)
                  202002ae    00000002     Lab9HMain.o (.data.angular_velocity)
                  202002b0    00000001     libsysbm.a : add_device.c.obj (.data.add_device.device_init)
                  202002b1    00000001     Lab9HMain.o (.data.hasCollided)
                  202002b2    00000001     Lab9HMain.o (.data.hasPowerup)
                  202002b3    00000001     Lab9HMain.o (.data.lives)
                  202002b4    00000001     libc.a : memory.c.obj (.data.memory_is_initialized)
                  202002b5    00000001     Lab9HMain.o (.data.powerup_counter)
                  202002b6    00000001     Lab9HMain.o (.data.powerup_used)
                  202002b7    00000001     --HOLE--
                  202002b8    00000001     libsysbm.a : open.c.obj (.data.open.stream_init)

.sysmem    0    202002c0    00000200     UNINITIALIZED
                  202002c0    00000010     libc.a : memory.c.obj (.sysmem)
                  202002d0    000001f0     --HOLE--

.bss       0    202004c0    000001f8     UNINITIALIZED
                  202004c0    00000120     libsysbm.a : trgmsg.c.obj (.bss:_CIOBUF_)
                  202005e0    000000a0     libc.a : defs.c.obj (.bss.__TI_tmpnams)
                  20200680    0000000c     ST7735.o (.bss.Message)
                  2020068c    00000008     libsysbm.a : hostopen.c.obj (.bss.parmbuf)
                  20200694    00000004     I2C.o (.bss.I2C_error)
                  20200698    00000004     ST7735.o (.bss.Messageindex)
                  2020069c    00000004     TExaS.o (.bss.TExaSLogic)
                  202006a0    00000004     TExaS.o (.bss.TExaSadc)
                  202006a4    00000004     SlidePot.o (.bss.k1)
                  202006a8    00000004     SlidePot.o (.bss.k2)
                  202006ac    00000004     Lab9HMain.o (.bss.now)
                  202006b0    00000004     libc.a : memory.c.obj (.bss.sys_free)
                  202006b4    00000001     ST7735.o (.bss._ZL8ColStart)
                  202006b5    00000001     ST7735.o (.bss._ZL8Rotation)
                  202006b6    00000001     ST7735.o (.bss._ZL8RowStart)
                  202006b7    00000001     ST7735.o (.bss._ZL8TabColor)

.stack     0    20207e00    00000200     UNINITIALIZED
                  20207e00    00000004     libc.a : boot_cortex_m.c.obj (.stack)
                  20207e04    000001fc     --HOLE--

__llvm_prf_cnts 
*          0    20200000    00000000     UNINITIALIZED

__llvm_prf_bits 
*          0    20200000    00000000     UNINITIALIZED

MODULE SUMMARY

       Module                         code    ro data   rw data
       ------                         ----    -------   -------
    .\
       Lab9HMain.o                    2460    84261     199    
       Sound.o                        304     19650     16     
       ST7735.o                       3116    1449      34     
       I2C.o                          884     0         4      
       TExaS.o                        720     0         8      
       Clock.o                        516     0         4      
       SPI.o                          440     0         0      
       Sprite.o                       354     0         4      
       Timer.o                        316     0         0      
       SlidePot.o                     232     0         8      
       LaunchPad.o                    180     0         0      
       LED.o                          156     0         0      
       DAC5.o                         92      0         0      
       Switch.o                       68      0         0      
       Motor.o                        60      0         0      
    +--+------------------------------+-------+---------+---------+
       Total:                         9898    105360    277    
                                                               
    .\ticlang\
       startup_mspm0g3507_ticlang.o   60      192       0      
    +--+------------------------------+-------+---------+---------+
       Total:                         60      192       0      
                                                               
    C:\ti\ccs2000\ccs\tools\compiler\ti-cgt-armllvm_4.0.1.LTS\lib\armv6m-ti-none-eabi/c/libc.a
       memory.c.obj                   702     0         5      
       fopen.c.obj                    556     0         0      
       defs.c.obj                     0       0         404    
       setvbuf.c.obj                  224     0         0      
       getdevice.c.obj                160     0         0      
       strcmp-armv6m.S.obj            136     0         0      
       copy_decompress_lzss.c.obj     124     0         0      
       fclose.c.obj                   124     0         0      
       autoinit.c.obj                 84      0         0      
       fflush.c.obj                   82      0         0      
       exit.c.obj                     56      0         8      
       boot_cortex_m.c.obj            40      0         0      
       copy_zero_init.c.obj           22      0         0      
       copy_decompress_none.c.obj     18      0         0      
       memcpy16.S.obj                 18      0         0      
       memset16.S.obj                 14      0         0      
       _lock.c.obj                    2       0         8      
       pre_init.c.obj                 4       0         0      
    +--+------------------------------+-------+---------+---------+
       Total:                         2366    0         425    
                                                               
    C:\ti\ccs2000\ccs\tools\compiler\ti-cgt-armllvm_4.0.1.LTS\lib\armv6m-ti-none-eabi/c/libsysbm.a
       trgmsg.c.obj                   104     0         288    
       add_device.c.obj               236     0         1      
       host_device.c.obj              0       0         200    
       open.c.obj                     160     0         1      
       hostrename.c.obj               136     0         0      
       hostlseek.c.obj                108     0         0      
       hostopen.c.obj                 96      0         8      
       hostread.c.obj                 88      0         0      
       hostwrite.c.obj                88      0         0      
       close.c.obj                    80      0         0      
       hostclose.c.obj                72      0         0      
       hostunlink.c.obj               72      0         0      
       unlink.c.obj                   44      0         0      
       write.c.obj                    40      0         0      
       remove.c.obj                   8       0         0      
    +--+------------------------------+-------+---------+---------+
       Total:                         1332    0         498    
                                                               
    C:\ti\ccs2000\ccs\tools\compiler\ti-cgt-armllvm_4.0.1.LTS\lib\armv6m-ti-none-eabi/libclang_rt.builtins.a
       addsf3.S.obj                   216     0         0      
       mulsf3.S.obj                   140     0         0      
       aeabi_idivmod.S.obj            86      0         0      
       aeabi_uidivmod.S.obj           64      0         0      
       floatsisf.S.obj                60      0         0      
       muldsi3.S.obj                  58      0         0      
       fixsfsi.S.obj                  56      0         0      
       aeabi_memset.S.obj             12      0         0      
       aeabi_memcpy.S.obj             8       0         0      
       aeabi_div0.c.obj               2       0         0      
    +--+------------------------------+-------+---------+---------+
       Total:                         702     0         0      
                                                               
       Heap:                          0       0         512    
       Stack:                         0       0         512    
       Linker Generated:              0       182       0      
    +--+------------------------------+-------+---------+---------+
       Grand Total:                   14358   105734    2224   


LINKER GENERATED COPY TABLES

__TI_cinit_table @ 0001d520 records: 2, size/record: 8, table size: 16
	.data: load addr=0001d478, load size=00000092 bytes, run addr=20200000, run size=000002b9 bytes, compression=lzss
	.bss: load addr=0001d518, load size=00000008 bytes, run addr=202004c0, run size=000001f8 bytes, compression=zero_init


LINKER GENERATED HANDLER TABLE

__TI_handler_table @ 0001d50c records: 3, size/record: 4, table size: 12
	index: 0, handler: __TI_decompress_lzss
	index: 1, handler: __TI_decompress_none
	index: 2, handler: __TI_zero_init


GLOBAL SYMBOLS: SORTED ALPHABETICALLY BY Name 

address   name                             
-------   ----                             
0001d195  ADC0_IRQHandler                  
0001d195  ADC1_IRQHandler                  
0001d195  AES_IRQHandler                   
2020026c  BusFreq                          
0001d468  C$$EXIT                          
0001ce59  C$$IO$$                          
0001d195  CANFD0_IRQHandler                
0001d195  DAC0_IRQHandler                  
0001d195  DMA_IRQHandler                   
0001d195  Default_Handler                  
0001d195  GROUP0_IRQHandler                
0001d195  GROUP1_IRQHandler                
0001c8a9  HOSTclose                        
0001c241  HOSTlseek                        
0001c3e9  HOSTopen                         
0001c505  HOSTread                         
0001c2ad  HOSTrename                       
0001c8f1  HOSTunlink                       
0001c55d  HOSTwrite                        
0001d1b1  HardFault_Handler                
0001d195  I2C0_IRQHandler                  
0001d195  I2C1_IRQHandler                  
20200694  I2C_error                        
20200270  M                                
20200680  Message                          
20200698  Messageindex                     
0001d195  NMI_Handler                      
0001d195  PendSV_Handler                   
20200238  Phrases                          
0001d195  RTC_IRQHandler                   
0001d465  Reset_Handler                    
0001d470  SHT$$INIT_ARRAY$$Base            
0001d474  SHT$$INIT_ARRAY$$Limit           
0001d195  SPI0_IRQHandler                  
0001d195  SPI1_IRQHandler                  
0001d195  SVC_Handler                      
20200250  Sensor                           
202002a8  StTextColor                      
20200274  StX                              
20200278  StY                              
0001c939  SysTick_Handler                  
2020069c  TExaSLogic                       
202006a0  TExaSadc                         
0001d195  TIMA0_IRQHandler                 
0001d195  TIMA1_IRQHandler                 
0001d195  TIMG0_IRQHandler                 
00019c51  TIMG12_IRQHandler                
0001d195  TIMG6_IRQHandler                 
0001ca11  TIMG7_IRQHandler                 
0001d195  TIMG8_IRQHandler                 
0001d309  TI_memcpy_small                  
0001d3d3  TI_memset_small                  
0001d195  UART0_IRQHandler                 
0001d195  UART1_IRQHandler                 
0001d195  UART2_IRQHandler                 
0001d195  UART3_IRQHandler                 
202004c0  _CIOBUF_                         
0001d3e1  _Z10Clock_Freqv                  
0001b705  _Z10IMU_Z_Axisa                  
0001d0c9  _Z10Motor_Initv                  
0001ca51  _Z10Sound_Initv                  
0001c5b5  _Z10TExaS_InitP10ADC12_RegsjPFhvE
0001d32d  _Z11Clock_Delayj                 
0001cc81  _Z11SPI_OutDatac                 
0001d24d  _Z11ST7735_openPKcji             
0001d263  _Z11ST7735_readiPcj              
0001d291  _Z11Sound_Crashv                 
0001cb91  _Z11Sound_StartPKhj              
0001cfb5  _Z11Switch_Initv                 
0001c6bd  _Z11fillmessagej                 
0001d0ed  _Z11sprite_drawPK8sprite_t       
0001ba25  _Z12ST7735_InitR10initRFlags     
0001d435  _Z12ST7735_closei                
0001d39b  _Z12ST7735_lseekili              
0001cd29  _Z12ST7735_writeiPKcj            
0001d3ed  _Z13ST7735_renamePKcS0_          
0001d43f  _Z13ST7735_unlinkPKc             
0001b84b  _Z13Sound_Powerupv               
0001d21d  _Z13move_opponentP8sprite_t      
0001c711  _Z13sprite_updateP8sprite_tii    
0001cd5d  _Z14Clock_Delay1msj              
0001be81  _Z14LaunchPad_Initv              
0001c981  _Z14SPI_OutCommandc              
0001b4e5  _Z14ST7735_OutCharc              
0001bd79  _Z14ST7735_OutUDecj              
0001c6bb  _Z14Sound_OffSidesv              
0001ca91  _Z14SysTick_IntArmjj             
0001b5b5  _Z14TimerG7_IntArmtjj            
0001c0e9  _Z14checkCollisionPK8sprite_tS1_ 
0001ccb9  _Z15ActivatePortA_Bv             
0001a689  _Z15Clock_Init80MHzi             
0001ac59  _Z15ST7735_FillRectsssst         
0001babd  _Z15TimerG12_IntArmjj            
0001a83d  _Z16ST7735_DrawCharSsscssh       
0001c1d1  _Z16ST7735_DrawPixelsst          
0001d07d  _Z16ST7735_OutStringPc           
0001cd91  _Z16ST7735_SetCursorjj           
0001d2a5  _Z16Sound_usePowerupv            
0001bbdd  _Z16Startup_Sequencev            
0001a479  _Z17ST7735_DrawBitmapssPKtss     
0001bdfd  _Z17ST7735_DrawStringttPcs       
0001cf5d  _Z17ST7735_FillScreent           
0001b8ed  _Z17ST7735_InitPrintfv           
0001af7d  _Z18ST7735_SetRotationh          
0001d2b9  _Z19ST7735_SetTextColort         
0001d33d  _Z28TExaS_LaunchPadLogicPB27PB26v
0001d2cd  _Z6LED_Onj                       
0001d2e1  _Z7LED_Offj                      
0001ab31  _Z8ADC_InitP10ADC12_Regsjj       
0001d135  _Z8DAC5_Outj                     
0001c071  _Z8I2C_Initv                     
0001c4a9  _Z8IMU_Inita                     
0001c15d  _Z8LED_Initv                     
0001d3f9  _Z8Motor_Onv                     
0001d449  _Z8PLL_Initv                     
0001d405  _Z8ResetIMUv                     
0001ae85  _Z8SPI_Initv                     
0001cfdd  _Z9ADC_StartP10ADC12_Regs        
0001cbcd  _Z9DAC5_Initv                    
0001c449  _Z9I2C_Recv1a                    
0001b989  _Z9I2C_Send1ah                   
0001b65d  _Z9I2C_Send2ahh                  
0001d411  _Z9Motor_Offv                    
0001cad1  _Z9SPI_Resetv                    
0001c85d  _Z9SampleIMUv                    
0001d1cd  _Z9Switch_Inv                    
0001b15d  _Z9UART_Initv                    
0001d0a3  _Z9create_opP8sprite_t           
0001c9c9  _ZN8SlidePot2InEv                
0001befd  _ZN8SlidePot4InitEv              
0001d111  _ZN8SlidePotC1Ejj                
0001d111  _ZN8SlidePotC2Ejj                
0001d3a9  _ZN8sprite_tC2Ev                 
202004c0  __CIOBUF_                        
20208000  __STACK_END                      
00000200  __STACK_SIZE                     
00000200  __SYSMEM_SIZE                    
00000000  __TI_ATRegion0_region_sz         
00000000  __TI_ATRegion0_src_addr          
00000000  __TI_ATRegion0_trg_addr          
00000000  __TI_ATRegion1_region_sz         
00000000  __TI_ATRegion1_src_addr          
00000000  __TI_ATRegion1_trg_addr          
00000000  __TI_ATRegion2_region_sz         
00000000  __TI_ATRegion2_src_addr          
00000000  __TI_ATRegion2_trg_addr          
0001d520  __TI_CINIT_Base                  
0001d530  __TI_CINIT_Limit                 
0001d530  __TI_CINIT_Warm                  
0001d50c  __TI_Handler_Table_Base          
0001d518  __TI_Handler_Table_Limit         
0001c765  __TI_auto_init_nobinit           
0001cdc5  __TI_cleanup                     
20200264  __TI_cleanup_ptr                 
0001bf79  __TI_closefile                   
0001bff5  __TI_decompress_lzss             
0001d31b  __TI_decompress_none             
0001c7b9  __TI_doflush                     
20200268  __TI_dtors_ptr                   
2020028c  __TI_ft_end                      
ffffffff  __TI_pprof_out_hndl              
ffffffff  __TI_prof_data_size              
ffffffff  __TI_prof_data_start             
0001cdf9  __TI_readmsg                     
00000000  __TI_static_base__               
202005e0  __TI_tmpnams                     
0001ce2d  __TI_writemsg                    
0001d279  __TI_zero_init_nomemset          
0001b417  __addsf3                         
0001ccf1  __aeabi_f2iz                     
0001b417  __aeabi_fadd                     
0001bb51  __aeabi_fmul                     
0001b40d  __aeabi_fsub                     
0001cc09  __aeabi_i2f                      
0001c665  __aeabi_idiv                     
0001c80b  __aeabi_idiv0                    
0001c665  __aeabi_idivmod                  
0001d41d  __aeabi_memclr                   
0001d41d  __aeabi_memclr4                  
0001d41d  __aeabi_memclr8                  
0001d455  __aeabi_memcpy                   
0001d455  __aeabi_memcpy4                  
0001d455  __aeabi_memcpy8                  
0001cb11  __aeabi_uidiv                    
0001cb11  __aeabi_uidivmod                 
ffffffff  __binit__                        
0001ccf1  __fixsfsi                        
0001cc09  __floatsisf                      
UNDEFED   __mpu_init                       
0001cc45  __muldsi3                        
0001bb51  __mulsf3                         
20207e00  __stack                          
20200000  __start___llvm_prf_bits          
20200000  __start___llvm_prf_cnts          
20200000  __stop___llvm_prf_bits           
20200000  __stop___llvm_prf_cnts           
0001b40d  __subsf3                         
0001d055  _c_int00_noargs                  
202000f0  _device                          
20200000  _ftable                          
20200290  _lock                            
0001cc7f  _nop                             
20200168  _stream                          
202002c0  _sys_memory                      
UNDEFED   _system_post_cinit               
0001bced  _system_pre_init                 
20200294  _unlock                          
0001d469  abort                            
0001b071  add_device                       
0001ad71  aligned_alloc                    
202002ae  angular_velocity                 
ffffffff  binit                            
202001b8  bolt                             
0001c80d  close                            
20200298  computed_angle                   
2020029c  currentAngle                     
202002a0  dt                               
0001ce61  exit                             
0001ce95  finddevice                       
0001cf2d  fopen                            
0001b245  free                             
0001cec9  freopen                          
0001c319  getdevice                        
202002b1  hasCollided                      
202002b2  hasPowerup                       
00000000  interruptVectors                 
202006a4  k1                               
202006a8  k2                               
202002b3  lives                            
0001a0a5  main                             
0001d429  malloc                           
0001ad71  memalign                         
202006ac  now                              
0001b84d  open                             
202001d8  othercar1                        
202001f8  othercar2                        
2020068c  parmbuf                          
202002b5  powerup_counter                  
202002b6  powerup_used                     
0001d45d  remove                           
202002a4  scorecounter                     
0001b32d  setvbuf                          
0001bcf1  strcmp                           
0001cf89  unlink                           
20200218  usercar                          
0001d02d  write                            


GLOBAL SYMBOLS: SORTED BY Symbol Address 

address   name                             
-------   ----                             
00000000  __TI_ATRegion0_region_sz         
00000000  __TI_ATRegion0_src_addr          
00000000  __TI_ATRegion0_trg_addr          
00000000  __TI_ATRegion1_region_sz         
00000000  __TI_ATRegion1_src_addr          
00000000  __TI_ATRegion1_trg_addr          
00000000  __TI_ATRegion2_region_sz         
00000000  __TI_ATRegion2_src_addr          
00000000  __TI_ATRegion2_trg_addr          
00000000  __TI_static_base__               
00000000  interruptVectors                 
00000200  __STACK_SIZE                     
00000200  __SYSMEM_SIZE                    
00019c51  TIMG12_IRQHandler                
0001a0a5  main                             
0001a479  _Z17ST7735_DrawBitmapssPKtss     
0001a689  _Z15Clock_Init80MHzi             
0001a83d  _Z16ST7735_DrawCharSsscssh       
0001ab31  _Z8ADC_InitP10ADC12_Regsjj       
0001ac59  _Z15ST7735_FillRectsssst         
0001ad71  aligned_alloc                    
0001ad71  memalign                         
0001ae85  _Z8SPI_Initv                     
0001af7d  _Z18ST7735_SetRotationh          
0001b071  add_device                       
0001b15d  _Z9UART_Initv                    
0001b245  free                             
0001b32d  setvbuf                          
0001b40d  __aeabi_fsub                     
0001b40d  __subsf3                         
0001b417  __addsf3                         
0001b417  __aeabi_fadd                     
0001b4e5  _Z14ST7735_OutCharc              
0001b5b5  _Z14TimerG7_IntArmtjj            
0001b65d  _Z9I2C_Send2ahh                  
0001b705  _Z10IMU_Z_Axisa                  
0001b84b  _Z13Sound_Powerupv               
0001b84d  open                             
0001b8ed  _Z17ST7735_InitPrintfv           
0001b989  _Z9I2C_Send1ah                   
0001ba25  _Z12ST7735_InitR10initRFlags     
0001babd  _Z15TimerG12_IntArmjj            
0001bb51  __aeabi_fmul                     
0001bb51  __mulsf3                         
0001bbdd  _Z16Startup_Sequencev            
0001bced  _system_pre_init                 
0001bcf1  strcmp                           
0001bd79  _Z14ST7735_OutUDecj              
0001bdfd  _Z17ST7735_DrawStringttPcs       
0001be81  _Z14LaunchPad_Initv              
0001befd  _ZN8SlidePot4InitEv              
0001bf79  __TI_closefile                   
0001bff5  __TI_decompress_lzss             
0001c071  _Z8I2C_Initv                     
0001c0e9  _Z14checkCollisionPK8sprite_tS1_ 
0001c15d  _Z8LED_Initv                     
0001c1d1  _Z16ST7735_DrawPixelsst          
0001c241  HOSTlseek                        
0001c2ad  HOSTrename                       
0001c319  getdevice                        
0001c3e9  HOSTopen                         
0001c449  _Z9I2C_Recv1a                    
0001c4a9  _Z8IMU_Inita                     
0001c505  HOSTread                         
0001c55d  HOSTwrite                        
0001c5b5  _Z10TExaS_InitP10ADC12_RegsjPFhvE
0001c665  __aeabi_idiv                     
0001c665  __aeabi_idivmod                  
0001c6bb  _Z14Sound_OffSidesv              
0001c6bd  _Z11fillmessagej                 
0001c711  _Z13sprite_updateP8sprite_tii    
0001c765  __TI_auto_init_nobinit           
0001c7b9  __TI_doflush                     
0001c80b  __aeabi_idiv0                    
0001c80d  close                            
0001c85d  _Z9SampleIMUv                    
0001c8a9  HOSTclose                        
0001c8f1  HOSTunlink                       
0001c939  SysTick_Handler                  
0001c981  _Z14SPI_OutCommandc              
0001c9c9  _ZN8SlidePot2InEv                
0001ca11  TIMG7_IRQHandler                 
0001ca51  _Z10Sound_Initv                  
0001ca91  _Z14SysTick_IntArmjj             
0001cad1  _Z9SPI_Resetv                    
0001cb11  __aeabi_uidiv                    
0001cb11  __aeabi_uidivmod                 
0001cb91  _Z11Sound_StartPKhj              
0001cbcd  _Z9DAC5_Initv                    
0001cc09  __aeabi_i2f                      
0001cc09  __floatsisf                      
0001cc45  __muldsi3                        
0001cc7f  _nop                             
0001cc81  _Z11SPI_OutDatac                 
0001ccb9  _Z15ActivatePortA_Bv             
0001ccf1  __aeabi_f2iz                     
0001ccf1  __fixsfsi                        
0001cd29  _Z12ST7735_writeiPKcj            
0001cd5d  _Z14Clock_Delay1msj              
0001cd91  _Z16ST7735_SetCursorjj           
0001cdc5  __TI_cleanup                     
0001cdf9  __TI_readmsg                     
0001ce2d  __TI_writemsg                    
0001ce59  C$$IO$$                          
0001ce61  exit                             
0001ce95  finddevice                       
0001cec9  freopen                          
0001cf2d  fopen                            
0001cf5d  _Z17ST7735_FillScreent           
0001cf89  unlink                           
0001cfb5  _Z11Switch_Initv                 
0001cfdd  _Z9ADC_StartP10ADC12_Regs        
0001d02d  write                            
0001d055  _c_int00_noargs                  
0001d07d  _Z16ST7735_OutStringPc           
0001d0a3  _Z9create_opP8sprite_t           
0001d0c9  _Z10Motor_Initv                  
0001d0ed  _Z11sprite_drawPK8sprite_t       
0001d111  _ZN8SlidePotC1Ejj                
0001d111  _ZN8SlidePotC2Ejj                
0001d135  _Z8DAC5_Outj                     
0001d195  ADC0_IRQHandler                  
0001d195  ADC1_IRQHandler                  
0001d195  AES_IRQHandler                   
0001d195  CANFD0_IRQHandler                
0001d195  DAC0_IRQHandler                  
0001d195  DMA_IRQHandler                   
0001d195  Default_Handler                  
0001d195  GROUP0_IRQHandler                
0001d195  GROUP1_IRQHandler                
0001d195  I2C0_IRQHandler                  
0001d195  I2C1_IRQHandler                  
0001d195  NMI_Handler                      
0001d195  PendSV_Handler                   
0001d195  RTC_IRQHandler                   
0001d195  SPI0_IRQHandler                  
0001d195  SPI1_IRQHandler                  
0001d195  SVC_Handler                      
0001d195  TIMA0_IRQHandler                 
0001d195  TIMA1_IRQHandler                 
0001d195  TIMG0_IRQHandler                 
0001d195  TIMG6_IRQHandler                 
0001d195  TIMG8_IRQHandler                 
0001d195  UART0_IRQHandler                 
0001d195  UART1_IRQHandler                 
0001d195  UART2_IRQHandler                 
0001d195  UART3_IRQHandler                 
0001d1b1  HardFault_Handler                
0001d1cd  _Z9Switch_Inv                    
0001d21d  _Z13move_opponentP8sprite_t      
0001d24d  _Z11ST7735_openPKcji             
0001d263  _Z11ST7735_readiPcj              
0001d279  __TI_zero_init_nomemset          
0001d291  _Z11Sound_Crashv                 
0001d2a5  _Z16Sound_usePowerupv            
0001d2b9  _Z19ST7735_SetTextColort         
0001d2cd  _Z6LED_Onj                       
0001d2e1  _Z7LED_Offj                      
0001d309  TI_memcpy_small                  
0001d31b  __TI_decompress_none             
0001d32d  _Z11Clock_Delayj                 
0001d33d  _Z28TExaS_LaunchPadLogicPB27PB26v
0001d39b  _Z12ST7735_lseekili              
0001d3a9  _ZN8sprite_tC2Ev                 
0001d3d3  TI_memset_small                  
0001d3e1  _Z10Clock_Freqv                  
0001d3ed  _Z13ST7735_renamePKcS0_          
0001d3f9  _Z8Motor_Onv                     
0001d405  _Z8ResetIMUv                     
0001d411  _Z9Motor_Offv                    
0001d41d  __aeabi_memclr                   
0001d41d  __aeabi_memclr4                  
0001d41d  __aeabi_memclr8                  
0001d429  malloc                           
0001d435  _Z12ST7735_closei                
0001d43f  _Z13ST7735_unlinkPKc             
0001d449  _Z8PLL_Initv                     
0001d455  __aeabi_memcpy                   
0001d455  __aeabi_memcpy4                  
0001d455  __aeabi_memcpy8                  
0001d45d  remove                           
0001d465  Reset_Handler                    
0001d468  C$$EXIT                          
0001d469  abort                            
0001d470  SHT$$INIT_ARRAY$$Base            
0001d474  SHT$$INIT_ARRAY$$Limit           
0001d50c  __TI_Handler_Table_Base          
0001d518  __TI_Handler_Table_Limit         
0001d520  __TI_CINIT_Base                  
0001d530  __TI_CINIT_Limit                 
0001d530  __TI_CINIT_Warm                  
20200000  __start___llvm_prf_bits          
20200000  __start___llvm_prf_cnts          
20200000  __stop___llvm_prf_bits           
20200000  __stop___llvm_prf_cnts           
20200000  _ftable                          
202000f0  _device                          
20200168  _stream                          
202001b8  bolt                             
202001d8  othercar1                        
202001f8  othercar2                        
20200218  usercar                          
20200238  Phrases                          
20200250  Sensor                           
20200264  __TI_cleanup_ptr                 
20200268  __TI_dtors_ptr                   
2020026c  BusFreq                          
20200270  M                                
20200274  StX                              
20200278  StY                              
2020028c  __TI_ft_end                      
20200290  _lock                            
20200294  _unlock                          
20200298  computed_angle                   
2020029c  currentAngle                     
202002a0  dt                               
202002a4  scorecounter                     
202002a8  StTextColor                      
202002ae  angular_velocity                 
202002b1  hasCollided                      
202002b2  hasPowerup                       
202002b3  lives                            
202002b5  powerup_counter                  
202002b6  powerup_used                     
202002c0  _sys_memory                      
202004c0  _CIOBUF_                         
202004c0  __CIOBUF_                        
202005e0  __TI_tmpnams                     
20200680  Message                          
2020068c  parmbuf                          
20200694  I2C_error                        
20200698  Messageindex                     
2020069c  TExaSLogic                       
202006a0  TExaSadc                         
202006a4  k1                               
202006a8  k2                               
202006ac  now                              
20207e00  __stack                          
20208000  __STACK_END                      
ffffffff  __TI_pprof_out_hndl              
ffffffff  __TI_prof_data_size              
ffffffff  __TI_prof_data_start             
ffffffff  __binit__                        
ffffffff  binit                            
UNDEFED   __mpu_init                       
UNDEFED   _system_post_cinit               

[246 symbols]
