******************************************************************************
            TI ARM Clang Linker PC v4.0.1                      
******************************************************************************
>> Linked Tue Apr 22 15:13:13 2025

OUTPUT FILE NAME:   <ECE319K_Lab9H.out>
ENTRY POINT SYMBOL: "_c_int00_noargs"  address: 000170d5


MEMORY CONFIGURATION

         name            origin    length      used     unused   attr    fill
----------------------  --------  ---------  --------  --------  ----  --------
  FLASH                 00000000   00020000  000172d0  00008d30  R  X
  SRAM                  20200000   00008000  00000438  00007bc8  RW X
  BCR_CONFIG            41c00000   00000080  00000000  00000080  R   
  BSL_CONFIG            41c00100   00000080  00000000  00000080  R   


SEGMENT ALLOCATION MAP

run origin  load origin   length   init length attrs members
----------  ----------- ---------- ----------- ----- -------
00000000    00000000    000172d0   000172d0    r-x
  00000000    00000000    000000c0   000000c0    r-- .intvecs
  000000c0    000000c0    000166c0   000166c0    r-- .rodata
  00016780    00016780    00000b10   00000b10    r-x .text
  00017290    00017290    00000008   00000008    r-- .init_array
  00017298    00017298    00000038   00000038    r-- .cinit
20200000    20200000    00000238   00000000    rw-
  20200000    20200000    00000200   00000000    rw- .sysmem
  20200200    20200200    00000024   00000000    rw- .data
  20200224    20200224    00000014   00000000    rw- .bss
20207e00    20207e00    00000200   00000000    rw-
  20207e00    20207e00    00000200   00000000    rw- .stack


SECTION ALLOCATION MAP

 output                                  attributes/
section   page    origin      length       input sections
--------  ----  ----------  ----------   ----------------
.intvecs   0    00000000    000000c0     
                  00000000    000000c0     startup_mspm0g3507_ticlang.o (.intvecs)

.binit     0    00000000    00000000     

.text      0    00016780    00000b10     
                  00016780    000001b4     Clock.o (.text._Z15Clock_Init80MHzi)
                  00016934    00000128     TExaS.o (.text._Z8ADC_InitP10ADC12_Regsjj)
                  00016a5c    000000e8     TExaS.o (.text._Z9UART_Initv)
                  00016b44    000000a8     Timer.o (.text._Z14TimerG7_IntArmtjj)
                  00016bec    00000096     Lab9HMain.o (.text.main)
                  00016c82    00000002     libclang_rt.builtins.a : aeabi_div0.c.obj (.text.__aeabi_idiv0)
                  00016c84    0000007c     LaunchPad.o (.text._Z14LaunchPad_Initv)
                  00016d00    0000007c     libc.a : copy_decompress_lzss.c.obj (.text:decompress:lzss)
                  00016d7c    00000074     LED.o (.text._Z8LED_Initv)
                  00016df0    00000058     TExaS.o (.text._Z10TExaS_InitP10ADC12_RegsjPFhvE)
                  00016e48    00000054     libc.a : autoinit.c.obj (.text:__TI_auto_init_nobinit)
                  00016e9c    0000004c     Sound.o (.text.SysTick_Handler)
                  00016ee8    0000004c     Sound.o (.text._Z14SysTick_IntArmjj)
                  00016f34    00000040     TExaS.o (.text.TIMG7_IRQHandler)
                  00016f74    00000040     libclang_rt.builtins.a : aeabi_uidivmod.S.obj (.text.__aeabi_uidivmod)
                  00016fb4    0000003c     DAC5.o (.text._Z9DAC5_Initv)
                  00016ff0    00000038     LaunchPad.o (.text._Z15ActivatePortA_Bv)
                  00017028    00000034     Sound.o (.text._Z11Sound_StartPKhj)
                  0001705c    00000028     Lab9HMain.o (.text.TIMG12_IRQHandler)
                  00017084    00000028     Switch.o (.text._Z11Switch_Initv)
                  000170ac    00000028     TExaS.o (.text._Z9ADC_StartP10ADC12_Regs)
                  000170d4    00000028     libc.a : boot_cortex_m.c.obj (.text:_c_int00_noargs)
                  000170fc    00000024     SlidePot.o (.text._ZN8SlidePotC2Ejj)
                  00017120    0000001c     startup_mspm0g3507_ticlang.o (.text.Default_Handler)
                  0001713c    0000001c     startup_mspm0g3507_ticlang.o (.text.HardFault_Handler)
                  00017158    0000001c     DAC5.o (.text._Z8DAC5_Outj)
                  00017174    0000001c     Switch.o (.text._Z9Switch_Inv)
                  00017190    00000018     Sound.o (.text._Z10Sound_Initv)
                  000171a8    00000016     libc.a : copy_zero_init.c.obj (.text:decompress:ZI:__TI_zero_init_nomemset)
                  000171be    00000002     --HOLE-- [fill = 0]
                  000171c0    00000014     Sound.o (.text._Z11Sound_Crashv)
                  000171d4    00000014     Sound.o (.text._Z13Sound_Powerupv)
                  000171e8    00000014     Sound.o (.text._Z14Sound_OffSidesv)
                  000171fc    00000014     Sound.o (.text._Z16Sound_usePowerupv)
                  00017210    00000014     Lab9HMain.o (.text.__cxx_global_var_init)
                  00017224    00000012     libc.a : memcpy16.S.obj (.text:TI_memcpy_small)
                  00017236    00000012            : copy_decompress_none.c.obj (.text:decompress:none)
                  00017248    00000010     Clock.o (.text._Z11Clock_Delayj)
                  00017258    0000000c     Clock.o (.text._Z10Clock_Freqv)
                  00017264    0000000a     Lab9HMain.o (.text._Z8PLL_Initv)
                  0001726e    00000008     Lab9HMain.o (.text._GLOBAL__sub_I_Lab9HMain.cpp)
                  00017276    00000002     --HOLE-- [fill = 0]
                  00017278    00000008     libclang_rt.builtins.a : aeabi_memcpy.S.obj (.text.__aeabi_memcpy)
                  00017280    00000004     startup_mspm0g3507_ticlang.o (.text.Reset_Handler)
                  00017284    00000004     libc.a : pre_init.c.obj (.text._system_pre_init)
                  00017288    00000004            : exit.c.obj (.text:abort)
                  0001728c    00000004     --HOLE-- [fill = 0]

.cinit     0    00017298    00000038     
                  00017298    0000000d     (.cinit..data.load) [load image, compression = lzss]
                  000172a5    00000003     --HOLE-- [fill = 0]
                  000172a8    0000000c     (__TI_handler_table)
                  000172b4    00000008     (.cinit..bss.load) [load image, compression = zero_init]
                  000172bc    00000010     (__TI_cinit_table)
                  000172cc    00000004     --HOLE-- [fill = 0]

.rodata    0    000000c0    000166c0     
                  000000c0    0000965d     Sound.o (.rodata._ZL7powerup)
                  0000971d    000083a1     Sound.o (.rodata._ZL8offsides)
                  00011abe    0000339c     Sound.o (.rodata._ZL10usepowerup)
                  00014e5a    00001926     Sound.o (.rodata._ZL10crashsound)

.init_array 
*          0    00017290    00000008     
                  00017290    00000004     Lab9HMain.o (.init_array)
                  00017294    00000004     --HOLE-- [fill = 0]

.sysmem    0    20200000    00000200     UNINITIALIZED
                  20200000    00000010     libc.a : memory.c.obj (.sysmem)
                  20200010    000001f0     --HOLE--

.data      0    20200200    00000024     UNINITIALIZED
                  20200200    00000014     Lab9HMain.o (.data.Sensor)
                  20200214    00000004     Clock.o (.data.BusFreq)
                  20200218    00000004     Sound.o (.data._ZL10soundCount)
                  2020021c    00000004     Sound.o (.data._ZL10soundIndex)
                  20200220    00000004     Sound.o (.data._ZL6period)

.bss       0    20200224    00000014     UNINITIALIZED
                  20200224    00000004     TExaS.o (.bss.TExaSLogic)
                  20200228    00000004     TExaS.o (.bss.TExaSadc)
                  2020022c    00000004     Sound.o (.bss._ZL8soundPtr)
                  20200230    00000004     SlidePot.o (.bss.k1)
                  20200234    00000004     SlidePot.o (.bss.k2)

.stack     0    20207e00    00000200     UNINITIALIZED
                  20207e00    00000004     libc.a : boot_cortex_m.c.obj (.stack)
                  20207e04    000001fc     --HOLE--

__llvm_prf_cnts 
*          0    20200000    00000000     UNINITIALIZED

__llvm_prf_bits 
*          0    20200000    00000000     UNINITIALIZED

MODULE SUMMARY

       Module                         code   ro data   rw data
       ------                         ----   -------   -------
    .\
       Sound.o                        308    91840     16     
       TExaS.o                        720    0         8      
       Clock.o                        464    0         4      
       Lab9HMain.o                    228    4         20     
       LaunchPad.o                    180    0         0      
       Timer.o                        168    0         0      
       LED.o                          116    0         0      
       DAC5.o                         88     0         0      
       Switch.o                       68     0         0      
       SlidePot.o                     36     0         8      
    +--+------------------------------+------+---------+---------+
       Total:                         2376   91844     56     
                                                              
    .\ticlang\
       startup_mspm0g3507_ticlang.o   60     192       0      
    +--+------------------------------+------+---------+---------+
       Total:                         60     192       0      
                                                              
    C:\ti\ccs2000\ccs\tools\compiler\ti-cgt-armllvm_4.0.1.LTS\lib\armv6m-ti-none-eabi/c/libc.a
       copy_decompress_lzss.c.obj     124    0         0      
       autoinit.c.obj                 84     0         0      
       boot_cortex_m.c.obj            40     0         0      
       copy_zero_init.c.obj           22     0         0      
       copy_decompress_none.c.obj     18     0         0      
       memcpy16.S.obj                 18     0         0      
       exit.c.obj                     4      0         0      
       pre_init.c.obj                 4      0         0      
    +--+------------------------------+------+---------+---------+
       Total:                         314    0         0      
                                                              
    C:\ti\ccs2000\ccs\tools\compiler\ti-cgt-armllvm_4.0.1.LTS\lib\armv6m-ti-none-eabi/libclang_rt.builtins.a
       aeabi_uidivmod.S.obj           64     0         0      
       aeabi_memcpy.S.obj             8      0         0      
       aeabi_div0.c.obj               2      0         0      
    +--+------------------------------+------+---------+---------+
       Total:                         74     0         0      
                                                              
       Heap:                          0      0         512    
       Stack:                         0      0         512    
       Linker Generated:              0      49        0      
    +--+------------------------------+------+---------+---------+
       Grand Total:                   2824   92085     1080   


LINKER GENERATED COPY TABLES

__TI_cinit_table @ 000172bc records: 2, size/record: 8, table size: 16
	.data: load addr=00017298, load size=0000000d bytes, run addr=20200200, run size=00000024 bytes, compression=lzss
	.bss: load addr=000172b4, load size=00000008 bytes, run addr=20200224, run size=00000014 bytes, compression=zero_init


LINKER GENERATED HANDLER TABLE

__TI_handler_table @ 000172a8 records: 3, size/record: 4, table size: 12
	index: 0, handler: __TI_decompress_lzss
	index: 1, handler: __TI_decompress_none
	index: 2, handler: __TI_zero_init


GLOBAL SYMBOLS: SORTED ALPHABETICALLY BY Name 

address   name                             
-------   ----                             
00017121  ADC0_IRQHandler                  
00017121  ADC1_IRQHandler                  
00017121  AES_IRQHandler                   
20200214  BusFreq                          
00017288  C$$EXIT                          
00017121  CANFD0_IRQHandler                
00017121  DAC0_IRQHandler                  
00017121  DMA_IRQHandler                   
00017121  Default_Handler                  
00017121  GROUP0_IRQHandler                
00017121  GROUP1_IRQHandler                
0001713d  HardFault_Handler                
00017121  I2C0_IRQHandler                  
00017121  I2C1_IRQHandler                  
00017121  NMI_Handler                      
00017121  PendSV_Handler                   
00017121  RTC_IRQHandler                   
00017281  Reset_Handler                    
00017290  SHT$$INIT_ARRAY$$Base            
00017294  SHT$$INIT_ARRAY$$Limit           
00017121  SPI0_IRQHandler                  
00017121  SPI1_IRQHandler                  
00017121  SVC_Handler                      
20200200  Sensor                           
00016e9d  SysTick_Handler                  
20200224  TExaSLogic                       
20200228  TExaSadc                         
00017121  TIMA0_IRQHandler                 
00017121  TIMA1_IRQHandler                 
00017121  TIMG0_IRQHandler                 
0001705d  TIMG12_IRQHandler                
00017121  TIMG6_IRQHandler                 
00016f35  TIMG7_IRQHandler                 
00017121  TIMG8_IRQHandler                 
00017225  TI_memcpy_small                  
00017121  UART0_IRQHandler                 
00017121  UART1_IRQHandler                 
00017121  UART2_IRQHandler                 
00017121  UART3_IRQHandler                 
00017259  _Z10Clock_Freqv                  
00017191  _Z10Sound_Initv                  
00016df1  _Z10TExaS_InitP10ADC12_RegsjPFhvE
00017249  _Z11Clock_Delayj                 
000171c1  _Z11Sound_Crashv                 
00017029  _Z11Sound_StartPKhj              
00017085  _Z11Switch_Initv                 
000171d5  _Z13Sound_Powerupv               
00016c85  _Z14LaunchPad_Initv              
000171e9  _Z14Sound_OffSidesv              
00016ee9  _Z14SysTick_IntArmjj             
00016b45  _Z14TimerG7_IntArmtjj            
00016ff1  _Z15ActivatePortA_Bv             
00016781  _Z15Clock_Init80MHzi             
000171fd  _Z16Sound_usePowerupv            
00016935  _Z8ADC_InitP10ADC12_Regsjj       
00017159  _Z8DAC5_Outj                     
00016d7d  _Z8LED_Initv                     
00017265  _Z8PLL_Initv                     
000170ad  _Z9ADC_StartP10ADC12_Regs        
00016fb5  _Z9DAC5_Initv                    
00017175  _Z9Switch_Inv                    
00016a5d  _Z9UART_Initv                    
000170fd  _ZN8SlidePotC1Ejj                
000170fd  _ZN8SlidePotC2Ejj                
20208000  __STACK_END                      
00000200  __STACK_SIZE                     
00000200  __SYSMEM_SIZE                    
00000000  __TI_ATRegion0_region_sz         
00000000  __TI_ATRegion0_src_addr          
00000000  __TI_ATRegion0_trg_addr          
00000000  __TI_ATRegion1_region_sz         
00000000  __TI_ATRegion1_src_addr          
00000000  __TI_ATRegion1_trg_addr          
00000000  __TI_ATRegion2_region_sz         
00000000  __TI_ATRegion2_src_addr          
00000000  __TI_ATRegion2_trg_addr          
000172bc  __TI_CINIT_Base                  
000172cc  __TI_CINIT_Limit                 
000172cc  __TI_CINIT_Warm                  
000172a8  __TI_Handler_Table_Base          
000172b4  __TI_Handler_Table_Limit         
00016e49  __TI_auto_init_nobinit           
00016d01  __TI_decompress_lzss             
00017237  __TI_decompress_none             
ffffffff  __TI_pprof_out_hndl              
ffffffff  __TI_prof_data_size              
ffffffff  __TI_prof_data_start             
00000000  __TI_static_base__               
000171a9  __TI_zero_init_nomemset          
00016c83  __aeabi_idiv0                    
00017279  __aeabi_memcpy                   
00017279  __aeabi_memcpy4                  
00017279  __aeabi_memcpy8                  
00016f75  __aeabi_uidiv                    
00016f75  __aeabi_uidivmod                 
ffffffff  __binit__                        
UNDEFED   __mpu_init                       
20207e00  __stack                          
20200000  __start___llvm_prf_bits          
20200000  __start___llvm_prf_cnts          
20200000  __stop___llvm_prf_bits           
20200000  __stop___llvm_prf_cnts           
000170d5  _c_int00_noargs                  
20200000  _sys_memory                      
UNDEFED   _system_post_cinit               
00017285  _system_pre_init                 
00017289  abort                            
ffffffff  binit                            
00000000  interruptVectors                 
20200230  k1                               
20200234  k2                               
00016bed  main                             


GLOBAL SYMBOLS: SORTED BY Symbol Address 

address   name                             
-------   ----                             
00000000  __TI_ATRegion0_region_sz         
00000000  __TI_ATRegion0_src_addr          
00000000  __TI_ATRegion0_trg_addr          
00000000  __TI_ATRegion1_region_sz         
00000000  __TI_ATRegion1_src_addr          
00000000  __TI_ATRegion1_trg_addr          
00000000  __TI_ATRegion2_region_sz         
00000000  __TI_ATRegion2_src_addr          
00000000  __TI_ATRegion2_trg_addr          
00000000  __TI_static_base__               
00000000  interruptVectors                 
00000200  __STACK_SIZE                     
00000200  __SYSMEM_SIZE                    
00016781  _Z15Clock_Init80MHzi             
00016935  _Z8ADC_InitP10ADC12_Regsjj       
00016a5d  _Z9UART_Initv                    
00016b45  _Z14TimerG7_IntArmtjj            
00016bed  main                             
00016c83  __aeabi_idiv0                    
00016c85  _Z14LaunchPad_Initv              
00016d01  __TI_decompress_lzss             
00016d7d  _Z8LED_Initv                     
00016df1  _Z10TExaS_InitP10ADC12_RegsjPFhvE
00016e49  __TI_auto_init_nobinit           
00016e9d  SysTick_Handler                  
00016ee9  _Z14SysTick_IntArmjj             
00016f35  TIMG7_IRQHandler                 
00016f75  __aeabi_uidiv                    
00016f75  __aeabi_uidivmod                 
00016fb5  _Z9DAC5_Initv                    
00016ff1  _Z15ActivatePortA_Bv             
00017029  _Z11Sound_StartPKhj              
0001705d  TIMG12_IRQHandler                
00017085  _Z11Switch_Initv                 
000170ad  _Z9ADC_StartP10ADC12_Regs        
000170d5  _c_int00_noargs                  
000170fd  _ZN8SlidePotC1Ejj                
000170fd  _ZN8SlidePotC2Ejj                
00017121  ADC0_IRQHandler                  
00017121  ADC1_IRQHandler                  
00017121  AES_IRQHandler                   
00017121  CANFD0_IRQHandler                
00017121  DAC0_IRQHandler                  
00017121  DMA_IRQHandler                   
00017121  Default_Handler                  
00017121  GROUP0_IRQHandler                
00017121  GROUP1_IRQHandler                
00017121  I2C0_IRQHandler                  
00017121  I2C1_IRQHandler                  
00017121  NMI_Handler                      
00017121  PendSV_Handler                   
00017121  RTC_IRQHandler                   
00017121  SPI0_IRQHandler                  
00017121  SPI1_IRQHandler                  
00017121  SVC_Handler                      
00017121  TIMA0_IRQHandler                 
00017121  TIMA1_IRQHandler                 
00017121  TIMG0_IRQHandler                 
00017121  TIMG6_IRQHandler                 
00017121  TIMG8_IRQHandler                 
00017121  UART0_IRQHandler                 
00017121  UART1_IRQHandler                 
00017121  UART2_IRQHandler                 
00017121  UART3_IRQHandler                 
0001713d  HardFault_Handler                
00017159  _Z8DAC5_Outj                     
00017175  _Z9Switch_Inv                    
00017191  _Z10Sound_Initv                  
000171a9  __TI_zero_init_nomemset          
000171c1  _Z11Sound_Crashv                 
000171d5  _Z13Sound_Powerupv               
000171e9  _Z14Sound_OffSidesv              
000171fd  _Z16Sound_usePowerupv            
00017225  TI_memcpy_small                  
00017237  __TI_decompress_none             
00017249  _Z11Clock_Delayj                 
00017259  _Z10Clock_Freqv                  
00017265  _Z8PLL_Initv                     
00017279  __aeabi_memcpy                   
00017279  __aeabi_memcpy4                  
00017279  __aeabi_memcpy8                  
00017281  Reset_Handler                    
00017285  _system_pre_init                 
00017288  C$$EXIT                          
00017289  abort                            
00017290  SHT$$INIT_ARRAY$$Base            
00017294  SHT$$INIT_ARRAY$$Limit           
000172a8  __TI_Handler_Table_Base          
000172b4  __TI_Handler_Table_Limit         
000172bc  __TI_CINIT_Base                  
000172cc  __TI_CINIT_Limit                 
000172cc  __TI_CINIT_Warm                  
20200000  __start___llvm_prf_bits          
20200000  __start___llvm_prf_cnts          
20200000  __stop___llvm_prf_bits           
20200000  __stop___llvm_prf_cnts           
20200000  _sys_memory                      
20200200  Sensor                           
20200214  BusFreq                          
20200224  TExaSLogic                       
20200228  TExaSadc                         
20200230  k1                               
20200234  k2                               
20207e00  __stack                          
20208000  __STACK_END                      
ffffffff  __TI_pprof_out_hndl              
ffffffff  __TI_prof_data_size              
ffffffff  __TI_prof_data_start             
ffffffff  __binit__                        
ffffffff  binit                            
UNDEFED   __mpu_init                       
UNDEFED   _system_post_cinit               

[112 symbols]
