******************************************************************************
            TI ARM Clang Linker PC v4.0.1                      
******************************************************************************
>> Linked Tue Apr 22 02:36:15 2025

OUTPUT FILE NAME:   <ECE319K_Lab9H.out>
ENTRY POINT SYMBOL: "_c_int00_noargs"  address: 00000f3d


MEMORY CONFIGURATION

         name            origin    length      used     unused   attr    fill
----------------------  --------  ---------  --------  --------  ----  --------
  FLASH                 00000000   00020000  00001130  0001eed0  R  X
  SRAM                  20200000   00008000  0000042c  00007bd4  RW X
  BCR_CONFIG            41c00000   00000080  00000000  00000080  R   
  BSL_CONFIG            41c00100   00000080  00000000  00000080  R   


SEGMENT ALLOCATION MAP

run origin  load origin   length   init length attrs members
----------  ----------- ---------- ----------- ----- -------
00000000    00000000    00001130   00001130    r-x
  00000000    00000000    000000c0   000000c0    r-- .intvecs
  000000c0    000000c0    00001020   00001020    r-x .text
  000010e0    000010e0    00000018   00000018    r-- .rodata
  000010f8    000010f8    00000008   00000008    r-- .init_array
  00001100    00001100    00000030   00000030    r-- .cinit
20200000    20200000    0000022c   00000000    rw-
  20200000    20200000    00000200   00000000    rw- .sysmem
  20200200    20200200    00000018   00000000    rw- .data
  20200218    20200218    00000014   00000000    rw- .bss
20207e00    20207e00    00000200   00000000    rw-
  20207e00    20207e00    00000200   00000000    rw- .stack


SECTION ALLOCATION MAP

 output                                  attributes/
section   page    origin      length       input sections
--------  ----  ----------  ----------   ----------------
.intvecs   0    00000000    000000c0     
                  00000000    000000c0     startup_mspm0g3507_ticlang.o (.intvecs)

.binit     0    00000000    00000000     

.text      0    000000c0    00001020     
                  000000c0    000001b4     Clock.o (.text._Z15Clock_Init80MHzi)
                  00000274    00000140     Lab9HMain.o (.text.main)
                  000003b4    000000e8     TExaS.o (.text._Z9UART_Initv)
                  0000049c    000000e4     libclang_rt.builtins.a : muldf3.S.obj (.text.__muldf3)
                  00000580    000000d8                            : addsf3.S.obj (.text)
                  00000658    000000a8     I2C.o (.text._Z9I2C_Send2ahh)
                  00000700    000000a4     I2C.o (.text._Z10IMU_Z_Axisa)
                  000007a4    0000009c     I2C.o (.text._Z9I2C_Send1ah)
                  00000840    0000008c     libclang_rt.builtins.a : mulsf3.S.obj (.text.__mulsf3)
                  000008cc    0000007c     LaunchPad.o (.text._Z14LaunchPad_Initv)
                  00000948    0000007c     libc.a : copy_decompress_lzss.c.obj (.text:decompress:lzss)
                  000009c4    00000078     I2C.o (.text._Z8I2C_Initv)
                  00000a3c    00000074     LED.o (.text._Z8LED_Initv)
                  00000ab0    00000074     libclang_rt.builtins.a : truncdfsf2.S.obj (.text.__truncdfsf2)
                  00000b24    00000060     I2C.o (.text._Z9I2C_Recv1a)
                  00000b84    0000005c     I2C.o (.text._Z8IMU_Inita)
                  00000be0    00000058     I2C.o (.text._ZL13IC2FillTxFifoPht)
                  00000c38    00000056     libclang_rt.builtins.a : aeabi_idivmod.S.obj (.text.__aeabi_idivmod)
                  00000c8e    00000002     Sound.o (.text.SysTick_Handler)
                  00000c90    00000054     libc.a : autoinit.c.obj (.text:__TI_auto_init_nobinit)
                  00000ce4    00000040     TExaS.o (.text.TIMG7_IRQHandler)
                  00000d24    00000040     libclang_rt.builtins.a : aeabi_uidivmod.S.obj (.text.__aeabi_uidivmod)
                  00000d64    0000003c                            : floatsisf.S.obj (.text.__floatsisf)
                  00000da0    0000003a                            : muldsi3.S.obj (.text.__muldsi3)
                  00000dda    00000002                            : aeabi_div0.c.obj (.text.__aeabi_idiv0)
                  00000ddc    00000038     LaunchPad.o (.text._Z15ActivatePortA_Bv)
                  00000e14    00000038     libclang_rt.builtins.a : fixsfsi.S.obj (.text.__fixsfsi)
                  00000e4c    00000036     UART.o (.text._Z12UART_OutUDecj)
                  00000e82    00000002     --HOLE-- [fill = 0]
                  00000e84    00000034     Clock.o (.text._Z14Clock_Delay1msj)
                  00000eb8    0000002e     I2C.o (.text._Z10IMU_WhoAmIa)
                  00000ee6    00000002     --HOLE-- [fill = 0]
                  00000ee8    0000002c     TExaS.o (.text._Z12UART_OutCharc)
                  00000f14    00000028     Lab9HMain.o (.text.TIMG12_IRQHandler)
                  00000f3c    00000028     libc.a : boot_cortex_m.c.obj (.text:_c_int00_noargs)
                  00000f64    00000026     UART.o (.text._Z12UART_OutSDeci)
                  00000f8a    00000026     UART.o (.text._Z14UART_OutStringPc)
                  00000fb0    00000024     SlidePot.o (.text._ZN8SlidePotC2Ejj)
                  00000fd4    00000024     libclang_rt.builtins.a : floatunsidf.S.obj (.text.__floatunsidf)
                  00000ff8    0000001c     startup_mspm0g3507_ticlang.o (.text.Default_Handler)
                  00001014    0000001c     startup_mspm0g3507_ticlang.o (.text.HardFault_Handler)
                  00001030    00000016     libc.a : copy_zero_init.c.obj (.text:decompress:ZI:__TI_zero_init_nomemset)
                  00001046    00000002     --HOLE-- [fill = 0]
                  00001048    00000014     LED.o (.text._Z10LED_Togglej)
                  0000105c    00000014     Lab9HMain.o (.text.__cxx_global_var_init)
                  00001070    00000012     libc.a : memcpy16.S.obj (.text:TI_memcpy_small)
                  00001082    00000012            : copy_decompress_none.c.obj (.text:decompress:none)
                  00001094    00000010     Clock.o (.text._Z11Clock_Delayj)
                  000010a4    0000000c     Clock.o (.text._Z10Clock_Freqv)
                  000010b0    0000000a     Lab9HMain.o (.text._Z8PLL_Initv)
                  000010ba    00000008     Lab9HMain.o (.text._GLOBAL__sub_I_Lab9HMain.cpp)
                  000010c2    00000002     --HOLE-- [fill = 0]
                  000010c4    00000008     libclang_rt.builtins.a : aeabi_memcpy.S.obj (.text.__aeabi_memcpy)
                  000010cc    00000004     startup_mspm0g3507_ticlang.o (.text.Reset_Handler)
                  000010d0    00000004     libc.a : pre_init.c.obj (.text._system_pre_init)
                  000010d4    00000004            : exit.c.obj (.text:abort)
                  000010d8    00000008     --HOLE-- [fill = 0]

.cinit     0    00001100    00000030     
                  00001100    0000000c     (__TI_handler_table)
                  0000110c    0000000b     (.cinit..data.load) [load image, compression = lzss]
                  00001117    00000001     --HOLE-- [fill = 0]
                  00001118    00000008     (.cinit..bss.load) [load image, compression = zero_init]
                  00001120    00000010     (__TI_cinit_table)

.rodata    0    000010e0    00000018     
                  000010e0    00000011     Lab9HMain.o (.rodata.str1.56748971971382791101)
                  000010f1    00000002     Lab9HMain.o (.rodata.str1.73537796465405190331)
                  000010f3    00000005     --HOLE-- [fill = 0]

.init_array 
*          0    000010f8    00000008     
                  000010f8    00000004     Lab9HMain.o (.init_array)
                  000010fc    00000004     --HOLE-- [fill = 0]

.sysmem    0    20200000    00000200     UNINITIALIZED
                  20200000    00000010     libc.a : memory.c.obj (.sysmem)
                  20200010    000001f0     --HOLE--

.data      0    20200200    00000018     UNINITIALIZED
                  20200200    00000014     Lab9HMain.o (.data.Sensor)
                  20200214    00000004     Clock.o (.data.BusFreq)

.bss       0    20200218    00000014     UNINITIALIZED
                  20200218    00000004     I2C.o (.bss.I2C_error)
                  2020021c    00000004     TExaS.o (.bss.TExaSLogic)
                  20200220    00000004     TExaS.o (.bss.TExaSadc)
                  20200224    00000004     SlidePot.o (.bss.k1)
                  20200228    00000004     SlidePot.o (.bss.k2)

.stack     0    20207e00    00000200     UNINITIALIZED
                  20207e00    00000004     libc.a : boot_cortex_m.c.obj (.stack)
                  20207e04    000001fc     --HOLE--

__llvm_prf_cnts 
*          0    20200000    00000000     UNINITIALIZED

__llvm_prf_bits 
*          0    20200000    00000000     UNINITIALIZED

MODULE SUMMARY

       Module                         code   ro data   rw data
       ------                         ----   -------   -------
    .\
       I2C.o                          930    0         4      
       Clock.o                        516    0         4      
       Lab9HMain.o                    398    23        20     
       TExaS.o                        340    0         8      
       LaunchPad.o                    180    0         0      
       LED.o                          136    0         0      
       UART.o                         130    0         0      
       SlidePot.o                     36     0         8      
       Sound.o                        2      0         0      
    +--+------------------------------+------+---------+---------+
       Total:                         2668   23        44     
                                                              
    .\ticlang\
       startup_mspm0g3507_ticlang.o   60     192       0      
    +--+------------------------------+------+---------+---------+
       Total:                         60     192       0      
                                                              
    C:\ti\ccs2000\ccs\tools\compiler\ti-cgt-armllvm_4.0.1.LTS\lib\armv6m-ti-none-eabi/c/libc.a
       copy_decompress_lzss.c.obj     124    0         0      
       autoinit.c.obj                 84     0         0      
       boot_cortex_m.c.obj            40     0         0      
       copy_zero_init.c.obj           22     0         0      
       copy_decompress_none.c.obj     18     0         0      
       memcpy16.S.obj                 18     0         0      
       exit.c.obj                     4      0         0      
       pre_init.c.obj                 4      0         0      
    +--+------------------------------+------+---------+---------+
       Total:                         314    0         0      
                                                              
    C:\ti\ccs2000\ccs\tools\compiler\ti-cgt-armllvm_4.0.1.LTS\lib\armv6m-ti-none-eabi/libclang_rt.builtins.a
       muldf3.S.obj                   228    0         0      
       addsf3.S.obj                   216    0         0      
       mulsf3.S.obj                   140    0         0      
       truncdfsf2.S.obj               116    0         0      
       aeabi_idivmod.S.obj            86     0         0      
       aeabi_uidivmod.S.obj           64     0         0      
       floatsisf.S.obj                60     0         0      
       muldsi3.S.obj                  58     0         0      
       fixsfsi.S.obj                  56     0         0      
       floatunsidf.S.obj              36     0         0      
       aeabi_memcpy.S.obj             8      0         0      
       aeabi_div0.c.obj               2      0         0      
    +--+------------------------------+------+---------+---------+
       Total:                         1070   0         0      
                                                              
       Heap:                          0      0         512    
       Stack:                         0      0         512    
       Linker Generated:              0      47        0      
    +--+------------------------------+------+---------+---------+
       Grand Total:                   4112   262       1068   


LINKER GENERATED COPY TABLES

__TI_cinit_table @ 00001120 records: 2, size/record: 8, table size: 16
	.data: load addr=0000110c, load size=0000000b bytes, run addr=20200200, run size=00000018 bytes, compression=lzss
	.bss: load addr=00001118, load size=00000008 bytes, run addr=20200218, run size=00000014 bytes, compression=zero_init


LINKER GENERATED HANDLER TABLE

__TI_handler_table @ 00001100 records: 3, size/record: 4, table size: 12
	index: 0, handler: __TI_decompress_lzss
	index: 1, handler: __TI_decompress_none
	index: 2, handler: __TI_zero_init


GLOBAL SYMBOLS: SORTED ALPHABETICALLY BY Name 

address   name                    
-------   ----                    
00000ff9  ADC0_IRQHandler         
00000ff9  ADC1_IRQHandler         
00000ff9  AES_IRQHandler          
20200214  BusFreq                 
000010d4  C$$EXIT                 
00000ff9  CANFD0_IRQHandler       
00000ff9  DAC0_IRQHandler         
00000ff9  DMA_IRQHandler          
00000ff9  Default_Handler         
00000ff9  GROUP0_IRQHandler       
00000ff9  GROUP1_IRQHandler       
00001015  HardFault_Handler       
00000ff9  I2C0_IRQHandler         
00000ff9  I2C1_IRQHandler         
20200218  I2C_error               
00000ff9  NMI_Handler             
00000ff9  PendSV_Handler          
00000ff9  RTC_IRQHandler          
000010cd  Reset_Handler           
000010f8  SHT$$INIT_ARRAY$$Base   
000010fc  SHT$$INIT_ARRAY$$Limit  
00000ff9  SPI0_IRQHandler         
00000ff9  SPI1_IRQHandler         
00000ff9  SVC_Handler             
20200200  Sensor                  
00000c8f  SysTick_Handler         
2020021c  TExaSLogic              
20200220  TExaSadc                
00000ff9  TIMA0_IRQHandler        
00000ff9  TIMA1_IRQHandler        
00000ff9  TIMG0_IRQHandler        
00000f15  TIMG12_IRQHandler       
00000ff9  TIMG6_IRQHandler        
00000ce5  TIMG7_IRQHandler        
00000ff9  TIMG8_IRQHandler        
00001071  TI_memcpy_small         
00000ff9  UART0_IRQHandler        
00000ff9  UART1_IRQHandler        
00000ff9  UART2_IRQHandler        
00000ff9  UART3_IRQHandler        
000010a5  _Z10Clock_Freqv         
00000eb9  _Z10IMU_WhoAmIa         
00000701  _Z10IMU_Z_Axisa         
00001049  _Z10LED_Togglej         
00001095  _Z11Clock_Delayj        
00000ee9  _Z12UART_OutCharc       
00000f65  _Z12UART_OutSDeci       
00000e4d  _Z12UART_OutUDecj       
00000e85  _Z14Clock_Delay1msj     
000008cd  _Z14LaunchPad_Initv     
00000f8b  _Z14UART_OutStringPc    
00000ddd  _Z15ActivatePortA_Bv    
000000c1  _Z15Clock_Init80MHzi    
000009c5  _Z8I2C_Initv            
00000b85  _Z8IMU_Inita            
00000a3d  _Z8LED_Initv            
000010b1  _Z8PLL_Initv            
00000b25  _Z9I2C_Recv1a           
000007a5  _Z9I2C_Send1ah          
00000659  _Z9I2C_Send2ahh         
000003b5  _Z9UART_Initv           
00000fb1  _ZN8SlidePotC1Ejj       
00000fb1  _ZN8SlidePotC2Ejj       
20208000  __STACK_END             
00000200  __STACK_SIZE            
00000200  __SYSMEM_SIZE           
00000000  __TI_ATRegion0_region_sz
00000000  __TI_ATRegion0_src_addr 
00000000  __TI_ATRegion0_trg_addr 
00000000  __TI_ATRegion1_region_sz
00000000  __TI_ATRegion1_src_addr 
00000000  __TI_ATRegion1_trg_addr 
00000000  __TI_ATRegion2_region_sz
00000000  __TI_ATRegion2_src_addr 
00000000  __TI_ATRegion2_trg_addr 
00001120  __TI_CINIT_Base         
00001130  __TI_CINIT_Limit        
00001130  __TI_CINIT_Warm         
00001100  __TI_Handler_Table_Base 
0000110c  __TI_Handler_Table_Limit
00000c91  __TI_auto_init_nobinit  
00000949  __TI_decompress_lzss    
00001083  __TI_decompress_none    
ffffffff  __TI_pprof_out_hndl     
ffffffff  __TI_prof_data_size     
ffffffff  __TI_prof_data_start    
00000000  __TI_static_base__      
00001031  __TI_zero_init_nomemset 
0000058b  __addsf3                
00000ab1  __aeabi_d2f             
0000049d  __aeabi_dmul            
00000e15  __aeabi_f2iz            
0000058b  __aeabi_fadd            
00000841  __aeabi_fmul            
00000581  __aeabi_fsub            
00000d65  __aeabi_i2f             
00000c39  __aeabi_idiv            
00000ddb  __aeabi_idiv0           
00000c39  __aeabi_idivmod         
000010c5  __aeabi_memcpy          
000010c5  __aeabi_memcpy4         
000010c5  __aeabi_memcpy8         
00000fd5  __aeabi_ui2d            
00000d25  __aeabi_uidiv           
00000d25  __aeabi_uidivmod        
ffffffff  __binit__               
00000e15  __fixsfsi               
00000d65  __floatsisf             
00000fd5  __floatunsidf           
UNDEFED   __mpu_init              
0000049d  __muldf3                
00000da1  __muldsi3               
00000841  __mulsf3                
20207e00  __stack                 
20200000  __start___llvm_prf_bits 
20200000  __start___llvm_prf_cnts 
20200000  __stop___llvm_prf_bits  
20200000  __stop___llvm_prf_cnts  
00000581  __subsf3                
00000ab1  __truncdfsf2            
00000f3d  _c_int00_noargs         
20200000  _sys_memory             
UNDEFED   _system_post_cinit      
000010d1  _system_pre_init        
000010d5  abort                   
ffffffff  binit                   
00000000  interruptVectors        
20200224  k1                      
20200228  k2                      
00000275  main                    


GLOBAL SYMBOLS: SORTED BY Symbol Address 

address   name                    
-------   ----                    
00000000  __TI_ATRegion0_region_sz
00000000  __TI_ATRegion0_src_addr 
00000000  __TI_ATRegion0_trg_addr 
00000000  __TI_ATRegion1_region_sz
00000000  __TI_ATRegion1_src_addr 
00000000  __TI_ATRegion1_trg_addr 
00000000  __TI_ATRegion2_region_sz
00000000  __TI_ATRegion2_src_addr 
00000000  __TI_ATRegion2_trg_addr 
00000000  __TI_static_base__      
00000000  interruptVectors        
000000c1  _Z15Clock_Init80MHzi    
00000200  __STACK_SIZE            
00000200  __SYSMEM_SIZE           
00000275  main                    
000003b5  _Z9UART_Initv           
0000049d  __aeabi_dmul            
0000049d  __muldf3                
00000581  __aeabi_fsub            
00000581  __subsf3                
0000058b  __addsf3                
0000058b  __aeabi_fadd            
00000659  _Z9I2C_Send2ahh         
00000701  _Z10IMU_Z_Axisa         
000007a5  _Z9I2C_Send1ah          
00000841  __aeabi_fmul            
00000841  __mulsf3                
000008cd  _Z14LaunchPad_Initv     
00000949  __TI_decompress_lzss    
000009c5  _Z8I2C_Initv            
00000a3d  _Z8LED_Initv            
00000ab1  __aeabi_d2f             
00000ab1  __truncdfsf2            
00000b25  _Z9I2C_Recv1a           
00000b85  _Z8IMU_Inita            
00000c39  __aeabi_idiv            
00000c39  __aeabi_idivmod         
00000c8f  SysTick_Handler         
00000c91  __TI_auto_init_nobinit  
00000ce5  TIMG7_IRQHandler        
00000d25  __aeabi_uidiv           
00000d25  __aeabi_uidivmod        
00000d65  __aeabi_i2f             
00000d65  __floatsisf             
00000da1  __muldsi3               
00000ddb  __aeabi_idiv0           
00000ddd  _Z15ActivatePortA_Bv    
00000e15  __aeabi_f2iz            
00000e15  __fixsfsi               
00000e4d  _Z12UART_OutUDecj       
00000e85  _Z14Clock_Delay1msj     
00000eb9  _Z10IMU_WhoAmIa         
00000ee9  _Z12UART_OutCharc       
00000f15  TIMG12_IRQHandler       
00000f3d  _c_int00_noargs         
00000f65  _Z12UART_OutSDeci       
00000f8b  _Z14UART_OutStringPc    
00000fb1  _ZN8SlidePotC1Ejj       
00000fb1  _ZN8SlidePotC2Ejj       
00000fd5  __aeabi_ui2d            
00000fd5  __floatunsidf           
00000ff9  ADC0_IRQHandler         
00000ff9  ADC1_IRQHandler         
00000ff9  AES_IRQHandler          
00000ff9  CANFD0_IRQHandler       
00000ff9  DAC0_IRQHandler         
00000ff9  DMA_IRQHandler          
00000ff9  Default_Handler         
00000ff9  GROUP0_IRQHandler       
00000ff9  GROUP1_IRQHandler       
00000ff9  I2C0_IRQHandler         
00000ff9  I2C1_IRQHandler         
00000ff9  NMI_Handler             
00000ff9  PendSV_Handler          
00000ff9  RTC_IRQHandler          
00000ff9  SPI0_IRQHandler         
00000ff9  SPI1_IRQHandler         
00000ff9  SVC_Handler             
00000ff9  TIMA0_IRQHandler        
00000ff9  TIMA1_IRQHandler        
00000ff9  TIMG0_IRQHandler        
00000ff9  TIMG6_IRQHandler        
00000ff9  TIMG8_IRQHandler        
00000ff9  UART0_IRQHandler        
00000ff9  UART1_IRQHandler        
00000ff9  UART2_IRQHandler        
00000ff9  UART3_IRQHandler        
00001015  HardFault_Handler       
00001031  __TI_zero_init_nomemset 
00001049  _Z10LED_Togglej         
00001071  TI_memcpy_small         
00001083  __TI_decompress_none    
00001095  _Z11Clock_Delayj        
000010a5  _Z10Clock_Freqv         
000010b1  _Z8PLL_Initv            
000010c5  __aeabi_memcpy          
000010c5  __aeabi_memcpy4         
000010c5  __aeabi_memcpy8         
000010cd  Reset_Handler           
000010d1  _system_pre_init        
000010d4  C$$EXIT                 
000010d5  abort                   
000010f8  SHT$$INIT_ARRAY$$Base   
000010fc  SHT$$INIT_ARRAY$$Limit  
00001100  __TI_Handler_Table_Base 
0000110c  __TI_Handler_Table_Limit
00001120  __TI_CINIT_Base         
00001130  __TI_CINIT_Limit        
00001130  __TI_CINIT_Warm         
20200000  __start___llvm_prf_bits 
20200000  __start___llvm_prf_cnts 
20200000  __stop___llvm_prf_bits  
20200000  __stop___llvm_prf_cnts  
20200000  _sys_memory             
20200200  Sensor                  
20200214  BusFreq                 
20200218  I2C_error               
2020021c  TExaSLogic              
20200220  TExaSadc                
20200224  k1                      
20200228  k2                      
20207e00  __stack                 
20208000  __STACK_END             
ffffffff  __TI_pprof_out_hndl     
ffffffff  __TI_prof_data_size     
ffffffff  __TI_prof_data_start    
ffffffff  __binit__               
ffffffff  binit                   
UNDEFED   __mpu_init              
UNDEFED   _system_post_cinit      

[130 symbols]
