<?xml version="1.0" encoding="ISO-8859-1" ?>
<link_info>
   <banner>TI ARM Clang Linker PC v4.0.1.LTS</banner>
   <copyright>Copyright (c) 1996-2018 Texas Instruments Incorporated</copyright>
   <command_line>C:\ti\ccs2000\ccs\tools\compiler\ti-cgt-armllvm_4.0.1.LTS\bin\tiarmlnk -IC:\ti\ccs2000\ccs\tools\compiler\ti-cgt-armllvm_4.0.1.LTS\lib -o ECE319K_Lab9H.out -mECE319K_Lab9H.map --heap_size=512 --stack_size=512 -iC:/Git/ECE-319H/ECE319K_Lab9H/Debug/syscfg -iC:/ti/ccs2000/ccs/tools/compiler/ti-cgt-armllvm_4.0.1.LTS/lib --diag_wrap=off --display_error_number --warn_sections --xml_link_info=ECE319K_Lab9H_linkInfo.xml --rom_model ./Clock.o ./DAC5.o ./I2C.o ./LED.o ./Lab9HMain.o ./LaunchPad.o ./Motor.o ./SPI.o ./ST7735.o ./SlidePot.o ./SmallFont.o ./Sound.o ./Sprite.o ./Switch.o ./TExaS.o ./Timer.o ./UART.o ./images/pipedreams/PipeSound.o ./ticlang/startup_mspm0g3507_ticlang.o ../mspm0g3507.cmd -lC:/ti/mspm0_sdk_2_03_00_07/source/ti/driverlib/lib/ticlang/m0p/mspm0g1x0x_g3x0x/driverlib.a -llibc.a --start-group -llibc++.a -llibc++abi.a -llibc.a -llibsys.a -llibsysbm.a -llibclang_rt.builtins.a -llibclang_rt.profile.a --end-group --cg_opt_level=0</command_line>
   <link_time>0x680902d0</link_time>
   <link_errors>0x0</link_errors>
   <output_file>C:\Git\ECE-319H\ECE319K_Lab9H\Debug\ECE319K_Lab9H.out</output_file>
   <entry_point>
      <name>_c_int00_noargs</name>
      <address>0x1cf25</address>
   </entry_point>
   <input_file_list>
      <input_file id="fl-1">
         <path>C:\Git\ECE-319H\ECE319K_Lab9H\Debug\.\</path>
         <kind>object</kind>
         <file>Clock.o</file>
         <name>Clock.o</name>
      </input_file>
      <input_file id="fl-2">
         <path>C:\Git\ECE-319H\ECE319K_Lab9H\Debug\.\</path>
         <kind>object</kind>
         <file>DAC5.o</file>
         <name>DAC5.o</name>
      </input_file>
      <input_file id="fl-3">
         <path>C:\Git\ECE-319H\ECE319K_Lab9H\Debug\.\</path>
         <kind>object</kind>
         <file>I2C.o</file>
         <name>I2C.o</name>
      </input_file>
      <input_file id="fl-4">
         <path>C:\Git\ECE-319H\ECE319K_Lab9H\Debug\.\</path>
         <kind>object</kind>
         <file>LED.o</file>
         <name>LED.o</name>
      </input_file>
      <input_file id="fl-5">
         <path>C:\Git\ECE-319H\ECE319K_Lab9H\Debug\.\</path>
         <kind>object</kind>
         <file>Lab9HMain.o</file>
         <name>Lab9HMain.o</name>
      </input_file>
      <input_file id="fl-6">
         <path>C:\Git\ECE-319H\ECE319K_Lab9H\Debug\.\</path>
         <kind>object</kind>
         <file>LaunchPad.o</file>
         <name>LaunchPad.o</name>
      </input_file>
      <input_file id="fl-7">
         <path>C:\Git\ECE-319H\ECE319K_Lab9H\Debug\.\</path>
         <kind>object</kind>
         <file>Motor.o</file>
         <name>Motor.o</name>
      </input_file>
      <input_file id="fl-8">
         <path>C:\Git\ECE-319H\ECE319K_Lab9H\Debug\.\</path>
         <kind>object</kind>
         <file>SPI.o</file>
         <name>SPI.o</name>
      </input_file>
      <input_file id="fl-9">
         <path>C:\Git\ECE-319H\ECE319K_Lab9H\Debug\.\</path>
         <kind>object</kind>
         <file>ST7735.o</file>
         <name>ST7735.o</name>
      </input_file>
      <input_file id="fl-a">
         <path>C:\Git\ECE-319H\ECE319K_Lab9H\Debug\.\</path>
         <kind>object</kind>
         <file>SlidePot.o</file>
         <name>SlidePot.o</name>
      </input_file>
      <input_file id="fl-b">
         <path>C:\Git\ECE-319H\ECE319K_Lab9H\Debug\.\</path>
         <kind>object</kind>
         <file>SmallFont.o</file>
         <name>SmallFont.o</name>
      </input_file>
      <input_file id="fl-c">
         <path>C:\Git\ECE-319H\ECE319K_Lab9H\Debug\.\</path>
         <kind>object</kind>
         <file>Sound.o</file>
         <name>Sound.o</name>
      </input_file>
      <input_file id="fl-d">
         <path>C:\Git\ECE-319H\ECE319K_Lab9H\Debug\.\</path>
         <kind>object</kind>
         <file>Sprite.o</file>
         <name>Sprite.o</name>
      </input_file>
      <input_file id="fl-e">
         <path>C:\Git\ECE-319H\ECE319K_Lab9H\Debug\.\</path>
         <kind>object</kind>
         <file>Switch.o</file>
         <name>Switch.o</name>
      </input_file>
      <input_file id="fl-f">
         <path>C:\Git\ECE-319H\ECE319K_Lab9H\Debug\.\</path>
         <kind>object</kind>
         <file>TExaS.o</file>
         <name>TExaS.o</name>
      </input_file>
      <input_file id="fl-10">
         <path>C:\Git\ECE-319H\ECE319K_Lab9H\Debug\.\</path>
         <kind>object</kind>
         <file>Timer.o</file>
         <name>Timer.o</name>
      </input_file>
      <input_file id="fl-11">
         <path>C:\Git\ECE-319H\ECE319K_Lab9H\Debug\.\</path>
         <kind>object</kind>
         <file>UART.o</file>
         <name>UART.o</name>
      </input_file>
      <input_file id="fl-12">
         <path>C:\Git\ECE-319H\ECE319K_Lab9H\Debug\.\images\pipedreams\</path>
         <kind>object</kind>
         <file>PipeSound.o</file>
         <name>PipeSound.o</name>
      </input_file>
      <input_file id="fl-13">
         <path>C:\Git\ECE-319H\ECE319K_Lab9H\Debug\.\ticlang\</path>
         <kind>object</kind>
         <file>startup_mspm0g3507_ticlang.o</file>
         <name>startup_mspm0g3507_ticlang.o</name>
      </input_file>
      <input_file id="fl-1f">
         <path>C:\Git\ECE-319H\ECE319K_Lab9H\Debug\</path>
         <kind>object</kind>
         <file>&lt;internal&gt;</file>
         <name>&lt;internal&gt;</name>
      </input_file>
      <input_file id="fl-34">
         <path>C:\ti\ccs2000\ccs\tools\compiler\ti-cgt-armllvm_4.0.1.LTS\lib\armv6m-ti-none-eabi\c\</path>
         <kind>archive</kind>
         <file>libc.a</file>
         <name>fopen.c.obj</name>
      </input_file>
      <input_file id="fl-35">
         <path>C:\ti\ccs2000\ccs\tools\compiler\ti-cgt-armllvm_4.0.1.LTS\lib\armv6m-ti-none-eabi\c\</path>
         <kind>archive</kind>
         <file>libc.a</file>
         <name>setvbuf.c.obj</name>
      </input_file>
      <input_file id="fl-36">
         <path>C:\ti\ccs2000\ccs\tools\compiler\ti-cgt-armllvm_4.0.1.LTS\lib\armv6m-ti-none-eabi\c\</path>
         <kind>archive</kind>
         <file>libc.a</file>
         <name>aeabi_portable.c.obj</name>
      </input_file>
      <input_file id="fl-37">
         <path>C:\ti\ccs2000\ccs\tools\compiler\ti-cgt-armllvm_4.0.1.LTS\lib\armv6m-ti-none-eabi\c\</path>
         <kind>archive</kind>
         <file>libc.a</file>
         <name>exit.c.obj</name>
      </input_file>
      <input_file id="fl-38">
         <path>C:\ti\ccs2000\ccs\tools\compiler\ti-cgt-armllvm_4.0.1.LTS\lib\armv6m-ti-none-eabi\c\</path>
         <kind>archive</kind>
         <file>libc.a</file>
         <name>_lock.c.obj</name>
      </input_file>
      <input_file id="fl-39">
         <path>C:\ti\ccs2000\ccs\tools\compiler\ti-cgt-armllvm_4.0.1.LTS\lib\armv6m-ti-none-eabi\c\</path>
         <kind>archive</kind>
         <file>libc.a</file>
         <name>assert.c.obj</name>
      </input_file>
      <input_file id="fl-3a">
         <path>C:\ti\ccs2000\ccs\tools\compiler\ti-cgt-armllvm_4.0.1.LTS\lib\armv6m-ti-none-eabi\c\</path>
         <kind>archive</kind>
         <file>libc.a</file>
         <name>defs.c.obj</name>
      </input_file>
      <input_file id="fl-3b">
         <path>C:\ti\ccs2000\ccs\tools\compiler\ti-cgt-armllvm_4.0.1.LTS\lib\armv6m-ti-none-eabi\c\</path>
         <kind>archive</kind>
         <file>libc.a</file>
         <name>memory.c.obj</name>
      </input_file>
      <input_file id="fl-3c">
         <path>C:\ti\ccs2000\ccs\tools\compiler\ti-cgt-armllvm_4.0.1.LTS\lib\armv6m-ti-none-eabi\c\</path>
         <kind>archive</kind>
         <file>libc.a</file>
         <name>copy_zero_init.c.obj</name>
      </input_file>
      <input_file id="fl-3d">
         <path>C:\ti\ccs2000\ccs\tools\compiler\ti-cgt-armllvm_4.0.1.LTS\lib\armv6m-ti-none-eabi\c\</path>
         <kind>archive</kind>
         <file>libc.a</file>
         <name>copy_decompress_none.c.obj</name>
      </input_file>
      <input_file id="fl-3e">
         <path>C:\ti\ccs2000\ccs\tools\compiler\ti-cgt-armllvm_4.0.1.LTS\lib\armv6m-ti-none-eabi\c\</path>
         <kind>archive</kind>
         <file>libc.a</file>
         <name>copy_decompress_lzss.c.obj</name>
      </input_file>
      <input_file id="fl-3f">
         <path>C:\ti\ccs2000\ccs\tools\compiler\ti-cgt-armllvm_4.0.1.LTS\lib\armv6m-ti-none-eabi\c\</path>
         <kind>archive</kind>
         <file>libc.a</file>
         <name>boot_cortex_m.c.obj</name>
      </input_file>
      <input_file id="fl-40">
         <path>C:\ti\ccs2000\ccs\tools\compiler\ti-cgt-armllvm_4.0.1.LTS\lib\armv6m-ti-none-eabi\c\</path>
         <kind>archive</kind>
         <file>libc.a</file>
         <name>mathacl_init.c.obj</name>
      </input_file>
      <input_file id="fl-41">
         <path>C:\ti\ccs2000\ccs\tools\compiler\ti-cgt-armllvm_4.0.1.LTS\lib\armv6m-ti-none-eabi\c\</path>
         <kind>archive</kind>
         <file>libc.a</file>
         <name>sprintf.c.obj</name>
      </input_file>
      <input_file id="fl-42">
         <path>C:\ti\ccs2000\ccs\tools\compiler\ti-cgt-armllvm_4.0.1.LTS\lib\armv6m-ti-none-eabi\c\</path>
         <kind>archive</kind>
         <file>libc.a</file>
         <name>fclose.c.obj</name>
      </input_file>
      <input_file id="fl-43">
         <path>C:\ti\ccs2000\ccs\tools\compiler\ti-cgt-armllvm_4.0.1.LTS\lib\armv6m-ti-none-eabi\c\</path>
         <kind>archive</kind>
         <file>libc.a</file>
         <name>fflush.c.obj</name>
      </input_file>
      <input_file id="fl-44">
         <path>C:\ti\ccs2000\ccs\tools\compiler\ti-cgt-armllvm_4.0.1.LTS\lib\armv6m-ti-none-eabi\c\</path>
         <kind>archive</kind>
         <file>libc.a</file>
         <name>fputs.c.obj</name>
      </input_file>
      <input_file id="fl-45">
         <path>C:\ti\ccs2000\ccs\tools\compiler\ti-cgt-armllvm_4.0.1.LTS\lib\armv6m-ti-none-eabi\c\</path>
         <kind>archive</kind>
         <file>libc.a</file>
         <name>_io_perm.c.obj</name>
      </input_file>
      <input_file id="fl-46">
         <path>C:\ti\ccs2000\ccs\tools\compiler\ti-cgt-armllvm_4.0.1.LTS\lib\armv6m-ti-none-eabi\c\</path>
         <kind>archive</kind>
         <file>libc.a</file>
         <name>args_main.c.obj</name>
      </input_file>
      <input_file id="fl-47">
         <path>C:\ti\ccs2000\ccs\tools\compiler\ti-cgt-armllvm_4.0.1.LTS\lib\armv6m-ti-none-eabi\c\</path>
         <kind>archive</kind>
         <file>libc.a</file>
         <name>autoinit.c.obj</name>
      </input_file>
      <input_file id="fl-48">
         <path>C:\ti\ccs2000\ccs\tools\compiler\ti-cgt-armllvm_4.0.1.LTS\lib\armv6m-ti-none-eabi\c\</path>
         <kind>archive</kind>
         <file>libc.a</file>
         <name>pre_init.c.obj</name>
      </input_file>
      <input_file id="fl-49">
         <path>C:\ti\ccs2000\ccs\tools\compiler\ti-cgt-armllvm_4.0.1.LTS\lib\armv6m-ti-none-eabi\c\</path>
         <kind>archive</kind>
         <file>libc.a</file>
         <name>cpy_tbl.c.obj</name>
      </input_file>
      <input_file id="fl-4a">
         <path>C:\ti\ccs2000\ccs\tools\compiler\ti-cgt-armllvm_4.0.1.LTS\lib\armv6m-ti-none-eabi\c\</path>
         <kind>archive</kind>
         <file>libc.a</file>
         <name>_printfi.c.obj</name>
      </input_file>
      <input_file id="fl-4b">
         <path>C:\ti\ccs2000\ccs\tools\compiler\ti-cgt-armllvm_4.0.1.LTS\lib\armv6m-ti-none-eabi\c\</path>
         <kind>archive</kind>
         <file>libc.a</file>
         <name>fseek.c.obj</name>
      </input_file>
      <input_file id="fl-4c">
         <path>C:\ti\ccs2000\ccs\tools\compiler\ti-cgt-armllvm_4.0.1.LTS\lib\armv6m-ti-none-eabi\c\</path>
         <kind>archive</kind>
         <file>libc.a</file>
         <name>wcslen.c.obj</name>
      </input_file>
      <input_file id="fl-4d">
         <path>C:\ti\ccs2000\ccs\tools\compiler\ti-cgt-armllvm_4.0.1.LTS\lib\armv6m-ti-none-eabi\c\</path>
         <kind>archive</kind>
         <file>libc.a</file>
         <name>_ltoa.c.obj</name>
      </input_file>
      <input_file id="fl-4e">
         <path>C:\ti\ccs2000\ccs\tools\compiler\ti-cgt-armllvm_4.0.1.LTS\lib\armv6m-ti-none-eabi\c\</path>
         <kind>archive</kind>
         <file>libc.a</file>
         <name>atoi.c.obj</name>
      </input_file>
      <input_file id="fl-4f">
         <path>C:\ti\ccs2000\ccs\tools\compiler\ti-cgt-armllvm_4.0.1.LTS\lib\armv6m-ti-none-eabi\c\</path>
         <kind>archive</kind>
         <file>libc.a</file>
         <name>memccpy.c.obj</name>
      </input_file>
      <input_file id="fl-50">
         <path>C:\ti\ccs2000\ccs\tools\compiler\ti-cgt-armllvm_4.0.1.LTS\lib\armv6m-ti-none-eabi\c\</path>
         <kind>archive</kind>
         <file>libc.a</file>
         <name>s_frexp.c.obj</name>
      </input_file>
      <input_file id="fl-51">
         <path>C:\ti\ccs2000\ccs\tools\compiler\ti-cgt-armllvm_4.0.1.LTS\lib\armv6m-ti-none-eabi\c\</path>
         <kind>archive</kind>
         <file>libc.a</file>
         <name>s_scalbn.c.obj</name>
      </input_file>
      <input_file id="fl-52">
         <path>C:\ti\ccs2000\ccs\tools\compiler\ti-cgt-armllvm_4.0.1.LTS\lib\armv6m-ti-none-eabi\c\</path>
         <kind>archive</kind>
         <file>libc.a</file>
         <name>aeabi_ctype.S.obj</name>
      </input_file>
      <input_file id="fl-e8">
         <path>C:\ti\ccs2000\ccs\tools\compiler\ti-cgt-armllvm_4.0.1.LTS\lib\armv6m-ti-none-eabi\c\</path>
         <kind>archive</kind>
         <file>libsysbm.a</file>
         <name>write.c.obj</name>
      </input_file>
      <input_file id="fl-e9">
         <path>C:\ti\ccs2000\ccs\tools\compiler\ti-cgt-armllvm_4.0.1.LTS\lib\armv6m-ti-none-eabi\c\</path>
         <kind>archive</kind>
         <file>libsysbm.a</file>
         <name>host_device.c.obj</name>
      </input_file>
      <input_file id="fl-ea">
         <path>C:\ti\ccs2000\ccs\tools\compiler\ti-cgt-armllvm_4.0.1.LTS\lib\armv6m-ti-none-eabi\c\</path>
         <kind>archive</kind>
         <file>libsysbm.a</file>
         <name>remove.c.obj</name>
      </input_file>
      <input_file id="fl-eb">
         <path>C:\ti\ccs2000\ccs\tools\compiler\ti-cgt-armllvm_4.0.1.LTS\lib\armv6m-ti-none-eabi\c\</path>
         <kind>archive</kind>
         <file>libsysbm.a</file>
         <name>open.c.obj</name>
      </input_file>
      <input_file id="fl-ec">
         <path>C:\ti\ccs2000\ccs\tools\compiler\ti-cgt-armllvm_4.0.1.LTS\lib\armv6m-ti-none-eabi\c\</path>
         <kind>archive</kind>
         <file>libsysbm.a</file>
         <name>lseek.c.obj</name>
      </input_file>
      <input_file id="fl-ed">
         <path>C:\ti\ccs2000\ccs\tools\compiler\ti-cgt-armllvm_4.0.1.LTS\lib\armv6m-ti-none-eabi\c\</path>
         <kind>archive</kind>
         <file>libsysbm.a</file>
         <name>close.c.obj</name>
      </input_file>
      <input_file id="fl-ee">
         <path>C:\ti\ccs2000\ccs\tools\compiler\ti-cgt-armllvm_4.0.1.LTS\lib\armv6m-ti-none-eabi\c\</path>
         <kind>archive</kind>
         <file>libsysbm.a</file>
         <name>add_device.c.obj</name>
      </input_file>
      <input_file id="fl-ef">
         <path>C:\ti\ccs2000\ccs\tools\compiler\ti-cgt-armllvm_4.0.1.LTS\lib\armv6m-ti-none-eabi\c\</path>
         <kind>archive</kind>
         <file>libsysbm.a</file>
         <name>unlink.c.obj</name>
      </input_file>
      <input_file id="fl-f0">
         <path>C:\ti\ccs2000\ccs\tools\compiler\ti-cgt-armllvm_4.0.1.LTS\lib\armv6m-ti-none-eabi\c\</path>
         <kind>archive</kind>
         <file>libsysbm.a</file>
         <name>hostclose.c.obj</name>
      </input_file>
      <input_file id="fl-f1">
         <path>C:\ti\ccs2000\ccs\tools\compiler\ti-cgt-armllvm_4.0.1.LTS\lib\armv6m-ti-none-eabi\c\</path>
         <kind>archive</kind>
         <file>libsysbm.a</file>
         <name>hostlseek.c.obj</name>
      </input_file>
      <input_file id="fl-f2">
         <path>C:\ti\ccs2000\ccs\tools\compiler\ti-cgt-armllvm_4.0.1.LTS\lib\armv6m-ti-none-eabi\c\</path>
         <kind>archive</kind>
         <file>libsysbm.a</file>
         <name>hostopen.c.obj</name>
      </input_file>
      <input_file id="fl-f3">
         <path>C:\ti\ccs2000\ccs\tools\compiler\ti-cgt-armllvm_4.0.1.LTS\lib\armv6m-ti-none-eabi\c\</path>
         <kind>archive</kind>
         <file>libsysbm.a</file>
         <name>hostread.c.obj</name>
      </input_file>
      <input_file id="fl-f4">
         <path>C:\ti\ccs2000\ccs\tools\compiler\ti-cgt-armllvm_4.0.1.LTS\lib\armv6m-ti-none-eabi\c\</path>
         <kind>archive</kind>
         <file>libsysbm.a</file>
         <name>hostrename.c.obj</name>
      </input_file>
      <input_file id="fl-f5">
         <path>C:\ti\ccs2000\ccs\tools\compiler\ti-cgt-armllvm_4.0.1.LTS\lib\armv6m-ti-none-eabi\c\</path>
         <kind>archive</kind>
         <file>libsysbm.a</file>
         <name>hostunlink.c.obj</name>
      </input_file>
      <input_file id="fl-f6">
         <path>C:\ti\ccs2000\ccs\tools\compiler\ti-cgt-armllvm_4.0.1.LTS\lib\armv6m-ti-none-eabi\c\</path>
         <kind>archive</kind>
         <file>libsysbm.a</file>
         <name>hostwrite.c.obj</name>
      </input_file>
      <input_file id="fl-f7">
         <path>C:\ti\ccs2000\ccs\tools\compiler\ti-cgt-armllvm_4.0.1.LTS\lib\armv6m-ti-none-eabi\c\</path>
         <kind>archive</kind>
         <file>libsysbm.a</file>
         <name>trgmsg.c.obj</name>
      </input_file>
      <input_file id="fl-f8">
         <path>C:\ti\ccs2000\ccs\tools\compiler\ti-cgt-armllvm_4.0.1.LTS\lib\armv6m-ti-none-eabi\</path>
         <kind>archive</kind>
         <file>libclang_rt.builtins.a</file>
         <name>addsf3.S.obj</name>
      </input_file>
      <input_file id="fl-f9">
         <path>C:\ti\ccs2000\ccs\tools\compiler\ti-cgt-armllvm_4.0.1.LTS\lib\armv6m-ti-none-eabi\</path>
         <kind>archive</kind>
         <file>libclang_rt.builtins.a</file>
         <name>adddf3.S.obj</name>
      </input_file>
      <input_file id="fl-fa">
         <path>C:\ti\ccs2000\ccs\tools\compiler\ti-cgt-armllvm_4.0.1.LTS\lib\armv6m-ti-none-eabi\</path>
         <kind>archive</kind>
         <file>libclang_rt.builtins.a</file>
         <name>muldf3.S.obj</name>
      </input_file>
      <input_file id="fl-fb">
         <path>C:\ti\ccs2000\ccs\tools\compiler\ti-cgt-armllvm_4.0.1.LTS\lib\armv6m-ti-none-eabi\</path>
         <kind>archive</kind>
         <file>libclang_rt.builtins.a</file>
         <name>muldsi3.S.obj</name>
      </input_file>
      <input_file id="fl-fc">
         <path>C:\ti\ccs2000\ccs\tools\compiler\ti-cgt-armllvm_4.0.1.LTS\lib\armv6m-ti-none-eabi\</path>
         <kind>archive</kind>
         <file>libclang_rt.builtins.a</file>
         <name>mulsf3.S.obj</name>
      </input_file>
      <input_file id="fl-fd">
         <path>C:\ti\ccs2000\ccs\tools\compiler\ti-cgt-armllvm_4.0.1.LTS\lib\armv6m-ti-none-eabi\</path>
         <kind>archive</kind>
         <file>libclang_rt.builtins.a</file>
         <name>divdf3.S.obj</name>
      </input_file>
      <input_file id="fl-fe">
         <path>C:\ti\ccs2000\ccs\tools\compiler\ti-cgt-armllvm_4.0.1.LTS\lib\armv6m-ti-none-eabi\</path>
         <kind>archive</kind>
         <file>libclang_rt.builtins.a</file>
         <name>fixdfsi.S.obj</name>
      </input_file>
      <input_file id="fl-ff">
         <path>C:\ti\ccs2000\ccs\tools\compiler\ti-cgt-armllvm_4.0.1.LTS\lib\armv6m-ti-none-eabi\</path>
         <kind>archive</kind>
         <file>libclang_rt.builtins.a</file>
         <name>fixsfsi.S.obj</name>
      </input_file>
      <input_file id="fl-100">
         <path>C:\ti\ccs2000\ccs\tools\compiler\ti-cgt-armllvm_4.0.1.LTS\lib\armv6m-ti-none-eabi\</path>
         <kind>archive</kind>
         <file>libclang_rt.builtins.a</file>
         <name>floatsidf.S.obj</name>
      </input_file>
      <input_file id="fl-101">
         <path>C:\ti\ccs2000\ccs\tools\compiler\ti-cgt-armllvm_4.0.1.LTS\lib\armv6m-ti-none-eabi\</path>
         <kind>archive</kind>
         <file>libclang_rt.builtins.a</file>
         <name>floatsisf.S.obj</name>
      </input_file>
      <input_file id="fl-102">
         <path>C:\ti\ccs2000\ccs\tools\compiler\ti-cgt-armllvm_4.0.1.LTS\lib\armv6m-ti-none-eabi\</path>
         <kind>archive</kind>
         <file>libclang_rt.builtins.a</file>
         <name>floatunsidf.S.obj</name>
      </input_file>
      <input_file id="fl-103">
         <path>C:\ti\ccs2000\ccs\tools\compiler\ti-cgt-armllvm_4.0.1.LTS\lib\armv6m-ti-none-eabi\</path>
         <kind>archive</kind>
         <file>libclang_rt.builtins.a</file>
         <name>muldi3.S.obj</name>
      </input_file>
      <input_file id="fl-104">
         <path>C:\ti\ccs2000\ccs\tools\compiler\ti-cgt-armllvm_4.0.1.LTS\lib\armv6m-ti-none-eabi\</path>
         <kind>archive</kind>
         <file>libclang_rt.builtins.a</file>
         <name>truncdfsf2.S.obj</name>
      </input_file>
      <input_file id="fl-105">
         <path>C:\ti\ccs2000\ccs\tools\compiler\ti-cgt-armllvm_4.0.1.LTS\lib\armv6m-ti-none-eabi\</path>
         <kind>archive</kind>
         <file>libclang_rt.builtins.a</file>
         <name>aeabi_dcmp.S.obj</name>
      </input_file>
      <input_file id="fl-106">
         <path>C:\ti\ccs2000\ccs\tools\compiler\ti-cgt-armllvm_4.0.1.LTS\lib\armv6m-ti-none-eabi\</path>
         <kind>archive</kind>
         <file>libclang_rt.builtins.a</file>
         <name>aeabi_idivmod.S.obj</name>
      </input_file>
      <input_file id="fl-107">
         <path>C:\ti\ccs2000\ccs\tools\compiler\ti-cgt-armllvm_4.0.1.LTS\lib\armv6m-ti-none-eabi\</path>
         <kind>archive</kind>
         <file>libclang_rt.builtins.a</file>
         <name>aeabi_memcpy.S.obj</name>
      </input_file>
      <input_file id="fl-108">
         <path>C:\ti\ccs2000\ccs\tools\compiler\ti-cgt-armllvm_4.0.1.LTS\lib\armv6m-ti-none-eabi\</path>
         <kind>archive</kind>
         <file>libclang_rt.builtins.a</file>
         <name>aeabi_memset.S.obj</name>
      </input_file>
      <input_file id="fl-109">
         <path>C:\ti\ccs2000\ccs\tools\compiler\ti-cgt-armllvm_4.0.1.LTS\lib\armv6m-ti-none-eabi\</path>
         <kind>archive</kind>
         <file>libclang_rt.builtins.a</file>
         <name>aeabi_uidivmod.S.obj</name>
      </input_file>
      <input_file id="fl-10a">
         <path>C:\ti\ccs2000\ccs\tools\compiler\ti-cgt-armllvm_4.0.1.LTS\lib\armv6m-ti-none-eabi\</path>
         <kind>archive</kind>
         <file>libclang_rt.builtins.a</file>
         <name>aeabi_uldivmod.S.obj</name>
      </input_file>
      <input_file id="fl-10b">
         <path>C:\ti\ccs2000\ccs\tools\compiler\ti-cgt-armllvm_4.0.1.LTS\lib\armv6m-ti-none-eabi\</path>
         <kind>archive</kind>
         <file>libclang_rt.builtins.a</file>
         <name>udivmoddi4.S.obj</name>
      </input_file>
      <input_file id="fl-10c">
         <path>C:\ti\ccs2000\ccs\tools\compiler\ti-cgt-armllvm_4.0.1.LTS\lib\armv6m-ti-none-eabi\</path>
         <kind>archive</kind>
         <file>libclang_rt.builtins.a</file>
         <name>ashldi3.S.obj</name>
      </input_file>
      <input_file id="fl-10d">
         <path>C:\ti\ccs2000\ccs\tools\compiler\ti-cgt-armllvm_4.0.1.LTS\lib\armv6m-ti-none-eabi\</path>
         <kind>archive</kind>
         <file>libclang_rt.builtins.a</file>
         <name>comparedf2.c.obj</name>
      </input_file>
      <input_file id="fl-10e">
         <path>C:\ti\ccs2000\ccs\tools\compiler\ti-cgt-armllvm_4.0.1.LTS\lib\armv6m-ti-none-eabi\</path>
         <kind>archive</kind>
         <file>libclang_rt.builtins.a</file>
         <name>aeabi_div0.c.obj</name>
      </input_file>
      <input_file id="fl-10f">
         <path>C:\ti\ccs2000\ccs\tools\compiler\ti-cgt-armllvm_4.0.1.LTS\lib\armv6m-ti-none-eabi\c\</path>
         <kind>archive</kind>
         <file>libc.a</file>
         <name>getdevice.c.obj</name>
      </input_file>
      <input_file id="fl-110">
         <path>C:\ti\ccs2000\ccs\tools\compiler\ti-cgt-armllvm_4.0.1.LTS\lib\armv6m-ti-none-eabi\c\</path>
         <kind>archive</kind>
         <file>libc.a</file>
         <name>memcpy16.S.obj</name>
      </input_file>
      <input_file id="fl-111">
         <path>C:\ti\ccs2000\ccs\tools\compiler\ti-cgt-armllvm_4.0.1.LTS\lib\armv6m-ti-none-eabi\c\</path>
         <kind>archive</kind>
         <file>libc.a</file>
         <name>memset16.S.obj</name>
      </input_file>
      <input_file id="fl-112">
         <path>C:\ti\ccs2000\ccs\tools\compiler\ti-cgt-armllvm_4.0.1.LTS\lib\armv6m-ti-none-eabi\c\</path>
         <kind>archive</kind>
         <file>libc.a</file>
         <name>strcmp-armv6m.S.obj</name>
      </input_file>
   </input_file_list>
   <object_component_list>
      <object_component id="oc-18">
         <name>.intvecs</name>
         <load_address>0x0</load_address>
         <readonly>true</readonly>
         <run_address>0x0</run_address>
         <size>0xc0</size>
         <alignment>0x4</alignment>
         <input_file_ref idref="fl-13"/>
      </object_component>
      <object_component id="oc-42">
         <name>.text.TIMG12_IRQHandler</name>
         <load_address>0x19b20</load_address>
         <readonly>true</readonly>
         <executable>true</executable>
         <run_address>0x19b20</run_address>
         <size>0x454</size>
         <alignment>0x4</alignment>
         <input_file_ref idref="fl-5"/>
      </object_component>
      <object_component id="oc-bd">
         <name>.text.main</name>
         <load_address>0x19f74</load_address>
         <readonly>true</readonly>
         <executable>true</executable>
         <run_address>0x19f74</run_address>
         <size>0x3d8</size>
         <alignment>0x4</alignment>
         <input_file_ref idref="fl-5"/>
      </object_component>
      <object_component id="oc-115">
         <name>.text._Z17ST7735_DrawBitmapssPKtss</name>
         <load_address>0x1a34c</load_address>
         <readonly>true</readonly>
         <executable>true</executable>
         <run_address>0x1a34c</run_address>
         <size>0x210</size>
         <alignment>0x4</alignment>
         <input_file_ref idref="fl-9"/>
      </object_component>
      <object_component id="oc-16e">
         <name>.text._Z15Clock_Init80MHzi</name>
         <load_address>0x1a55c</load_address>
         <readonly>true</readonly>
         <executable>true</executable>
         <run_address>0x1a55c</run_address>
         <size>0x1b4</size>
         <alignment>0x4</alignment>
         <input_file_ref idref="fl-1"/>
      </object_component>
      <object_component id="oc-1b2">
         <name>.text._Z16ST7735_DrawCharSsscssh</name>
         <load_address>0x1a710</load_address>
         <readonly>true</readonly>
         <executable>true</executable>
         <run_address>0x1a710</run_address>
         <size>0x1a0</size>
         <alignment>0x4</alignment>
         <input_file_ref idref="fl-9"/>
      </object_component>
      <object_component id="oc-1ea">
         <name>.text._openfile</name>
         <load_address>0x1a8b0</load_address>
         <readonly>true</readonly>
         <executable>true</executable>
         <run_address>0x1a8b0</run_address>
         <size>0x154</size>
         <alignment>0x4</alignment>
         <input_file_ref idref="fl-34"/>
      </object_component>
      <object_component id="oc-198">
         <name>.text._Z8ADC_InitP10ADC12_Regsjj</name>
         <load_address>0x1aa04</load_address>
         <readonly>true</readonly>
         <executable>true</executable>
         <run_address>0x1aa04</run_address>
         <size>0x128</size>
         <alignment>0x4</alignment>
         <input_file_ref idref="fl-f"/>
      </object_component>
      <object_component id="oc-191">
         <name>.text._Z15ST7735_FillRectsssst</name>
         <load_address>0x1ab2c</load_address>
         <readonly>true</readonly>
         <executable>true</executable>
         <run_address>0x1ab2c</run_address>
         <size>0x118</size>
         <alignment>0x4</alignment>
         <input_file_ref idref="fl-9"/>
      </object_component>
      <object_component id="oc-24f">
         <name>.text.aligned_alloc</name>
         <load_address>0x1ac44</load_address>
         <readonly>true</readonly>
         <executable>true</executable>
         <run_address>0x1ac44</run_address>
         <size>0x114</size>
         <alignment>0x4</alignment>
         <input_file_ref idref="fl-3b"/>
      </object_component>
      <object_component id="oc-20e">
         <name>.text._Z8SPI_Initv</name>
         <load_address>0x1ad58</load_address>
         <readonly>true</readonly>
         <executable>true</executable>
         <run_address>0x1ad58</run_address>
         <size>0xf8</size>
         <alignment>0x4</alignment>
         <input_file_ref idref="fl-8"/>
      </object_component>
      <object_component id="oc-116">
         <name>.text._Z18ST7735_SetRotationh</name>
         <load_address>0x1ae50</load_address>
         <readonly>true</readonly>
         <executable>true</executable>
         <run_address>0x1ae50</run_address>
         <size>0xf4</size>
         <alignment>0x4</alignment>
         <input_file_ref idref="fl-9"/>
      </object_component>
      <object_component id="oc-173">
         <name>.text.add_device</name>
         <load_address>0x1af44</load_address>
         <readonly>true</readonly>
         <executable>true</executable>
         <run_address>0x1af44</run_address>
         <size>0xec</size>
         <alignment>0x4</alignment>
         <input_file_ref idref="fl-ee"/>
      </object_component>
      <object_component id="oc-19a">
         <name>.text._Z9UART_Initv</name>
         <load_address>0x1b030</load_address>
         <readonly>true</readonly>
         <executable>true</executable>
         <run_address>0x1b030</run_address>
         <size>0xe8</size>
         <alignment>0x4</alignment>
         <input_file_ref idref="fl-f"/>
      </object_component>
      <object_component id="oc-1f3">
         <name>.text.free</name>
         <load_address>0x1b118</load_address>
         <readonly>true</readonly>
         <executable>true</executable>
         <run_address>0x1b118</run_address>
         <size>0xe8</size>
         <alignment>0x4</alignment>
         <input_file_ref idref="fl-3b"/>
      </object_component>
      <object_component id="oc-17e">
         <name>.text.setvbuf</name>
         <load_address>0x1b200</load_address>
         <readonly>true</readonly>
         <executable>true</executable>
         <run_address>0x1b200</run_address>
         <size>0xe0</size>
         <alignment>0x4</alignment>
         <input_file_ref idref="fl-35"/>
      </object_component>
      <object_component id="oc-92">
         <name>.text</name>
         <load_address>0x1b2e0</load_address>
         <readonly>true</readonly>
         <executable>true</executable>
         <run_address>0x1b2e0</run_address>
         <size>0xd8</size>
         <alignment>0x4</alignment>
         <input_file_ref idref="fl-f8"/>
      </object_component>
      <object_component id="oc-1ad">
         <name>.text._Z14ST7735_OutCharc</name>
         <load_address>0x1b3b8</load_address>
         <readonly>true</readonly>
         <executable>true</executable>
         <run_address>0x1b3b8</run_address>
         <size>0xd0</size>
         <alignment>0x4</alignment>
         <input_file_ref idref="fl-9"/>
      </object_component>
      <object_component id="oc-19c">
         <name>.text._Z14TimerG7_IntArmtjj</name>
         <load_address>0x1b488</load_address>
         <readonly>true</readonly>
         <executable>true</executable>
         <run_address>0x1b488</run_address>
         <size>0xa8</size>
         <alignment>0x4</alignment>
         <input_file_ref idref="fl-10"/>
      </object_component>
      <object_component id="oc-19d">
         <name>.text._Z9I2C_Send2ahh</name>
         <load_address>0x1b530</load_address>
         <readonly>true</readonly>
         <executable>true</executable>
         <run_address>0x1b530</run_address>
         <size>0xa8</size>
         <alignment>0x4</alignment>
         <input_file_ref idref="fl-3"/>
      </object_component>
      <object_component id="oc-cf">
         <name>.text._Z10IMU_Z_Axisa</name>
         <load_address>0x1b5d8</load_address>
         <readonly>true</readonly>
         <executable>true</executable>
         <run_address>0x1b5d8</run_address>
         <size>0xa4</size>
         <alignment>0x2</alignment>
         <input_file_ref idref="fl-3"/>
      </object_component>
      <object_component id="oc-1d6">
         <name>.text._ZL11commandListPKh</name>
         <load_address>0x1b67c</load_address>
         <readonly>true</readonly>
         <executable>true</executable>
         <run_address>0x1b67c</run_address>
         <size>0xa2</size>
         <alignment>0x2</alignment>
         <input_file_ref idref="fl-9"/>
      </object_component>
      <object_component id="oc-a0">
         <name>.text._Z13Sound_Powerupv</name>
         <load_address>0x1b71e</load_address>
         <readonly>true</readonly>
         <executable>true</executable>
         <run_address>0x1b71e</run_address>
         <size>0x2</size>
         <alignment>0x2</alignment>
         <input_file_ref idref="fl-c"/>
      </object_component>
      <object_component id="oc-237">
         <name>.text.open</name>
         <load_address>0x1b720</load_address>
         <readonly>true</readonly>
         <executable>true</executable>
         <run_address>0x1b720</run_address>
         <size>0xa0</size>
         <alignment>0x4</alignment>
         <input_file_ref idref="fl-eb"/>
      </object_component>
      <object_component id="oc-fe">
         <name>.text._Z17ST7735_InitPrintfv</name>
         <load_address>0x1b7c0</load_address>
         <readonly>true</readonly>
         <executable>true</executable>
         <run_address>0x1b7c0</run_address>
         <size>0x9c</size>
         <alignment>0x4</alignment>
         <input_file_ref idref="fl-9"/>
      </object_component>
      <object_component id="oc-151">
         <name>.text._Z9I2C_Send1ah</name>
         <load_address>0x1b85c</load_address>
         <readonly>true</readonly>
         <executable>true</executable>
         <run_address>0x1b85c</run_address>
         <size>0x9c</size>
         <alignment>0x4</alignment>
         <input_file_ref idref="fl-3"/>
      </object_component>
      <object_component id="oc-172">
         <name>.text._Z12ST7735_InitR10initRFlags</name>
         <load_address>0x1b8f8</load_address>
         <readonly>true</readonly>
         <executable>true</executable>
         <run_address>0x1b8f8</run_address>
         <size>0x98</size>
         <alignment>0x4</alignment>
         <input_file_ref idref="fl-9"/>
      </object_component>
      <object_component id="oc-11c">
         <name>.text._Z15TimerG12_IntArmjj</name>
         <load_address>0x1b990</load_address>
         <readonly>true</readonly>
         <executable>true</executable>
         <run_address>0x1b990</run_address>
         <size>0x94</size>
         <alignment>0x4</alignment>
         <input_file_ref idref="fl-10"/>
      </object_component>
      <object_component id="oc-d4">
         <name>.text.__mulsf3</name>
         <load_address>0x1ba24</load_address>
         <readonly>true</readonly>
         <executable>true</executable>
         <run_address>0x1ba24</run_address>
         <size>0x8c</size>
         <alignment>0x4</alignment>
         <input_file_ref idref="fl-fc"/>
      </object_component>
      <object_component id="oc-11b">
         <name>.text._Z16Startup_Sequencev</name>
         <load_address>0x1bab0</load_address>
         <readonly>true</readonly>
         <executable>true</executable>
         <run_address>0x1bab0</run_address>
         <size>0x88</size>
         <alignment>0x2</alignment>
         <input_file_ref idref="fl-5"/>
      </object_component>
      <object_component id="oc-1a1">
         <name>.text._ZL13setAddrWindowhhhh</name>
         <load_address>0x1bb38</load_address>
         <readonly>true</readonly>
         <executable>true</executable>
         <run_address>0x1bb38</run_address>
         <size>0x88</size>
         <alignment>0x4</alignment>
         <input_file_ref idref="fl-9"/>
      </object_component>
      <object_component id="oc-20f">
         <name>.text:strcmp</name>
         <load_address>0x1bbc0</load_address>
         <readonly>true</readonly>
         <executable>true</executable>
         <run_address>0x1bbc0</run_address>
         <size>0x88</size>
         <alignment>0x10</alignment>
         <input_file_ref idref="fl-112"/>
      </object_component>
      <object_component id="oc-122">
         <name>.text._Z14ST7735_OutUDecj</name>
         <load_address>0x1bc48</load_address>
         <readonly>true</readonly>
         <executable>true</executable>
         <run_address>0x1bc48</run_address>
         <size>0x84</size>
         <alignment>0x4</alignment>
         <input_file_ref idref="fl-9"/>
      </object_component>
      <object_component id="oc-1b1">
         <name>.text._Z17ST7735_DrawStringttPcs</name>
         <load_address>0x1bccc</load_address>
         <readonly>true</readonly>
         <executable>true</executable>
         <run_address>0x1bccc</run_address>
         <size>0x84</size>
         <alignment>0x2</alignment>
         <input_file_ref idref="fl-9"/>
      </object_component>
      <object_component id="oc-f9">
         <name>.text._Z14LaunchPad_Initv</name>
         <load_address>0x1bd50</load_address>
         <readonly>true</readonly>
         <executable>true</executable>
         <run_address>0x1bd50</run_address>
         <size>0x7c</size>
         <alignment>0x4</alignment>
         <input_file_ref idref="fl-6"/>
      </object_component>
      <object_component id="oc-104">
         <name>.text._ZN8SlidePot4InitEv</name>
         <load_address>0x1bdcc</load_address>
         <readonly>true</readonly>
         <executable>true</executable>
         <run_address>0x1bdcc</run_address>
         <size>0x7c</size>
         <alignment>0x4</alignment>
         <input_file_ref idref="fl-a"/>
      </object_component>
      <object_component id="oc-1ed">
         <name>.text.__TI_closefile</name>
         <load_address>0x1be48</load_address>
         <readonly>true</readonly>
         <executable>true</executable>
         <run_address>0x1be48</run_address>
         <size>0x7c</size>
         <alignment>0x4</alignment>
         <input_file_ref idref="fl-42"/>
      </object_component>
      <object_component id="oc-1c">
         <name>.text:decompress:lzss</name>
         <load_address>0x1bec4</load_address>
         <readonly>true</readonly>
         <executable>true</executable>
         <run_address>0x1bec4</run_address>
         <size>0x7c</size>
         <alignment>0x4</alignment>
         <input_file_ref idref="fl-3e"/>
      </object_component>
      <object_component id="oc-10e">
         <name>.text._Z8I2C_Initv</name>
         <load_address>0x1bf40</load_address>
         <readonly>true</readonly>
         <executable>true</executable>
         <run_address>0x1bf40</run_address>
         <size>0x78</size>
         <alignment>0x4</alignment>
         <input_file_ref idref="fl-3"/>
      </object_component>
      <object_component id="oc-9e">
         <name>.text._Z14checkCollisionPK8sprite_tS1_</name>
         <load_address>0x1bfb8</load_address>
         <readonly>true</readonly>
         <executable>true</executable>
         <run_address>0x1bfb8</run_address>
         <size>0x74</size>
         <alignment>0x2</alignment>
         <input_file_ref idref="fl-d"/>
      </object_component>
      <object_component id="oc-10a">
         <name>.text._Z8LED_Initv</name>
         <load_address>0x1c02c</load_address>
         <readonly>true</readonly>
         <executable>true</executable>
         <run_address>0x1c02c</run_address>
         <size>0x74</size>
         <alignment>0x4</alignment>
         <input_file_ref idref="fl-4"/>
      </object_component>
      <object_component id="oc-200">
         <name>.text._Z16ST7735_DrawPixelsst</name>
         <load_address>0x1c0a0</load_address>
         <readonly>true</readonly>
         <executable>true</executable>
         <run_address>0x1c0a0</run_address>
         <size>0x70</size>
         <alignment>0x4</alignment>
         <input_file_ref idref="fl-9"/>
      </object_component>
      <object_component id="oc-225">
         <name>.text.HOSTlseek</name>
         <load_address>0x1c110</load_address>
         <readonly>true</readonly>
         <executable>true</executable>
         <run_address>0x1c110</run_address>
         <size>0x6c</size>
         <alignment>0x4</alignment>
         <input_file_ref idref="fl-f1"/>
      </object_component>
      <object_component id="oc-22d">
         <name>.text.HOSTrename</name>
         <load_address>0x1c17c</load_address>
         <readonly>true</readonly>
         <executable>true</executable>
         <run_address>0x1c17c</run_address>
         <size>0x6c</size>
         <alignment>0x4</alignment>
         <input_file_ref idref="fl-f4"/>
      </object_component>
      <object_component id="oc-271">
         <name>.text.getdevice</name>
         <load_address>0x1c1e8</load_address>
         <readonly>true</readonly>
         <executable>true</executable>
         <run_address>0x1c1e8</run_address>
         <size>0x6c</size>
         <alignment>0x4</alignment>
         <input_file_ref idref="fl-10f"/>
      </object_component>
      <object_component id="oc-288">
         <name>.text.split</name>
         <load_address>0x1c254</load_address>
         <readonly>true</readonly>
         <executable>true</executable>
         <run_address>0x1c254</run_address>
         <size>0x64</size>
         <alignment>0x4</alignment>
         <input_file_ref idref="fl-3b"/>
      </object_component>
      <object_component id="oc-215">
         <name>.text.HOSTopen</name>
         <load_address>0x1c2b8</load_address>
         <readonly>true</readonly>
         <executable>true</executable>
         <run_address>0x1c2b8</run_address>
         <size>0x60</size>
         <alignment>0x4</alignment>
         <input_file_ref idref="fl-f2"/>
      </object_component>
      <object_component id="oc-152">
         <name>.text._Z9I2C_Recv1a</name>
         <load_address>0x1c318</load_address>
         <readonly>true</readonly>
         <executable>true</executable>
         <run_address>0x1c318</run_address>
         <size>0x60</size>
         <alignment>0x4</alignment>
         <input_file_ref idref="fl-3"/>
      </object_component>
      <object_component id="oc-10f">
         <name>.text._Z8IMU_Inita</name>
         <load_address>0x1c378</load_address>
         <readonly>true</readonly>
         <executable>true</executable>
         <run_address>0x1c378</run_address>
         <size>0x5c</size>
         <alignment>0x2</alignment>
         <input_file_ref idref="fl-3"/>
      </object_component>
      <object_component id="oc-21d">
         <name>.text.HOSTread</name>
         <load_address>0x1c3d4</load_address>
         <readonly>true</readonly>
         <executable>true</executable>
         <run_address>0x1c3d4</run_address>
         <size>0x58</size>
         <alignment>0x4</alignment>
         <input_file_ref idref="fl-f3"/>
      </object_component>
      <object_component id="oc-221">
         <name>.text.HOSTwrite</name>
         <load_address>0x1c42c</load_address>
         <readonly>true</readonly>
         <executable>true</executable>
         <run_address>0x1c42c</run_address>
         <size>0x58</size>
         <alignment>0x4</alignment>
         <input_file_ref idref="fl-f6"/>
      </object_component>
      <object_component id="oc-10c">
         <name>.text._Z10TExaS_InitP10ADC12_RegsjPFhvE</name>
         <load_address>0x1c484</load_address>
         <readonly>true</readonly>
         <executable>true</executable>
         <run_address>0x1c484</run_address>
         <size>0x58</size>
         <alignment>0x4</alignment>
         <input_file_ref idref="fl-f"/>
      </object_component>
      <object_component id="oc-1c9">
         <name>.text._ZL13IC2FillTxFifoPht</name>
         <load_address>0x1c4dc</load_address>
         <readonly>true</readonly>
         <executable>true</executable>
         <run_address>0x1c4dc</run_address>
         <size>0x58</size>
         <alignment>0x4</alignment>
         <input_file_ref idref="fl-3"/>
      </object_component>
      <object_component id="oc-153">
         <name>.text.__aeabi_idivmod</name>
         <load_address>0x1c534</load_address>
         <readonly>true</readonly>
         <executable>true</executable>
         <run_address>0x1c534</run_address>
         <size>0x56</size>
         <alignment>0x4</alignment>
         <input_file_ref idref="fl-106"/>
      </object_component>
      <object_component id="oc-e8">
         <name>.text._Z14Sound_OffSidesv</name>
         <load_address>0x1c58a</load_address>
         <readonly>true</readonly>
         <executable>true</executable>
         <run_address>0x1c58a</run_address>
         <size>0x2</size>
         <alignment>0x2</alignment>
         <input_file_ref idref="fl-c"/>
      </object_component>
      <object_component id="oc-1b0">
         <name>.text._Z11fillmessagej</name>
         <load_address>0x1c58c</load_address>
         <readonly>true</readonly>
         <executable>true</executable>
         <run_address>0x1c58c</run_address>
         <size>0x54</size>
         <alignment>0x4</alignment>
         <input_file_ref idref="fl-9"/>
      </object_component>
      <object_component id="oc-96">
         <name>.text._Z13sprite_updateP8sprite_tii</name>
         <load_address>0x1c5e0</load_address>
         <readonly>true</readonly>
         <executable>true</executable>
         <run_address>0x1c5e0</run_address>
         <size>0x54</size>
         <alignment>0x2</alignment>
         <input_file_ref idref="fl-d"/>
      </object_component>
      <object_component id="oc-143">
         <name>.text:__TI_auto_init_nobinit</name>
         <load_address>0x1c634</load_address>
         <readonly>true</readonly>
         <executable>true</executable>
         <run_address>0x1c634</run_address>
         <size>0x54</size>
         <alignment>0x4</alignment>
         <input_file_ref idref="fl-47"/>
      </object_component>
      <object_component id="oc-23b">
         <name>.text.__TI_doflush</name>
         <load_address>0x1c688</load_address>
         <readonly>true</readonly>
         <executable>true</executable>
         <run_address>0x1c688</run_address>
         <size>0x52</size>
         <alignment>0x2</alignment>
         <input_file_ref idref="fl-43"/>
      </object_component>
      <object_component id="oc-1cb">
         <name>.text.__aeabi_idiv0</name>
         <load_address>0x1c6da</load_address>
         <readonly>true</readonly>
         <executable>true</executable>
         <run_address>0x1c6da</run_address>
         <size>0x2</size>
         <alignment>0x2</alignment>
         <input_file_ref idref="fl-10e"/>
      </object_component>
      <object_component id="oc-241">
         <name>.text.close</name>
         <load_address>0x1c6dc</load_address>
         <readonly>true</readonly>
         <executable>true</executable>
         <run_address>0x1c6dc</run_address>
         <size>0x50</size>
         <alignment>0x4</alignment>
         <input_file_ref idref="fl-ed"/>
      </object_component>
      <object_component id="oc-7d">
         <name>.text._Z9SampleIMUv</name>
         <load_address>0x1c72c</load_address>
         <readonly>true</readonly>
         <executable>true</executable>
         <run_address>0x1c72c</run_address>
         <size>0x4c</size>
         <alignment>0x4</alignment>
         <input_file_ref idref="fl-5"/>
      </object_component>
      <object_component id="oc-219">
         <name>.text.HOSTclose</name>
         <load_address>0x1c778</load_address>
         <readonly>true</readonly>
         <executable>true</executable>
         <run_address>0x1c778</run_address>
         <size>0x48</size>
         <alignment>0x4</alignment>
         <input_file_ref idref="fl-f0"/>
      </object_component>
      <object_component id="oc-229">
         <name>.text.HOSTunlink</name>
         <load_address>0x1c7c0</load_address>
         <readonly>true</readonly>
         <executable>true</executable>
         <run_address>0x1c7c0</run_address>
         <size>0x48</size>
         <alignment>0x4</alignment>
         <input_file_ref idref="fl-f5"/>
      </object_component>
      <object_component id="oc-38">
         <name>.text.SysTick_Handler</name>
         <load_address>0x1c808</load_address>
         <readonly>true</readonly>
         <executable>true</executable>
         <run_address>0x1c808</run_address>
         <size>0x48</size>
         <alignment>0x4</alignment>
         <input_file_ref idref="fl-c"/>
      </object_component>
      <object_component id="oc-1a7">
         <name>.text._Z14SPI_OutCommandc</name>
         <load_address>0x1c850</load_address>
         <readonly>true</readonly>
         <executable>true</executable>
         <run_address>0x1c850</run_address>
         <size>0x48</size>
         <alignment>0x4</alignment>
         <input_file_ref idref="fl-8"/>
      </object_component>
      <object_component id="oc-11a">
         <name>.text._ZN8SlidePot2InEv</name>
         <load_address>0x1c898</load_address>
         <readonly>true</readonly>
         <executable>true</executable>
         <run_address>0x1c898</run_address>
         <size>0x48</size>
         <alignment>0x4</alignment>
         <input_file_ref idref="fl-a"/>
      </object_component>
      <object_component id="oc-3d">
         <name>.text.TIMG7_IRQHandler</name>
         <load_address>0x1c8e0</load_address>
         <readonly>true</readonly>
         <executable>true</executable>
         <run_address>0x1c8e0</run_address>
         <size>0x40</size>
         <alignment>0x4</alignment>
         <input_file_ref idref="fl-f"/>
      </object_component>
      <object_component id="oc-10b">
         <name>.text._Z10Sound_Initv</name>
         <load_address>0x1c920</load_address>
         <readonly>true</readonly>
         <executable>true</executable>
         <run_address>0x1c920</run_address>
         <size>0x40</size>
         <alignment>0x4</alignment>
         <input_file_ref idref="fl-c"/>
      </object_component>
      <object_component id="oc-15e">
         <name>.text._Z14SysTick_IntArmjj</name>
         <load_address>0x1c960</load_address>
         <readonly>true</readonly>
         <executable>true</executable>
         <run_address>0x1c960</run_address>
         <size>0x40</size>
         <alignment>0x4</alignment>
         <input_file_ref idref="fl-c"/>
      </object_component>
      <object_component id="oc-251">
         <name>.text._Z9SPI_Resetv</name>
         <load_address>0x1c9a0</load_address>
         <readonly>true</readonly>
         <executable>true</executable>
         <run_address>0x1c9a0</run_address>
         <size>0x40</size>
         <alignment>0x4</alignment>
         <input_file_ref idref="fl-8"/>
      </object_component>
      <object_component id="oc-163">
         <name>.text.__aeabi_uidivmod</name>
         <load_address>0x1c9e0</load_address>
         <readonly>true</readonly>
         <executable>true</executable>
         <run_address>0x1c9e0</run_address>
         <size>0x40</size>
         <alignment>0x4</alignment>
         <input_file_ref idref="fl-109"/>
      </object_component>
      <object_component id="oc-1e9">
         <name>.text._search_fp</name>
         <load_address>0x1ca20</load_address>
         <readonly>true</readonly>
         <executable>true</executable>
         <run_address>0x1ca20</run_address>
         <size>0x40</size>
         <alignment>0x4</alignment>
         <input_file_ref idref="fl-34"/>
      </object_component>
      <object_component id="oc-de">
         <name>.text._Z11Sound_StartPKhj</name>
         <load_address>0x1ca60</load_address>
         <readonly>true</readonly>
         <executable>true</executable>
         <run_address>0x1ca60</run_address>
         <size>0x3c</size>
         <alignment>0x4</alignment>
         <input_file_ref idref="fl-c"/>
      </object_component>
      <object_component id="oc-197">
         <name>.text._Z9DAC5_Initv</name>
         <load_address>0x1ca9c</load_address>
         <readonly>true</readonly>
         <executable>true</executable>
         <run_address>0x1ca9c</run_address>
         <size>0x3c</size>
         <alignment>0x4</alignment>
         <input_file_ref idref="fl-2"/>
      </object_component>
      <object_component id="oc-8e">
         <name>.text.__floatsisf</name>
         <load_address>0x1cad8</load_address>
         <readonly>true</readonly>
         <executable>true</executable>
         <run_address>0x1cad8</run_address>
         <size>0x3c</size>
         <alignment>0x4</alignment>
         <input_file_ref idref="fl-101"/>
      </object_component>
      <object_component id="oc-159">
         <name>.text.__muldsi3</name>
         <load_address>0x1cb14</load_address>
         <readonly>true</readonly>
         <executable>true</executable>
         <run_address>0x1cb14</run_address>
         <size>0x3a</size>
         <alignment>0x4</alignment>
         <input_file_ref idref="fl-fb"/>
      </object_component>
      <object_component id="oc-202">
         <name>.text._nop</name>
         <load_address>0x1cb4e</load_address>
         <readonly>true</readonly>
         <executable>true</executable>
         <run_address>0x1cb4e</run_address>
         <size>0x2</size>
         <alignment>0x2</alignment>
         <input_file_ref idref="fl-38"/>
      </object_component>
      <object_component id="oc-1a2">
         <name>.text._Z11SPI_OutDatac</name>
         <load_address>0x1cb50</load_address>
         <readonly>true</readonly>
         <executable>true</executable>
         <run_address>0x1cb50</run_address>
         <size>0x38</size>
         <alignment>0x4</alignment>
         <input_file_ref idref="fl-8"/>
      </object_component>
      <object_component id="oc-16f">
         <name>.text._Z15ActivatePortA_Bv</name>
         <load_address>0x1cb88</load_address>
         <readonly>true</readonly>
         <executable>true</executable>
         <run_address>0x1cb88</run_address>
         <size>0x38</size>
         <alignment>0x4</alignment>
         <input_file_ref idref="fl-6"/>
      </object_component>
      <object_component id="oc-8a">
         <name>.text.__fixsfsi</name>
         <load_address>0x1cbc0</load_address>
         <readonly>true</readonly>
         <executable>true</executable>
         <run_address>0x1cbc0</run_address>
         <size>0x38</size>
         <alignment>0x4</alignment>
         <input_file_ref idref="fl-ff"/>
      </object_component>
      <object_component id="oc-185">
         <name>.text._Z12ST7735_writeiPKcj</name>
         <load_address>0x1cbf8</load_address>
         <readonly>true</readonly>
         <executable>true</executable>
         <run_address>0x1cbf8</run_address>
         <size>0x34</size>
         <alignment>0x2</alignment>
         <input_file_ref idref="fl-9"/>
      </object_component>
      <object_component id="oc-110">
         <name>.text._Z14Clock_Delay1msj</name>
         <load_address>0x1cc2c</load_address>
         <readonly>true</readonly>
         <executable>true</executable>
         <run_address>0x1cc2c</run_address>
         <size>0x34</size>
         <alignment>0x4</alignment>
         <input_file_ref idref="fl-1"/>
      </object_component>
      <object_component id="oc-118">
         <name>.text._Z16ST7735_SetCursorjj</name>
         <load_address>0x1cc60</load_address>
         <readonly>true</readonly>
         <executable>true</executable>
         <run_address>0x1cc60</run_address>
         <size>0x34</size>
         <alignment>0x4</alignment>
         <input_file_ref idref="fl-9"/>
      </object_component>
      <object_component id="oc-1f6">
         <name>.text.__TI_cleanup</name>
         <load_address>0x1cc94</load_address>
         <readonly>true</readonly>
         <executable>true</executable>
         <run_address>0x1cc94</run_address>
         <size>0x34</size>
         <alignment>0x4</alignment>
         <input_file_ref idref="fl-34"/>
      </object_component>
      <object_component id="oc-259">
         <name>.text.__TI_readmsg</name>
         <load_address>0x1ccc8</load_address>
         <readonly>true</readonly>
         <executable>true</executable>
         <run_address>0x1ccc8</run_address>
         <size>0x34</size>
         <alignment>0x4</alignment>
         <input_file_ref idref="fl-f7"/>
      </object_component>
      <object_component id="oc-253">
         <name>.text.__TI_writemsg</name>
         <load_address>0x1ccfc</load_address>
         <readonly>true</readonly>
         <executable>true</executable>
         <run_address>0x1ccfc</run_address>
         <size>0x34</size>
         <alignment>0x4</alignment>
         <input_file_ref idref="fl-f7"/>
      </object_component>
      <object_component id="oc-13b">
         <name>.text.exit</name>
         <load_address>0x1cd30</load_address>
         <readonly>true</readonly>
         <executable>true</executable>
         <run_address>0x1cd30</run_address>
         <size>0x34</size>
         <alignment>0x4</alignment>
         <input_file_ref idref="fl-37"/>
      </object_component>
      <object_component id="oc-1dd">
         <name>.text.finddevice</name>
         <load_address>0x1cd64</load_address>
         <readonly>true</readonly>
         <executable>true</executable>
         <run_address>0x1cd64</run_address>
         <size>0x34</size>
         <alignment>0x4</alignment>
         <input_file_ref idref="fl-10f"/>
      </object_component>
      <object_component id="oc-17d">
         <name>.text.freopen</name>
         <load_address>0x1cd98</load_address>
         <readonly>true</readonly>
         <executable>true</executable>
         <run_address>0x1cd98</run_address>
         <size>0x34</size>
         <alignment>0x4</alignment>
         <input_file_ref idref="fl-34"/>
      </object_component>
      <object_component id="oc-1d5">
         <name>.text._ZL10commonInitPKh</name>
         <load_address>0x1cdcc</load_address>
         <readonly>true</readonly>
         <executable>true</executable>
         <run_address>0x1cdcc</run_address>
         <size>0x30</size>
         <alignment>0x4</alignment>
         <input_file_ref idref="fl-9"/>
      </object_component>
      <object_component id="oc-177">
         <name>.text.fopen</name>
         <load_address>0x1cdfc</load_address>
         <readonly>true</readonly>
         <executable>true</executable>
         <run_address>0x1cdfc</run_address>
         <size>0x30</size>
         <alignment>0x4</alignment>
         <input_file_ref idref="fl-34"/>
      </object_component>
      <object_component id="oc-103">
         <name>.text._Z17ST7735_FillScreent</name>
         <load_address>0x1ce2c</load_address>
         <readonly>true</readonly>
         <executable>true</executable>
         <run_address>0x1ce2c</run_address>
         <size>0x2c</size>
         <alignment>0x4</alignment>
         <input_file_ref idref="fl-9"/>
      </object_component>
      <object_component id="oc-280">
         <name>.text.unlink</name>
         <load_address>0x1ce58</load_address>
         <readonly>true</readonly>
         <executable>true</executable>
         <run_address>0x1ce58</run_address>
         <size>0x2c</size>
         <alignment>0x4</alignment>
         <input_file_ref idref="fl-ef"/>
      </object_component>
      <object_component id="oc-109">
         <name>.text._Z11Switch_Initv</name>
         <load_address>0x1ce84</load_address>
         <readonly>true</readonly>
         <executable>true</executable>
         <run_address>0x1ce84</run_address>
         <size>0x28</size>
         <alignment>0x4</alignment>
         <input_file_ref idref="fl-e"/>
      </object_component>
      <object_component id="oc-199">
         <name>.text._Z9ADC_StartP10ADC12_Regs</name>
         <load_address>0x1ceac</load_address>
         <readonly>true</readonly>
         <executable>true</executable>
         <run_address>0x1ceac</run_address>
         <size>0x28</size>
         <alignment>0x4</alignment>
         <input_file_ref idref="fl-f"/>
      </object_component>
      <object_component id="oc-24e">
         <name>.text.free_list_insert</name>
         <load_address>0x1ced4</load_address>
         <readonly>true</readonly>
         <executable>true</executable>
         <run_address>0x1ced4</run_address>
         <size>0x28</size>
         <alignment>0x4</alignment>
         <input_file_ref idref="fl-3b"/>
      </object_component>
      <object_component id="oc-277">
         <name>.text.write</name>
         <load_address>0x1cefc</load_address>
         <readonly>true</readonly>
         <executable>true</executable>
         <run_address>0x1cefc</run_address>
         <size>0x28</size>
         <alignment>0x4</alignment>
         <input_file_ref idref="fl-e8"/>
      </object_component>
      <object_component id="oc-62">
         <name>.text:_c_int00_noargs</name>
         <load_address>0x1cf24</load_address>
         <readonly>true</readonly>
         <executable>true</executable>
         <run_address>0x1cf24</run_address>
         <size>0x28</size>
         <alignment>0x4</alignment>
         <input_file_ref idref="fl-3f"/>
      </object_component>
      <object_component id="oc-119">
         <name>.text._Z16ST7735_OutStringPc</name>
         <load_address>0x1cf4c</load_address>
         <readonly>true</readonly>
         <executable>true</executable>
         <run_address>0x1cf4c</run_address>
         <size>0x26</size>
         <alignment>0x2</alignment>
         <input_file_ref idref="fl-9"/>
      </object_component>
      <object_component id="oc-9c">
         <name>.text._Z9create_opP8sprite_t</name>
         <load_address>0x1cf72</load_address>
         <readonly>true</readonly>
         <executable>true</executable>
         <run_address>0x1cf72</run_address>
         <size>0x26</size>
         <alignment>0x2</alignment>
         <input_file_ref idref="fl-d"/>
      </object_component>
      <object_component id="oc-10d">
         <name>.text._Z10Motor_Initv</name>
         <load_address>0x1cf98</load_address>
         <readonly>true</readonly>
         <executable>true</executable>
         <run_address>0x1cf98</run_address>
         <size>0x24</size>
         <alignment>0x4</alignment>
         <input_file_ref idref="fl-7"/>
      </object_component>
      <object_component id="oc-121">
         <name>.text._Z11sprite_drawPK8sprite_t</name>
         <load_address>0x1cfbc</load_address>
         <readonly>true</readonly>
         <executable>true</executable>
         <run_address>0x1cfbc</run_address>
         <size>0x24</size>
         <alignment>0x2</alignment>
         <input_file_ref idref="fl-d"/>
      </object_component>
      <object_component id="oc-150">
         <name>.text._ZN8SlidePotC2Ejj</name>
         <load_address>0x1cfe0</load_address>
         <readonly>true</readonly>
         <executable>true</executable>
         <run_address>0x1cfe0</run_address>
         <size>0x24</size>
         <alignment>0x4</alignment>
         <input_file_ref idref="fl-a"/>
      </object_component>
      <object_component id="oc-6f">
         <name>.text._Z8DAC5_Outj</name>
         <load_address>0x1d004</load_address>
         <readonly>true</readonly>
         <executable>true</executable>
         <run_address>0x1d004</run_address>
         <size>0x20</size>
         <alignment>0x4</alignment>
         <input_file_ref idref="fl-2"/>
      </object_component>
      <object_component id="oc-162">
         <name>.text._ZL8Random32v</name>
         <load_address>0x1d024</load_address>
         <readonly>true</readonly>
         <executable>true</executable>
         <run_address>0x1d024</run_address>
         <size>0x20</size>
         <alignment>0x4</alignment>
         <input_file_ref idref="fl-d"/>
      </object_component>
      <object_component id="oc-250">
         <name>.text._ZL9pushColort</name>
         <load_address>0x1d044</load_address>
         <readonly>true</readonly>
         <executable>true</executable>
         <run_address>0x1d044</run_address>
         <size>0x1e</size>
         <alignment>0x2</alignment>
         <input_file_ref idref="fl-9"/>
      </object_component>
      <object_component id="oc-36">
         <name>.text.Default_Handler</name>
         <load_address>0x1d064</load_address>
         <readonly>true</readonly>
         <executable>true</executable>
         <run_address>0x1d064</run_address>
         <size>0x1c</size>
         <alignment>0x4</alignment>
         <input_file_ref idref="fl-13"/>
      </object_component>
      <object_component id="oc-37">
         <name>.text.HardFault_Handler</name>
         <load_address>0x1d080</load_address>
         <readonly>true</readonly>
         <executable>true</executable>
         <run_address>0x1d080</run_address>
         <size>0x1c</size>
         <alignment>0x4</alignment>
         <input_file_ref idref="fl-13"/>
      </object_component>
      <object_component id="oc-7e">
         <name>.text._Z9Switch_Inv</name>
         <load_address>0x1d09c</load_address>
         <readonly>true</readonly>
         <executable>true</executable>
         <run_address>0x1d09c</run_address>
         <size>0x1c</size>
         <alignment>0x4</alignment>
         <input_file_ref idref="fl-e"/>
      </object_component>
      <object_component id="oc-24c">
         <name>.text.free_list_remove</name>
         <load_address>0x1d0b8</load_address>
         <readonly>true</readonly>
         <executable>true</executable>
         <run_address>0x1d0b8</run_address>
         <size>0x1c</size>
         <alignment>0x4</alignment>
         <input_file_ref idref="fl-3b"/>
      </object_component>
      <object_component id="oc-69">
         <name>.text._GLOBAL__sub_I_Lab9HMain.cpp</name>
         <load_address>0x1d0d4</load_address>
         <readonly>true</readonly>
         <executable>true</executable>
         <run_address>0x1d0d4</run_address>
         <size>0x18</size>
         <alignment>0x2</alignment>
         <input_file_ref idref="fl-5"/>
      </object_component>
      <object_component id="oc-9d">
         <name>.text._Z13move_opponentP8sprite_t</name>
         <load_address>0x1d0ec</load_address>
         <readonly>true</readonly>
         <executable>true</executable>
         <run_address>0x1d0ec</run_address>
         <size>0x18</size>
         <alignment>0x2</alignment>
         <input_file_ref idref="fl-d"/>
      </object_component>
      <object_component id="oc-ec">
         <name>.text._ZL6Randomj</name>
         <load_address>0x1d104</load_address>
         <readonly>true</readonly>
         <executable>true</executable>
         <run_address>0x1d104</run_address>
         <size>0x18</size>
         <alignment>0x2</alignment>
         <input_file_ref idref="fl-d"/>
      </object_component>
      <object_component id="oc-188">
         <name>.text._Z11ST7735_openPKcji</name>
         <load_address>0x1d11c</load_address>
         <readonly>true</readonly>
         <executable>true</executable>
         <run_address>0x1d11c</run_address>
         <size>0x16</size>
         <alignment>0x2</alignment>
         <input_file_ref idref="fl-9"/>
      </object_component>
      <object_component id="oc-186">
         <name>.text._Z11ST7735_readiPcj</name>
         <load_address>0x1d132</load_address>
         <readonly>true</readonly>
         <executable>true</executable>
         <run_address>0x1d132</run_address>
         <size>0x16</size>
         <alignment>0x2</alignment>
         <input_file_ref idref="fl-9"/>
      </object_component>
      <object_component id="oc-59">
         <name>.text:decompress:ZI:__TI_zero_init_nomemset</name>
         <load_address>0x1d148</load_address>
         <readonly>true</readonly>
         <executable>true</executable>
         <run_address>0x1d148</run_address>
         <size>0x16</size>
         <alignment>0x2</alignment>
         <input_file_ref idref="fl-3c"/>
      </object_component>
      <object_component id="oc-9f">
         <name>.text._Z11Sound_Crashv</name>
         <load_address>0x1d160</load_address>
         <readonly>true</readonly>
         <executable>true</executable>
         <run_address>0x1d160</run_address>
         <size>0x14</size>
         <alignment>0x4</alignment>
         <input_file_ref idref="fl-c"/>
      </object_component>
      <object_component id="oc-89">
         <name>.text._Z16Sound_usePowerupv</name>
         <load_address>0x1d174</load_address>
         <readonly>true</readonly>
         <executable>true</executable>
         <run_address>0x1d174</run_address>
         <size>0x14</size>
         <alignment>0x4</alignment>
         <input_file_ref idref="fl-c"/>
      </object_component>
      <object_component id="oc-117">
         <name>.text._Z19ST7735_SetTextColort</name>
         <load_address>0x1d188</load_address>
         <readonly>true</readonly>
         <executable>true</executable>
         <run_address>0x1d188</run_address>
         <size>0x14</size>
         <alignment>0x4</alignment>
         <input_file_ref idref="fl-9"/>
      </object_component>
      <object_component id="oc-84">
         <name>.text._Z6LED_Onj</name>
         <load_address>0x1d19c</load_address>
         <readonly>true</readonly>
         <executable>true</executable>
         <run_address>0x1d19c</run_address>
         <size>0x14</size>
         <alignment>0x4</alignment>
         <input_file_ref idref="fl-4"/>
      </object_component>
      <object_component id="oc-9b">
         <name>.text._Z7LED_Offj</name>
         <load_address>0x1d1b0</load_address>
         <readonly>true</readonly>
         <executable>true</executable>
         <run_address>0x1d1b0</run_address>
         <size>0x14</size>
         <alignment>0x4</alignment>
         <input_file_ref idref="fl-4"/>
      </object_component>
      <object_component id="oc-cc">
         <name>.text.__cxx_global_var_init.4</name>
         <load_address>0x1d1c4</load_address>
         <readonly>true</readonly>
         <executable>true</executable>
         <run_address>0x1d1c4</run_address>
         <size>0x14</size>
         <alignment>0x4</alignment>
         <input_file_ref idref="fl-5"/>
      </object_component>
      <object_component id="oc-ee">
         <name>.text:TI_memcpy_small</name>
         <load_address>0x1d1d8</load_address>
         <readonly>true</readonly>
         <executable>true</executable>
         <run_address>0x1d1d8</run_address>
         <size>0x12</size>
         <alignment>0x1</alignment>
         <input_file_ref idref="fl-110"/>
      </object_component>
      <object_component id="oc-20">
         <name>.text:decompress:none</name>
         <load_address>0x1d1ea</load_address>
         <readonly>true</readonly>
         <executable>true</executable>
         <run_address>0x1d1ea</run_address>
         <size>0x12</size>
         <alignment>0x2</alignment>
         <input_file_ref idref="fl-3d"/>
      </object_component>
      <object_component id="oc-194">
         <name>.text._Z11Clock_Delayj</name>
         <load_address>0x1d1fc</load_address>
         <readonly>true</readonly>
         <executable>true</executable>
         <run_address>0x1d1fc</run_address>
         <size>0x10</size>
         <alignment>0x2</alignment>
         <input_file_ref idref="fl-1"/>
      </object_component>
      <object_component id="oc-124">
         <name>.text._Z28TExaS_LaunchPadLogicPB27PB26v</name>
         <load_address>0x1d20c</load_address>
         <readonly>true</readonly>
         <executable>true</executable>
         <run_address>0x1d20c</run_address>
         <size>0x10</size>
         <alignment>0x4</alignment>
         <input_file_ref idref="fl-5"/>
      </object_component>
      <object_component id="oc-c9">
         <name>.text.__cxx_global_var_init.1</name>
         <load_address>0x1d21c</load_address>
         <readonly>true</readonly>
         <executable>true</executable>
         <run_address>0x1d21c</run_address>
         <size>0x10</size>
         <alignment>0x4</alignment>
         <input_file_ref idref="fl-5"/>
      </object_component>
      <object_component id="oc-ca">
         <name>.text.__cxx_global_var_init.2</name>
         <load_address>0x1d22c</load_address>
         <readonly>true</readonly>
         <executable>true</executable>
         <run_address>0x1d22c</run_address>
         <size>0x10</size>
         <alignment>0x4</alignment>
         <input_file_ref idref="fl-5"/>
      </object_component>
      <object_component id="oc-cb">
         <name>.text.__cxx_global_var_init.3</name>
         <load_address>0x1d23c</load_address>
         <readonly>true</readonly>
         <executable>true</executable>
         <run_address>0x1d23c</run_address>
         <size>0x10</size>
         <alignment>0x4</alignment>
         <input_file_ref idref="fl-5"/>
      </object_component>
      <object_component id="oc-c8">
         <name>.text.__cxx_global_var_init</name>
         <load_address>0x1d24c</load_address>
         <readonly>true</readonly>
         <executable>true</executable>
         <run_address>0x1d24c</run_address>
         <size>0x10</size>
         <alignment>0x4</alignment>
         <input_file_ref idref="fl-5"/>
      </object_component>
      <object_component id="oc-24d">
         <name>.text.OUTLINED_FUNCTION_0</name>
         <load_address>0x1d25c</load_address>
         <readonly>true</readonly>
         <executable>true</executable>
         <run_address>0x1d25c</run_address>
         <size>0xe</size>
         <alignment>0x2</alignment>
         <input_file_ref idref="fl-3b"/>
      </object_component>
      <object_component id="oc-184">
         <name>.text._Z12ST7735_lseekili</name>
         <load_address>0x1d26a</load_address>
         <readonly>true</readonly>
         <executable>true</executable>
         <run_address>0x1d26a</run_address>
         <size>0xe</size>
         <alignment>0x2</alignment>
         <input_file_ref idref="fl-9"/>
      </object_component>
      <object_component id="oc-14f">
         <name>.text._ZN8sprite_tC2Ev</name>
         <load_address>0x1d278</load_address>
         <readonly>true</readonly>
         <executable>true</executable>
         <run_address>0x1d278</run_address>
         <size>0xe</size>
         <alignment>0x2</alignment>
         <input_file_ref idref="fl-5"/>
      </object_component>
      <object_component id="oc-26d">
         <name>.text.strcpy</name>
         <load_address>0x1d286</load_address>
         <readonly>true</readonly>
         <executable>true</executable>
         <run_address>0x1d286</run_address>
         <size>0xe</size>
         <alignment>0x2</alignment>
         <input_file_ref idref="fl-f4"/>
      </object_component>
      <object_component id="oc-26e">
         <name>.text.strlen</name>
         <load_address>0x1d294</load_address>
         <readonly>true</readonly>
         <executable>true</executable>
         <run_address>0x1d294</run_address>
         <size>0xe</size>
         <alignment>0x2</alignment>
         <input_file_ref idref="fl-f4"/>
      </object_component>
      <object_component id="oc-168">
         <name>.text:TI_memset_small</name>
         <load_address>0x1d2a2</load_address>
         <readonly>true</readonly>
         <executable>true</executable>
         <run_address>0x1d2a2</run_address>
         <size>0xe</size>
         <alignment>0x1</alignment>
         <input_file_ref idref="fl-111"/>
      </object_component>
      <object_component id="oc-19b">
         <name>.text._Z10Clock_Freqv</name>
         <load_address>0x1d2b0</load_address>
         <readonly>true</readonly>
         <executable>true</executable>
         <run_address>0x1d2b0</run_address>
         <size>0xc</size>
         <alignment>0x4</alignment>
         <input_file_ref idref="fl-1"/>
      </object_component>
      <object_component id="oc-182">
         <name>.text._Z13ST7735_renamePKcS0_</name>
         <load_address>0x1d2bc</load_address>
         <readonly>true</readonly>
         <executable>true</executable>
         <run_address>0x1d2bc</run_address>
         <size>0xc</size>
         <alignment>0x2</alignment>
         <input_file_ref idref="fl-9"/>
      </object_component>
      <object_component id="oc-e3">
         <name>.text._Z8Motor_Onv</name>
         <load_address>0x1d2c8</load_address>
         <readonly>true</readonly>
         <executable>true</executable>
         <run_address>0x1d2c8</run_address>
         <size>0xc</size>
         <alignment>0x4</alignment>
         <input_file_ref idref="fl-7"/>
      </object_component>
      <object_component id="oc-83">
         <name>.text._Z8ResetIMUv</name>
         <load_address>0x1d2d4</load_address>
         <readonly>true</readonly>
         <executable>true</executable>
         <run_address>0x1d2d4</run_address>
         <size>0xc</size>
         <alignment>0x4</alignment>
         <input_file_ref idref="fl-5"/>
      </object_component>
      <object_component id="oc-e9">
         <name>.text._Z9Motor_Offv</name>
         <load_address>0x1d2e0</load_address>
         <readonly>true</readonly>
         <executable>true</executable>
         <run_address>0x1d2e0</run_address>
         <size>0xc</size>
         <alignment>0x4</alignment>
         <input_file_ref idref="fl-7"/>
      </object_component>
      <object_component id="oc-b4">
         <name>.text.__aeabi_memclr</name>
         <load_address>0x1d2ec</load_address>
         <readonly>true</readonly>
         <executable>true</executable>
         <run_address>0x1d2ec</run_address>
         <size>0xc</size>
         <alignment>0x4</alignment>
         <input_file_ref idref="fl-108"/>
      </object_component>
      <object_component id="oc-1f5">
         <name>.text.malloc</name>
         <load_address>0x1d2f8</load_address>
         <readonly>true</readonly>
         <executable>true</executable>
         <run_address>0x1d2f8</run_address>
         <size>0xc</size>
         <alignment>0x2</alignment>
         <input_file_ref idref="fl-3b"/>
      </object_component>
      <object_component id="oc-189">
         <name>.text._Z12ST7735_closei</name>
         <load_address>0x1d304</load_address>
         <readonly>true</readonly>
         <executable>true</executable>
         <run_address>0x1d304</run_address>
         <size>0xa</size>
         <alignment>0x2</alignment>
         <input_file_ref idref="fl-9"/>
      </object_component>
      <object_component id="oc-183">
         <name>.text._Z13ST7735_unlinkPKc</name>
         <load_address>0x1d30e</load_address>
         <readonly>true</readonly>
         <executable>true</executable>
         <run_address>0x1d30e</run_address>
         <size>0xa</size>
         <alignment>0x2</alignment>
         <input_file_ref idref="fl-9"/>
      </object_component>
      <object_component id="oc-f8">
         <name>.text._Z8PLL_Initv</name>
         <load_address>0x1d318</load_address>
         <readonly>true</readonly>
         <executable>true</executable>
         <run_address>0x1d318</run_address>
         <size>0xa</size>
         <alignment>0x2</alignment>
         <input_file_ref idref="fl-5"/>
      </object_component>
      <object_component id="oc-52">
         <name>.text.__aeabi_memcpy</name>
         <load_address>0x1d324</load_address>
         <readonly>true</readonly>
[...]
      </symbol>
      <symbol id="sm-225">
         <name>_Z11Switch_Initv</name>
         <value>0x1ce85</value>
         <object_component_ref idref="oc-109"/>
      </symbol>
      <symbol id="sm-226">
         <name>_Z9Switch_Inv</name>
         <value>0x1d09d</value>
         <object_component_ref idref="oc-7e"/>
      </symbol>
      <symbol id="sm-23c">
         <name>_Z8ADC_InitP10ADC12_Regsjj</name>
         <value>0x1aa05</value>
         <object_component_ref idref="oc-198"/>
      </symbol>
      <symbol id="sm-23d">
         <name>_Z9ADC_StartP10ADC12_Regs</name>
         <value>0x1cead</value>
         <object_component_ref idref="oc-199"/>
      </symbol>
      <symbol id="sm-23e">
         <name>_Z9UART_Initv</name>
         <value>0x1b031</value>
         <object_component_ref idref="oc-19a"/>
      </symbol>
      <symbol id="sm-23f">
         <name>TIMG7_IRQHandler</name>
         <value>0x1c8e1</value>
         <object_component_ref idref="oc-3d"/>
      </symbol>
      <symbol id="sm-240">
         <name>TExaSadc</name>
         <value>0x202006a0</value>
         <object_component_ref idref="oc-79"/>
      </symbol>
      <symbol id="sm-241">
         <name>TExaSLogic</name>
         <value>0x2020069c</value>
         <object_component_ref idref="oc-7a"/>
      </symbol>
      <symbol id="sm-242">
         <name>_Z10TExaS_InitP10ADC12_RegsjPFhvE</name>
         <value>0x1c485</value>
         <object_component_ref idref="oc-10c"/>
      </symbol>
      <symbol id="sm-24f">
         <name>_Z14TimerG7_IntArmtjj</name>
         <value>0x1b489</value>
         <object_component_ref idref="oc-19c"/>
      </symbol>
      <symbol id="sm-250">
         <name>_Z15TimerG12_IntArmjj</name>
         <value>0x1b991</value>
         <object_component_ref idref="oc-11c"/>
      </symbol>
      <symbol id="sm-263">
         <name>Default_Handler</name>
         <value>0x1d065</value>
         <object_component_ref idref="oc-36"/>
      </symbol>
      <symbol id="sm-264">
         <name>Reset_Handler</name>
         <value>0x1d335</value>
         <object_component_ref idref="oc-32"/>
      </symbol>
      <symbol id="sm-265">
         <name>HardFault_Handler</name>
         <value>0x1d081</value>
         <object_component_ref idref="oc-37"/>
      </symbol>
      <symbol id="sm-266">
         <name>interruptVectors</name>
         <value>0x0</value>
         <object_component_ref idref="oc-18"/>
      </symbol>
      <symbol id="sm-267">
         <name>NMI_Handler</name>
         <value>0x1d065</value>
         <object_component_ref idref="oc-36"/>
      </symbol>
      <symbol id="sm-268">
         <name>SVC_Handler</name>
         <value>0x1d065</value>
         <object_component_ref idref="oc-36"/>
      </symbol>
      <symbol id="sm-269">
         <name>PendSV_Handler</name>
         <value>0x1d065</value>
         <object_component_ref idref="oc-36"/>
      </symbol>
      <symbol id="sm-26a">
         <name>GROUP0_IRQHandler</name>
         <value>0x1d065</value>
         <object_component_ref idref="oc-36"/>
      </symbol>
      <symbol id="sm-26b">
         <name>GROUP1_IRQHandler</name>
         <value>0x1d065</value>
         <object_component_ref idref="oc-36"/>
      </symbol>
      <symbol id="sm-26c">
         <name>TIMG8_IRQHandler</name>
         <value>0x1d065</value>
         <object_component_ref idref="oc-36"/>
      </symbol>
      <symbol id="sm-26d">
         <name>UART3_IRQHandler</name>
         <value>0x1d065</value>
         <object_component_ref idref="oc-36"/>
      </symbol>
      <symbol id="sm-26e">
         <name>ADC0_IRQHandler</name>
         <value>0x1d065</value>
         <object_component_ref idref="oc-36"/>
      </symbol>
      <symbol id="sm-26f">
         <name>ADC1_IRQHandler</name>
         <value>0x1d065</value>
         <object_component_ref idref="oc-36"/>
      </symbol>
      <symbol id="sm-270">
         <name>CANFD0_IRQHandler</name>
         <value>0x1d065</value>
         <object_component_ref idref="oc-36"/>
      </symbol>
      <symbol id="sm-271">
         <name>DAC0_IRQHandler</name>
         <value>0x1d065</value>
         <object_component_ref idref="oc-36"/>
      </symbol>
      <symbol id="sm-272">
         <name>SPI0_IRQHandler</name>
         <value>0x1d065</value>
         <object_component_ref idref="oc-36"/>
      </symbol>
      <symbol id="sm-273">
         <name>SPI1_IRQHandler</name>
         <value>0x1d065</value>
         <object_component_ref idref="oc-36"/>
      </symbol>
      <symbol id="sm-274">
         <name>UART1_IRQHandler</name>
         <value>0x1d065</value>
         <object_component_ref idref="oc-36"/>
      </symbol>
      <symbol id="sm-275">
         <name>UART2_IRQHandler</name>
         <value>0x1d065</value>
         <object_component_ref idref="oc-36"/>
      </symbol>
      <symbol id="sm-276">
         <name>UART0_IRQHandler</name>
         <value>0x1d065</value>
         <object_component_ref idref="oc-36"/>
      </symbol>
      <symbol id="sm-277">
         <name>TIMG0_IRQHandler</name>
         <value>0x1d065</value>
         <object_component_ref idref="oc-36"/>
      </symbol>
      <symbol id="sm-278">
         <name>TIMG6_IRQHandler</name>
         <value>0x1d065</value>
         <object_component_ref idref="oc-36"/>
      </symbol>
      <symbol id="sm-279">
         <name>TIMA0_IRQHandler</name>
         <value>0x1d065</value>
         <object_component_ref idref="oc-36"/>
      </symbol>
      <symbol id="sm-27a">
         <name>TIMA1_IRQHandler</name>
         <value>0x1d065</value>
         <object_component_ref idref="oc-36"/>
      </symbol>
      <symbol id="sm-27b">
         <name>I2C0_IRQHandler</name>
         <value>0x1d065</value>
         <object_component_ref idref="oc-36"/>
      </symbol>
      <symbol id="sm-27c">
         <name>I2C1_IRQHandler</name>
         <value>0x1d065</value>
         <object_component_ref idref="oc-36"/>
      </symbol>
      <symbol id="sm-27d">
         <name>AES_IRQHandler</name>
         <value>0x1d065</value>
         <object_component_ref idref="oc-36"/>
      </symbol>
      <symbol id="sm-27e">
         <name>RTC_IRQHandler</name>
         <value>0x1d065</value>
         <object_component_ref idref="oc-36"/>
      </symbol>
      <symbol id="sm-27f">
         <name>DMA_IRQHandler</name>
         <value>0x1d065</value>
         <object_component_ref idref="oc-36"/>
      </symbol>
      <symbol id="sm-280">
         <name>__TI_ATRegion0_src_addr</name>
         <value>0x0</value>
      </symbol>
      <symbol id="sm-281">
         <name>__TI_ATRegion0_trg_addr</name>
         <value>0x0</value>
      </symbol>
      <symbol id="sm-282">
         <name>__TI_ATRegion0_region_sz</name>
         <value>0x0</value>
      </symbol>
      <symbol id="sm-283">
         <name>__TI_ATRegion1_src_addr</name>
         <value>0x0</value>
      </symbol>
      <symbol id="sm-284">
         <name>__TI_ATRegion1_trg_addr</name>
         <value>0x0</value>
      </symbol>
      <symbol id="sm-285">
         <name>__TI_ATRegion1_region_sz</name>
         <value>0x0</value>
      </symbol>
      <symbol id="sm-286">
         <name>__TI_ATRegion2_src_addr</name>
         <value>0x0</value>
      </symbol>
      <symbol id="sm-287">
         <name>__TI_ATRegion2_trg_addr</name>
         <value>0x0</value>
      </symbol>
      <symbol id="sm-288">
         <name>__TI_ATRegion2_region_sz</name>
         <value>0x0</value>
      </symbol>
      <symbol id="sm-2a1">
         <name>fopen</name>
         <value>0x1cdfd</value>
         <object_component_ref idref="oc-177"/>
      </symbol>
      <symbol id="sm-2a2">
         <name>__TI_cleanup</name>
         <value>0x1cc95</value>
         <object_component_ref idref="oc-1f6"/>
      </symbol>
      <symbol id="sm-2a3">
         <name>freopen</name>
         <value>0x1cd99</value>
         <object_component_ref idref="oc-17d"/>
      </symbol>
      <symbol id="sm-2ad">
         <name>setvbuf</name>
         <value>0x1b201</value>
         <object_component_ref idref="oc-17e"/>
      </symbol>
      <symbol id="sm-2bc">
         <name>abort</name>
         <value>0x1d33d</value>
         <object_component_ref idref="oc-136"/>
      </symbol>
      <symbol id="sm-2bd">
         <name>C$$EXIT</name>
         <value>0x1d33c</value>
         <object_component_ref idref="oc-136"/>
      </symbol>
      <symbol id="sm-2be">
         <name>__TI_cleanup_ptr</name>
         <value>0x20200264</value>
         <object_component_ref idref="oc-1bf"/>
      </symbol>
      <symbol id="sm-2bf">
         <name>__TI_dtors_ptr</name>
         <value>0x20200268</value>
         <object_component_ref idref="oc-1bf"/>
      </symbol>
      <symbol id="sm-2c0">
         <name>exit</name>
         <value>0x1cd31</value>
         <object_component_ref idref="oc-13b"/>
      </symbol>
      <symbol id="sm-2c9">
         <name>_nop</name>
         <value>0x1cb4f</value>
         <object_component_ref idref="oc-202"/>
      </symbol>
      <symbol id="sm-2ca">
         <name>_lock</name>
         <value>0x20200290</value>
         <object_component_ref idref="oc-1bd"/>
      </symbol>
      <symbol id="sm-2cb">
         <name>_unlock</name>
         <value>0x20200294</value>
         <object_component_ref idref="oc-1c0"/>
      </symbol>
      <symbol id="sm-2d1">
         <name>_ftable</name>
         <value>0x20200000</value>
         <object_component_ref idref="oc-18c"/>
      </symbol>
      <symbol id="sm-2d2">
         <name>__TI_ft_end</name>
         <value>0x2020028c</value>
         <object_component_ref idref="oc-236"/>
      </symbol>
      <symbol id="sm-2d3">
         <name>__TI_tmpnams</name>
         <value>0x202005e0</value>
         <object_component_ref idref="oc-249"/>
      </symbol>
      <symbol id="sm-2f6">
         <name>malloc</name>
         <value>0x1d2f9</value>
         <object_component_ref idref="oc-1f5"/>
      </symbol>
      <symbol id="sm-2f7">
         <name>aligned_alloc</name>
         <value>0x1ac45</value>
         <object_component_ref idref="oc-24f"/>
      </symbol>
      <symbol id="sm-2f8">
         <name>free</name>
         <value>0x1b119</value>
         <object_component_ref idref="oc-1f3"/>
      </symbol>
      <symbol id="sm-2f9">
         <name>_sys_memory</name>
         <value>0x202002c0</value>
         <object_component_ref idref="oc-30"/>
      </symbol>
      <symbol id="sm-2fa">
         <name>memalign</name>
         <value>0x1ac45</value>
         <object_component_ref idref="oc-24f"/>
      </symbol>
      <symbol id="sm-304">
         <name>__TI_zero_init_nomemset</name>
         <value>0x1d149</value>
         <object_component_ref idref="oc-59"/>
      </symbol>
      <symbol id="sm-30d">
         <name>__TI_decompress_none</name>
         <value>0x1d1eb</value>
         <object_component_ref idref="oc-20"/>
      </symbol>
      <symbol id="sm-318">
         <name>__TI_decompress_lzss</name>
         <value>0x1bec5</value>
         <object_component_ref idref="oc-1c"/>
      </symbol>
      <symbol id="sm-323">
         <name>_c_int00_noargs</name>
         <value>0x1cf25</value>
         <object_component_ref idref="oc-62"/>
      </symbol>
      <symbol id="sm-324">
         <name>__stack</name>
         <value>0x20207e00</value>
         <object_component_ref idref="oc-1a"/>
      </symbol>
      <symbol id="sm-331">
         <name>__TI_closefile</name>
         <value>0x1be49</value>
         <object_component_ref idref="oc-1ed"/>
      </symbol>
      <symbol id="sm-33b">
         <name>__TI_doflush</name>
         <value>0x1c689</value>
         <object_component_ref idref="oc-23b"/>
      </symbol>
      <symbol id="sm-349">
         <name>__TI_auto_init_nobinit</name>
         <value>0x1c635</value>
         <object_component_ref idref="oc-143"/>
      </symbol>
      <symbol id="sm-351">
         <name>_system_pre_init</name>
         <value>0x1d339</value>
         <object_component_ref idref="oc-b9"/>
      </symbol>
      <symbol id="sm-364">
         <name>write</name>
         <value>0x1cefd</value>
         <object_component_ref idref="oc-277"/>
      </symbol>
      <symbol id="sm-369">
         <name>_device</name>
         <value>0x202000f0</value>
         <object_component_ref idref="oc-1e4"/>
      </symbol>
      <symbol id="sm-36a">
         <name>_stream</name>
         <value>0x20200168</value>
         <object_component_ref idref="oc-273"/>
      </symbol>
      <symbol id="sm-373">
         <name>remove</name>
         <value>0x1d32d</value>
         <object_component_ref idref="oc-245"/>
      </symbol>
      <symbol id="sm-37f">
         <name>open</name>
         <value>0x1b721</value>
         <object_component_ref idref="oc-237"/>
      </symbol>
      <symbol id="sm-38a">
         <name>close</name>
         <value>0x1c6dd</value>
         <object_component_ref idref="oc-241"/>
      </symbol>
      <symbol id="sm-396">
         <name>add_device</name>
         <value>0x1af45</value>
         <object_component_ref idref="oc-173"/>
      </symbol>
      <symbol id="sm-3a0">
         <name>unlink</name>
         <value>0x1ce59</value>
         <object_component_ref idref="oc-280"/>
      </symbol>
      <symbol id="sm-3aa">
         <name>HOSTclose</name>
         <value>0x1c779</value>
         <object_component_ref idref="oc-219"/>
      </symbol>
      <symbol id="sm-3b4">
         <name>HOSTlseek</name>
         <value>0x1c111</value>
         <object_component_ref idref="oc-225"/>
      </symbol>
      <symbol id="sm-3be">
         <name>HOSTopen</name>
         <value>0x1c2b9</value>
         <object_component_ref idref="oc-215"/>
      </symbol>
      <symbol id="sm-3bf">
         <name>parmbuf</name>
         <value>0x2020068c</value>
         <object_component_ref idref="oc-25a"/>
      </symbol>
      <symbol id="sm-3c9">
         <name>HOSTread</name>
         <value>0x1c3d5</value>
         <object_component_ref idref="oc-21d"/>
      </symbol>
      <symbol id="sm-3da">
         <name>HOSTrename</name>
         <value>0x1c17d</value>
         <object_component_ref idref="oc-22d"/>
      </symbol>
      <symbol id="sm-3e4">
         <name>HOSTunlink</name>
         <value>0x1c7c1</value>
         <object_component_ref idref="oc-229"/>
      </symbol>
      <symbol id="sm-3ee">
         <name>HOSTwrite</name>
         <value>0x1c42d</value>
         <object_component_ref idref="oc-221"/>
      </symbol>
      <symbol id="sm-3fc">
         <name>C$$IO$$</name>
         <value>0x1cd29</value>
         <object_component_ref idref="oc-253"/>
      </symbol>
      <symbol id="sm-3fd">
         <name>__TI_writemsg</name>
         <value>0x1ccfd</value>
         <object_component_ref idref="oc-253"/>
      </symbol>
      <symbol id="sm-3fe">
         <name>__CIOBUF_</name>
         <value>0x202004c0</value>
         <object_component_ref idref="oc-28a"/>
      </symbol>
      <symbol id="sm-3ff">
         <name>__TI_readmsg</name>
         <value>0x1ccc9</value>
         <object_component_ref idref="oc-259"/>
      </symbol>
      <symbol id="sm-400">
         <name>_CIOBUF_</name>
         <value>0x202004c0</value>
         <object_component_ref idref="oc-28a"/>
      </symbol>
      <symbol id="sm-406">
         <name>__aeabi_fadd</name>
         <value>0x1b2eb</value>
         <object_component_ref idref="oc-92"/>
      </symbol>
      <symbol id="sm-407">
         <name>__addsf3</name>
         <value>0x1b2eb</value>
         <object_component_ref idref="oc-92"/>
      </symbol>
      <symbol id="sm-408">
         <name>__aeabi_fsub</name>
         <value>0x1b2e1</value>
         <object_component_ref idref="oc-92"/>
      </symbol>
      <symbol id="sm-409">
         <name>__subsf3</name>
         <value>0x1b2e1</value>
         <object_component_ref idref="oc-92"/>
      </symbol>
      <symbol id="sm-40f">
         <name>__muldsi3</name>
         <value>0x1cb15</value>
         <object_component_ref idref="oc-159"/>
      </symbol>
      <symbol id="sm-415">
         <name>__aeabi_fmul</name>
         <value>0x1ba25</value>
         <object_component_ref idref="oc-d4"/>
      </symbol>
      <symbol id="sm-416">
         <name>__mulsf3</name>
         <value>0x1ba25</value>
         <object_component_ref idref="oc-d4"/>
      </symbol>
      <symbol id="sm-41c">
         <name>__aeabi_f2iz</name>
         <value>0x1cbc1</value>
         <object_component_ref idref="oc-8a"/>
      </symbol>
      <symbol id="sm-41d">
         <name>__fixsfsi</name>
         <value>0x1cbc1</value>
         <object_component_ref idref="oc-8a"/>
      </symbol>
      <symbol id="sm-423">
         <name>__aeabi_i2f</name>
         <value>0x1cad9</value>
         <object_component_ref idref="oc-8e"/>
      </symbol>
      <symbol id="sm-424">
         <name>__floatsisf</name>
         <value>0x1cad9</value>
         <object_component_ref idref="oc-8e"/>
      </symbol>
      <symbol id="sm-42a">
         <name>__aeabi_idiv</name>
         <value>0x1c535</value>
         <object_component_ref idref="oc-153"/>
      </symbol>
      <symbol id="sm-42b">
         <name>__aeabi_idivmod</name>
         <value>0x1c535</value>
         <object_component_ref idref="oc-153"/>
      </symbol>
      <symbol id="sm-431">
         <name>__aeabi_memcpy</name>
         <value>0x1d325</value>
         <object_component_ref idref="oc-52"/>
      </symbol>
      <symbol id="sm-432">
         <name>__aeabi_memcpy4</name>
         <value>0x1d325</value>
         <object_component_ref idref="oc-52"/>
      </symbol>
      <symbol id="sm-433">
         <name>__aeabi_memcpy8</name>
         <value>0x1d325</value>
         <object_component_ref idref="oc-52"/>
      </symbol>
      <symbol id="sm-43a">
         <name>__aeabi_memclr</name>
         <value>0x1d2ed</value>
         <object_component_ref idref="oc-b4"/>
      </symbol>
      <symbol id="sm-43b">
         <name>__aeabi_memclr4</name>
         <value>0x1d2ed</value>
         <object_component_ref idref="oc-b4"/>
      </symbol>
      <symbol id="sm-43c">
         <name>__aeabi_memclr8</name>
         <value>0x1d2ed</value>
         <object_component_ref idref="oc-b4"/>
      </symbol>
      <symbol id="sm-442">
         <name>__aeabi_uidiv</name>
         <value>0x1c9e1</value>
         <object_component_ref idref="oc-163"/>
      </symbol>
      <symbol id="sm-443">
         <name>__aeabi_uidivmod</name>
         <value>0x1c9e1</value>
         <object_component_ref idref="oc-163"/>
      </symbol>
      <symbol id="sm-44e">
         <name>__aeabi_idiv0</name>
         <value>0x1c6db</value>
         <object_component_ref idref="oc-1cb"/>
      </symbol>
      <symbol id="sm-45c">
         <name>finddevice</name>
         <value>0x1cd65</value>
         <object_component_ref idref="oc-1dd"/>
      </symbol>
      <symbol id="sm-45d">
         <name>getdevice</name>
         <value>0x1c1e9</value>
         <object_component_ref idref="oc-271"/>
      </symbol>
      <symbol id="sm-466">
         <name>TI_memcpy_small</name>
         <value>0x1d1d9</value>
         <object_component_ref idref="oc-ee"/>
      </symbol>
      <symbol id="sm-46f">
         <name>TI_memset_small</name>
         <value>0x1d2a3</value>
         <object_component_ref idref="oc-168"/>
      </symbol>
      <symbol id="sm-477">
         <name>strcmp</name>
         <value>0x1bbc1</value>
         <object_component_ref idref="oc-20f"/>
      </symbol>
      <symbol id="sm-478">
         <name>__TI_static_base__</name>
         <value>0x0</value>
      </symbol>
      <symbol id="sm-47b">
         <name>__mpu_init</name>
         <value>0x0</value>
      </symbol>
      <symbol id="sm-47c">
         <name>_system_post_cinit</name>
         <value>0x0</value>
      </symbol>
   </symbol_table>
   <title>Link successful</title>
</link_info>
