******************************************************************************
            TI ARM Clang Linker PC v4.0.1                      
******************************************************************************
>> Linked Mon Apr 21 22:15:40 2025

OUTPUT FILE NAME:   <ECE319K_Lab9H.out>
ENTRY POINT SYMBOL: "_c_int00_noargs"  address: 00001cf5


MEMORY CONFIGURATION

         name            origin    length      used     unused   attr    fill
----------------------  --------  ---------  --------  --------  ----  --------
  FLASH                 00000000   00020000  000025a8  0001da58  R  X
  SRAM                  20200000   00008000  00000804  000077fc  RW X
  BCR_CONFIG            41c00000   00000080  00000000  00000080  R   
  BSL_CONFIG            41c00100   00000080  00000000  00000080  R   


SEGMENT ALLOCATION MAP

run origin  load origin   length   init length attrs members
----------  ----------- ---------- ----------- ----- -------
00000000    00000000    000025a8   000025a8    r-x
  00000000    00000000    000000c0   000000c0    r-- .intvecs
  000000c0    000000c0    00001e60   00001e60    r-x .text
  00001f20    00001f20    000005d8   000005d8    r-- .rodata
  000024f8    000024f8    00000008   00000008    r-- .init_array
  00002500    00002500    000000a8   000000a8    r-- .cinit
20200000    20200000    00000607   00000000    rw-
  20200000    20200000    00000215   00000000    rw- .data
  20200218    20200218    00000200   00000000    rw- .sysmem
  20200418    20200418    000001ef   00000000    rw- .bss
20207e00    20207e00    00000200   00000000    rw-
  20207e00    20207e00    00000200   00000000    rw- .stack


SECTION ALLOCATION MAP

 output                                  attributes/
section   page    origin      length       input sections
--------  ----  ----------  ----------   ----------------
.intvecs   0    00000000    000000c0     
                  00000000    000000c0     startup_mspm0g3507_ticlang.o (.intvecs)

.binit     0    00000000    00000000     

.text      0    000000c0    00001e60     
                  000000c0    000001b4     Clock.o (.text._Z15Clock_Init80MHzi)
                  00000274    000001a0     ST7735.o (.text._Z16ST7735_DrawCharSsscssh)
                  00000414    00000154     libc.a : fopen.c.obj (.text._openfile)
                  00000568    00000118     ST7735.o (.text._Z15ST7735_FillRectsssst)
                  00000680    00000118     Lab9HMain.o (.text.main)
                  00000798    00000114     libc.a : memory.c.obj (.text.aligned_alloc)
                  000008ac    000000f8     SPI.o (.text._Z8SPI_Initv)
                  000009a4    000000ec     libsysbm.a : add_device.c.obj (.text.add_device)
                  00000a90    000000e8     libc.a : memory.c.obj (.text.free)
                  00000b78    000000e0            : setvbuf.c.obj (.text.setvbuf)
                  00000c58    000000d0     ST7735.o (.text._Z14ST7735_OutCharc)
                  00000d28    000000a2     ST7735.o (.text._ZL11commandListPKh)
                  00000dca    00000002     Sound.o (.text.SysTick_Handler)
                  00000dcc    000000a0     libsysbm.a : open.c.obj (.text.open)
                  00000e6c    0000009c     ST7735.o (.text._Z17ST7735_InitPrintfv)
                  00000f08    00000098     ST7735.o (.text._Z12ST7735_InitR10initRFlags)
                  00000fa0    00000088     ST7735.o (.text._ZL13setAddrWindowhhhh)
                  00001028    00000008     Lab9HMain.o (.text._GLOBAL__sub_I_Lab9HMain.cpp)
                  00001030    00000088     libc.a : strcmp-armv6m.S.obj (.text:strcmp)
                  000010b8    00000084     ST7735.o (.text._Z14ST7735_OutUDecj)
                  0000113c    00000084     ST7735.o (.text._Z17ST7735_DrawStringttPcs)
                  000011c0    0000007c     LaunchPad.o (.text._Z14LaunchPad_Initv)
                  0000123c    0000007c     libc.a : fclose.c.obj (.text.__TI_closefile)
                  000012b8    0000007c            : copy_decompress_lzss.c.obj (.text:decompress:lzss)
                  00001334    00000070     ST7735.o (.text._Z16ST7735_DrawPixelsst)
                  000013a4    0000006c     libsysbm.a : hostlseek.c.obj (.text.HOSTlseek)
                  00001410    0000006c                : hostrename.c.obj (.text.HOSTrename)
                  0000147c    0000006c     libc.a : getdevice.c.obj (.text.getdevice)
                  000014e8    00000064            : memory.c.obj (.text.split)
                  0000154c    00000060     libsysbm.a : hostopen.c.obj (.text.HOSTopen)
                  000015ac    00000058                : hostread.c.obj (.text.HOSTread)
                  00001604    00000058                : hostwrite.c.obj (.text.HOSTwrite)
                  0000165c    00000054     ST7735.o (.text._Z11fillmessagej)
                  000016b0    00000054     libc.a : autoinit.c.obj (.text:__TI_auto_init_nobinit)
                  00001704    00000052            : fflush.c.obj (.text.__TI_doflush)
                  00001756    00000002     libclang_rt.builtins.a : aeabi_div0.c.obj (.text.__aeabi_idiv0)
                  00001758    00000050     libsysbm.a : close.c.obj (.text.close)
                  000017a8    00000048                : hostclose.c.obj (.text.HOSTclose)
                  000017f0    00000048                : hostunlink.c.obj (.text.HOSTunlink)
                  00001838    00000048     SPI.o (.text._Z14SPI_OutCommandc)
                  00001880    00000040     TExaS.o (.text.TIMG7_IRQHandler)
                  000018c0    00000040     SPI.o (.text._Z9SPI_Resetv)
                  00001900    00000040     libclang_rt.builtins.a : aeabi_uidivmod.S.obj (.text.__aeabi_uidivmod)
                  00001940    00000040     libc.a : fopen.c.obj (.text._search_fp)
                  00001980    00000038     SPI.o (.text._Z11SPI_OutDatac)
                  000019b8    00000038     LaunchPad.o (.text._Z15ActivatePortA_Bv)
                  000019f0    00000034     ST7735.o (.text._Z12ST7735_writeiPKcj)
                  00001a24    00000034     Clock.o (.text._Z14Clock_Delay1msj)
                  00001a58    00000034     ST7735.o (.text._Z16ST7735_SetCursorjj)
                  00001a8c    00000034     libc.a : fopen.c.obj (.text.__TI_cleanup)
                  00001ac0    00000034     libsysbm.a : trgmsg.c.obj (.text.__TI_readmsg)
                  00001af4    00000034                : trgmsg.c.obj (.text.__TI_writemsg)
                  00001b28    00000034     libc.a : exit.c.obj (.text.exit)
                  00001b5c    00000034            : getdevice.c.obj (.text.finddevice)
                  00001b90    00000034            : fopen.c.obj (.text.freopen)
                  00001bc4    00000030     ST7735.o (.text._ZL10commonInitPKh)
                  00001bf4    00000030     libc.a : fopen.c.obj (.text.fopen)
                  00001c24    0000002c     ST7735.o (.text._Z17ST7735_FillScreent)
                  00001c50    0000002c     libsysbm.a : unlink.c.obj (.text.unlink)
                  00001c7c    00000028     Lab9HMain.o (.text.TIMG12_IRQHandler)
                  00001ca4    00000028     libc.a : memory.c.obj (.text.free_list_insert)
                  00001ccc    00000028     libsysbm.a : write.c.obj (.text.write)
                  00001cf4    00000028     libc.a : boot_cortex_m.c.obj (.text:_c_int00_noargs)
                  00001d1c    00000026     ST7735.o (.text._Z16ST7735_OutStringPc)
                  00001d42    00000002     libc.a : _lock.c.obj (.text._nop)
                  00001d44    00000024     SlidePot.o (.text._ZN8SlidePotC2Ejj)
                  00001d68    0000001e     ST7735.o (.text._ZL9pushColort)
                  00001d86    00000002     --HOLE-- [fill = 0]
                  00001d88    0000001c     startup_mspm0g3507_ticlang.o (.text.Default_Handler)
                  00001da4    0000001c     startup_mspm0g3507_ticlang.o (.text.HardFault_Handler)
                  00001dc0    0000001c     libc.a : memory.c.obj (.text.free_list_remove)
                  00001ddc    00000016     ST7735.o (.text._Z11ST7735_openPKcji)
                  00001df2    00000016     ST7735.o (.text._Z11ST7735_readiPcj)
                  00001e08    00000016     libc.a : copy_zero_init.c.obj (.text:decompress:ZI:__TI_zero_init_nomemset)
                  00001e1e    00000002     --HOLE-- [fill = 0]
                  00001e20    00000014     Lab9HMain.o (.text.__cxx_global_var_init)
                  00001e34    00000012     libc.a : memcpy16.S.obj (.text:TI_memcpy_small)
                  00001e46    00000012            : copy_decompress_none.c.obj (.text:decompress:none)
                  00001e58    00000010     Clock.o (.text._Z11Clock_Delayj)
                  00001e68    0000000e     libc.a : memory.c.obj (.text.OUTLINED_FUNCTION_0)
                  00001e76    0000000e     ST7735.o (.text._Z12ST7735_lseekili)
                  00001e84    0000000e     libsysbm.a : hostrename.c.obj (.text.strcpy)
                  00001e92    0000000e                : hostrename.c.obj (.text.strlen)
                  00001ea0    0000000e     libc.a : memset16.S.obj (.text:TI_memset_small)
                  00001eae    00000002     --HOLE-- [fill = 0]
                  00001eb0    0000000c     Clock.o (.text._Z10Clock_Freqv)
                  00001ebc    0000000c     ST7735.o (.text._Z13ST7735_renamePKcS0_)
                  00001ec8    0000000c     libclang_rt.builtins.a : aeabi_memset.S.obj (.text.__aeabi_memclr)
                  00001ed4    0000000c     libc.a : memory.c.obj (.text.malloc)
                  00001ee0    0000000a     ST7735.o (.text._Z12ST7735_closei)
                  00001eea    0000000a     ST7735.o (.text._Z13ST7735_unlinkPKc)
                  00001ef4    0000000a     Lab9HMain.o (.text._Z8PLL_Initv)
                  00001efe    00000002     --HOLE-- [fill = 0]
                  00001f00    00000008     libclang_rt.builtins.a : aeabi_memcpy.S.obj (.text.__aeabi_memcpy)
                  00001f08    00000008     libsysbm.a : remove.c.obj (.text.remove)
                  00001f10    00000004     startup_mspm0g3507_ticlang.o (.text.Reset_Handler)
                  00001f14    00000004     libc.a : pre_init.c.obj (.text._system_pre_init)
                  00001f18    00000004            : exit.c.obj (.text:abort)
                  00001f1c    00000004     --HOLE-- [fill = 0]

.cinit     0    00002500    000000a8     
                  00002500    00000084     (.cinit..data.load) [load image, compression = lzss]
                  00002584    0000000c     (__TI_handler_table)
                  00002590    00000008     (.cinit..bss.load) [load image, compression = zero_init]
                  00002598    00000010     (__TI_cinit_table)

.rodata    0    00001f20    000005d8     
                  00001f20    000004fb     ST7735.o (.rodata._ZL4Font)
                  0000241b    0000003b     ST7735.o (.rodata._ZL5Rcmd1)
                  00002456    0000002b     ST7735.o (.rodata._ZL5Rcmd3)
                  00002481    00000016     ST7735.o (.rodata.str1.27654776648402594051)
                  00002497    0000000d     ST7735.o (.rodata._ZL10Rcmd2green)
                  000024a4    0000000d     ST7735.o (.rodata._ZL8Rcmd2red)
                  000024b1    00000008     Lab9HMain.o (.rodata._ZL15Goodbye_English)
                  000024b9    00000008     Lab9HMain.o (.rodata._ZL16Language_English)
                  000024c1    00000008     Lab9HMain.o (.rodata._ZL16Language_Spanish)
                  000024c9    00000008     ST7735.o (.rodata.str1.30631301022142394341)
                  000024d1    00000007     Lab9HMain.o (.rodata._ZL13Hello_Spanish)
                  000024d8    00000007     ST7735.o (.rodata.str1.38774966589181490291)
                  000024df    00000007     ST7735.o (.rodata.str1.50838542173561510481)
                  000024e6    00000006     Lab9HMain.o (.rodata._ZL13Hello_English)
                  000024ec    00000006     Lab9HMain.o (.rodata._ZL15Goodbye_Spanish)
                  000024f2    00000002     ST7735.o (.rodata.str1.6156647961437236381)
                  000024f4    00000004     --HOLE-- [fill = 0]

.init_array 
*          0    000024f8    00000008     
                  000024f8    00000004     Lab9HMain.o (.init_array)
                  000024fc    00000004     --HOLE-- [fill = 0]

.data      0    20200000    00000215     UNINITIALIZED
                  20200000    000000f0     libc.a : defs.c.obj (.data._ftable)
                  202000f0    00000078     libsysbm.a : host_device.c.obj (.data._device)
                  20200168    00000050                : host_device.c.obj (.data._stream)
                  202001b8    00000018     Lab9HMain.o (.data.Phrases)
                  202001d0    00000014     Lab9HMain.o (.data.Sensor)
                  202001e4    00000008     libc.a : exit.c.obj (.data..L_MergedGlobals)
                  202001ec    00000004     Clock.o (.data.BusFreq)
                  202001f0    00000004     ST7735.o (.data.StX)
                  202001f4    00000004     ST7735.o (.data.StY)
                  202001f8    00000004     libc.a : defs.c.obj (.data.__TI_ft_end)
                  202001fc    00000004            : _lock.c.obj (.data._lock)
                  20200200    00000004            : _lock.c.obj (.data._unlock)
                  20200204    00000002     ST7735.o (.data.StTextColor)
                  20200206    00000002     ST7735.o (.data._ZL6_width)
                  20200208    00000002     ST7735.o (.data._ZL7_height)
                  2020020a    00000002     --HOLE--
                  2020020c    00000001     libsysbm.a : add_device.c.obj (.data.add_device.device_init)
                  2020020d    00000003     --HOLE--
                  20200210    00000001     libc.a : memory.c.obj (.data.memory_is_initialized)
                  20200211    00000003     --HOLE--
                  20200214    00000001     libsysbm.a : open.c.obj (.data.open.stream_init)

.sysmem    0    20200218    00000200     UNINITIALIZED
                  20200218    00000010     libc.a : memory.c.obj (.sysmem)
                  20200228    000001f0     --HOLE--

.bss       0    20200418    000001ef     UNINITIALIZED
                  20200418    00000120     libsysbm.a : trgmsg.c.obj (.bss:_CIOBUF_)
                  20200538    000000a0     libc.a : defs.c.obj (.bss.__TI_tmpnams)
                  202005d8    0000000c     ST7735.o (.bss.Message)
                  202005e4    00000008     libsysbm.a : hostopen.c.obj (.bss.parmbuf)
                  202005ec    00000004     ST7735.o (.bss.Messageindex)
                  202005f0    00000004     TExaS.o (.bss.TExaSLogic)
                  202005f4    00000004     TExaS.o (.bss.TExaSadc)
                  202005f8    00000004     SlidePot.o (.bss.k1)
                  202005fc    00000004     SlidePot.o (.bss.k2)
                  20200600    00000004     libc.a : memory.c.obj (.bss.sys_free)
                  20200604    00000001     ST7735.o (.bss._ZL8ColStart)
                  20200605    00000001     ST7735.o (.bss._ZL8RowStart)
                  20200606    00000001     ST7735.o (.bss._ZL8TabColor)

.stack     0    20207e00    00000200     UNINITIALIZED
                  20207e00    00000004     libc.a : boot_cortex_m.c.obj (.stack)
                  20207e04    000001fc     --HOLE--

__llvm_prf_cnts 
*          0    20200000    00000000     UNINITIALIZED

__llvm_prf_bits 
*          0    20200000    00000000     UNINITIALIZED

MODULE SUMMARY

       Module                         code   ro data   rw data
       ------                         ----   -------   -------
    .\
       ST7735.o                       2324   1449      33     
       Clock.o                        516    0         4      
       Lab9HMain.o                    358    47        44     
       SPI.o                          440    0         0      
       LaunchPad.o                    180    0         0      
       TExaS.o                        64     0         8      
       SlidePot.o                     36     0         8      
       Sound.o                        2      0         0      
    +--+------------------------------+------+---------+---------+
       Total:                         3920   1496      97     
                                                              
    .\ticlang\
       startup_mspm0g3507_ticlang.o   60     192       0      
    +--+------------------------------+------+---------+---------+
       Total:                         60     192       0      
                                                              
    C:\ti\ccs2000\ccs\tools\compiler\ti-cgt-armllvm_4.0.1.LTS\lib\armv6m-ti-none-eabi/c/libc.a
       memory.c.obj                   702    0         5      
       fopen.c.obj                    556    0         0      
       defs.c.obj                     0      0         404    
       setvbuf.c.obj                  224    0         0      
       getdevice.c.obj                160    0         0      
       strcmp-armv6m.S.obj            136    0         0      
       copy_decompress_lzss.c.obj     124    0         0      
       fclose.c.obj                   124    0         0      
       autoinit.c.obj                 84     0         0      
       fflush.c.obj                   82     0         0      
       exit.c.obj                     56     0         8      
       boot_cortex_m.c.obj            40     0         0      
       copy_zero_init.c.obj           22     0         0      
       copy_decompress_none.c.obj     18     0         0      
       memcpy16.S.obj                 18     0         0      
       memset16.S.obj                 14     0         0      
       _lock.c.obj                    2      0         8      
       pre_init.c.obj                 4      0         0      
    +--+------------------------------+------+---------+---------+
       Total:                         2366   0         425    
                                                              
    C:\ti\ccs2000\ccs\tools\compiler\ti-cgt-armllvm_4.0.1.LTS\lib\armv6m-ti-none-eabi/c/libsysbm.a
       trgmsg.c.obj                   104    0         288    
       add_device.c.obj               236    0         1      
       host_device.c.obj              0      0         200    
       open.c.obj                     160    0         1      
       hostrename.c.obj               136    0         0      
       hostlseek.c.obj                108    0         0      
       hostopen.c.obj                 96     0         8      
       hostread.c.obj                 88     0         0      
       hostwrite.c.obj                88     0         0      
       close.c.obj                    80     0         0      
       hostclose.c.obj                72     0         0      
       hostunlink.c.obj               72     0         0      
       unlink.c.obj                   44     0         0      
       write.c.obj                    40     0         0      
       remove.c.obj                   8      0         0      
    +--+------------------------------+------+---------+---------+
       Total:                         1332   0         498    
                                                              
    C:\ti\ccs2000\ccs\tools\compiler\ti-cgt-armllvm_4.0.1.LTS\lib\armv6m-ti-none-eabi/libclang_rt.builtins.a
       aeabi_uidivmod.S.obj           64     0         0      
       aeabi_memset.S.obj             12     0         0      
       aeabi_memcpy.S.obj             8      0         0      
       aeabi_div0.c.obj               2      0         0      
    +--+------------------------------+------+---------+---------+
       Total:                         86     0         0      
                                                              
       Heap:                          0      0         512    
       Stack:                         0      0         512    
       Linker Generated:              0      168       0      
    +--+------------------------------+------+---------+---------+
       Grand Total:                   7764   1856      2044   


LINKER GENERATED COPY TABLES

__TI_cinit_table @ 00002598 records: 2, size/record: 8, table size: 16
	.data: load addr=00002500, load size=00000084 bytes, run addr=20200000, run size=00000215 bytes, compression=lzss
	.bss: load addr=00002590, load size=00000008 bytes, run addr=20200418, run size=000001ef bytes, compression=zero_init


LINKER GENERATED HANDLER TABLE

__TI_handler_table @ 00002584 records: 3, size/record: 4, table size: 12
	index: 0, handler: __TI_decompress_lzss
	index: 1, handler: __TI_decompress_none
	index: 2, handler: __TI_zero_init


GLOBAL SYMBOLS: SORTED ALPHABETICALLY BY Name 

address   name                        
-------   ----                        
00001d89  ADC0_IRQHandler             
00001d89  ADC1_IRQHandler             
00001d89  AES_IRQHandler              
202001ec  BusFreq                     
00001f18  C$$EXIT                     
00001b21  C$$IO$$                     
00001d89  CANFD0_IRQHandler           
00001d89  DAC0_IRQHandler             
00001d89  DMA_IRQHandler              
00001d89  Default_Handler             
00001d89  GROUP0_IRQHandler           
00001d89  GROUP1_IRQHandler           
000017a9  HOSTclose                   
000013a5  HOSTlseek                   
0000154d  HOSTopen                    
000015ad  HOSTread                    
00001411  HOSTrename                  
000017f1  HOSTunlink                  
00001605  HOSTwrite                   
00001da5  HardFault_Handler           
00001d89  I2C0_IRQHandler             
00001d89  I2C1_IRQHandler             
202005d8  Message                     
202005ec  Messageindex                
00001d89  NMI_Handler                 
00001d89  PendSV_Handler              
202001b8  Phrases                     
00001d89  RTC_IRQHandler              
00001f11  Reset_Handler               
000024f8  SHT$$INIT_ARRAY$$Base       
000024fc  SHT$$INIT_ARRAY$$Limit      
00001d89  SPI0_IRQHandler             
00001d89  SPI1_IRQHandler             
00001d89  SVC_Handler                 
202001d0  Sensor                      
20200204  StTextColor                 
202001f0  StX                         
202001f4  StY                         
00000dcb  SysTick_Handler             
202005f0  TExaSLogic                  
202005f4  TExaSadc                    
00001d89  TIMA0_IRQHandler            
00001d89  TIMA1_IRQHandler            
00001d89  TIMG0_IRQHandler            
00001c7d  TIMG12_IRQHandler           
00001d89  TIMG6_IRQHandler            
00001881  TIMG7_IRQHandler            
00001d89  TIMG8_IRQHandler            
00001e35  TI_memcpy_small             
00001ea1  TI_memset_small             
00001d89  UART0_IRQHandler            
00001d89  UART1_IRQHandler            
00001d89  UART2_IRQHandler            
00001d89  UART3_IRQHandler            
20200418  _CIOBUF_                    
00001eb1  _Z10Clock_Freqv             
00001e59  _Z11Clock_Delayj            
00001981  _Z11SPI_OutDatac            
00001ddd  _Z11ST7735_openPKcji        
00001df3  _Z11ST7735_readiPcj         
0000165d  _Z11fillmessagej            
00000f09  _Z12ST7735_InitR10initRFlags
00001ee1  _Z12ST7735_closei           
00001e77  _Z12ST7735_lseekili         
000019f1  _Z12ST7735_writeiPKcj       
00001ebd  _Z13ST7735_renamePKcS0_     
00001eeb  _Z13ST7735_unlinkPKc        
00001a25  _Z14Clock_Delay1msj         
000011c1  _Z14LaunchPad_Initv         
00001839  _Z14SPI_OutCommandc         
00000c59  _Z14ST7735_OutCharc         
000010b9  _Z14ST7735_OutUDecj         
000019b9  _Z15ActivatePortA_Bv        
000000c1  _Z15Clock_Init80MHzi        
00000569  _Z15ST7735_FillRectsssst    
00000275  _Z16ST7735_DrawCharSsscssh  
00001335  _Z16ST7735_DrawPixelsst     
00001d1d  _Z16ST7735_OutStringPc      
00001a59  _Z16ST7735_SetCursorjj      
0000113d  _Z17ST7735_DrawStringttPcs  
00001c25  _Z17ST7735_FillScreent      
00000e6d  _Z17ST7735_InitPrintfv      
00001ef5  _Z8PLL_Initv                
000008ad  _Z8SPI_Initv                
000018c1  _Z9SPI_Resetv               
00001d45  _ZN8SlidePotC1Ejj           
00001d45  _ZN8SlidePotC2Ejj           
20200418  __CIOBUF_                   
20208000  __STACK_END                 
00000200  __STACK_SIZE                
00000200  __SYSMEM_SIZE               
00000000  __TI_ATRegion0_region_sz    
00000000  __TI_ATRegion0_src_addr     
00000000  __TI_ATRegion0_trg_addr     
00000000  __TI_ATRegion1_region_sz    
00000000  __TI_ATRegion1_src_addr     
00000000  __TI_ATRegion1_trg_addr     
00000000  __TI_ATRegion2_region_sz    
00000000  __TI_ATRegion2_src_addr     
00000000  __TI_ATRegion2_trg_addr     
00002598  __TI_CINIT_Base             
000025a8  __TI_CINIT_Limit            
000025a8  __TI_CINIT_Warm             
00002584  __TI_Handler_Table_Base     
00002590  __TI_Handler_Table_Limit    
000016b1  __TI_auto_init_nobinit      
00001a8d  __TI_cleanup                
202001e4  __TI_cleanup_ptr            
0000123d  __TI_closefile              
000012b9  __TI_decompress_lzss        
00001e47  __TI_decompress_none        
00001705  __TI_doflush                
202001e8  __TI_dtors_ptr              
202001f8  __TI_ft_end                 
ffffffff  __TI_pprof_out_hndl         
ffffffff  __TI_prof_data_size         
ffffffff  __TI_prof_data_start        
00001ac1  __TI_readmsg                
00000000  __TI_static_base__          
20200538  __TI_tmpnams                
00001af5  __TI_writemsg               
00001e09  __TI_zero_init_nomemset     
00001757  __aeabi_idiv0               
00001ec9  __aeabi_memclr              
00001ec9  __aeabi_memclr4             
00001ec9  __aeabi_memclr8             
00001f01  __aeabi_memcpy              
00001f01  __aeabi_memcpy4             
00001f01  __aeabi_memcpy8             
00001901  __aeabi_uidiv               
00001901  __aeabi_uidivmod            
ffffffff  __binit__                   
UNDEFED   __mpu_init                  
20207e00  __stack                     
20200000  __start___llvm_prf_bits     
20200000  __start___llvm_prf_cnts     
20200000  __stop___llvm_prf_bits      
20200000  __stop___llvm_prf_cnts      
00001cf5  _c_int00_noargs             
202000f0  _device                     
20200000  _ftable                     
202001fc  _lock                       
00001d43  _nop                        
20200168  _stream                     
20200218  _sys_memory                 
UNDEFED   _system_post_cinit          
00001f15  _system_pre_init            
20200200  _unlock                     
00001f19  abort                       
000009a5  add_device                  
00000799  aligned_alloc               
ffffffff  binit                       
00001759  close                       
00001b29  exit                        
00001b5d  finddevice                  
00001bf5  fopen                       
00000a91  free                        
00001b91  freopen                     
0000147d  getdevice                   
00000000  interruptVectors            
202005f8  k1                          
202005fc  k2                          
00000681  main                        
00001ed5  malloc                      
00000799  memalign                    
00000dcd  open                        
202005e4  parmbuf                     
00001f09  remove                      
00000b79  setvbuf                     
00001031  strcmp                      
00001c51  unlink                      
00001ccd  write                       


GLOBAL SYMBOLS: SORTED BY Symbol Address 

address   name                        
-------   ----                        
00000000  __TI_ATRegion0_region_sz    
00000000  __TI_ATRegion0_src_addr     
00000000  __TI_ATRegion0_trg_addr     
00000000  __TI_ATRegion1_region_sz    
00000000  __TI_ATRegion1_src_addr     
00000000  __TI_ATRegion1_trg_addr     
00000000  __TI_ATRegion2_region_sz    
00000000  __TI_ATRegion2_src_addr     
00000000  __TI_ATRegion2_trg_addr     
00000000  __TI_static_base__          
00000000  interruptVectors            
000000c1  _Z15Clock_Init80MHzi        
00000200  __STACK_SIZE                
00000200  __SYSMEM_SIZE               
00000275  _Z16ST7735_DrawCharSsscssh  
00000569  _Z15ST7735_FillRectsssst    
00000681  main                        
00000799  aligned_alloc               
00000799  memalign                    
000008ad  _Z8SPI_Initv                
000009a5  add_device                  
00000a91  free                        
00000b79  setvbuf                     
00000c59  _Z14ST7735_OutCharc         
00000dcb  SysTick_Handler             
00000dcd  open                        
00000e6d  _Z17ST7735_InitPrintfv      
00000f09  _Z12ST7735_InitR10initRFlags
00001031  strcmp                      
000010b9  _Z14ST7735_OutUDecj         
0000113d  _Z17ST7735_DrawStringttPcs  
000011c1  _Z14LaunchPad_Initv         
0000123d  __TI_closefile              
000012b9  __TI_decompress_lzss        
00001335  _Z16ST7735_DrawPixelsst     
000013a5  HOSTlseek                   
00001411  HOSTrename                  
0000147d  getdevice                   
0000154d  HOSTopen                    
000015ad  HOSTread                    
00001605  HOSTwrite                   
0000165d  _Z11fillmessagej            
000016b1  __TI_auto_init_nobinit      
00001705  __TI_doflush                
00001757  __aeabi_idiv0               
00001759  close                       
000017a9  HOSTclose                   
000017f1  HOSTunlink                  
00001839  _Z14SPI_OutCommandc         
00001881  TIMG7_IRQHandler            
000018c1  _Z9SPI_Resetv               
00001901  __aeabi_uidiv               
00001901  __aeabi_uidivmod            
00001981  _Z11SPI_OutDatac            
000019b9  _Z15ActivatePortA_Bv        
000019f1  _Z12ST7735_writeiPKcj       
00001a25  _Z14Clock_Delay1msj         
00001a59  _Z16ST7735_SetCursorjj      
00001a8d  __TI_cleanup                
00001ac1  __TI_readmsg                
00001af5  __TI_writemsg               
00001b21  C$$IO$$                     
00001b29  exit                        
00001b5d  finddevice                  
00001b91  freopen                     
00001bf5  fopen                       
00001c25  _Z17ST7735_FillScreent      
00001c51  unlink                      
00001c7d  TIMG12_IRQHandler           
00001ccd  write                       
00001cf5  _c_int00_noargs             
00001d1d  _Z16ST7735_OutStringPc      
00001d43  _nop                        
00001d45  _ZN8SlidePotC1Ejj           
00001d45  _ZN8SlidePotC2Ejj           
00001d89  ADC0_IRQHandler             
00001d89  ADC1_IRQHandler             
00001d89  AES_IRQHandler              
00001d89  CANFD0_IRQHandler           
00001d89  DAC0_IRQHandler             
00001d89  DMA_IRQHandler              
00001d89  Default_Handler             
00001d89  GROUP0_IRQHandler           
00001d89  GROUP1_IRQHandler           
00001d89  I2C0_IRQHandler             
00001d89  I2C1_IRQHandler             
00001d89  NMI_Handler                 
00001d89  PendSV_Handler              
00001d89  RTC_IRQHandler              
00001d89  SPI0_IRQHandler             
00001d89  SPI1_IRQHandler             
00001d89  SVC_Handler                 
00001d89  TIMA0_IRQHandler            
00001d89  TIMA1_IRQHandler            
00001d89  TIMG0_IRQHandler            
00001d89  TIMG6_IRQHandler            
00001d89  TIMG8_IRQHandler            
00001d89  UART0_IRQHandler            
00001d89  UART1_IRQHandler            
00001d89  UART2_IRQHandler            
00001d89  UART3_IRQHandler            
00001da5  HardFault_Handler           
00001ddd  _Z11ST7735_openPKcji        
00001df3  _Z11ST7735_readiPcj         
00001e09  __TI_zero_init_nomemset     
00001e35  TI_memcpy_small             
00001e47  __TI_decompress_none        
00001e59  _Z11Clock_Delayj            
00001e77  _Z12ST7735_lseekili         
00001ea1  TI_memset_small             
00001eb1  _Z10Clock_Freqv             
00001ebd  _Z13ST7735_renamePKcS0_     
00001ec9  __aeabi_memclr              
00001ec9  __aeabi_memclr4             
00001ec9  __aeabi_memclr8             
00001ed5  malloc                      
00001ee1  _Z12ST7735_closei           
00001eeb  _Z13ST7735_unlinkPKc        
00001ef5  _Z8PLL_Initv                
00001f01  __aeabi_memcpy              
00001f01  __aeabi_memcpy4             
00001f01  __aeabi_memcpy8             
00001f09  remove                      
00001f11  Reset_Handler               
00001f15  _system_pre_init            
00001f18  C$$EXIT                     
00001f19  abort                       
000024f8  SHT$$INIT_ARRAY$$Base       
000024fc  SHT$$INIT_ARRAY$$Limit      
00002584  __TI_Handler_Table_Base     
00002590  __TI_Handler_Table_Limit    
00002598  __TI_CINIT_Base             
000025a8  __TI_CINIT_Limit            
000025a8  __TI_CINIT_Warm             
20200000  __start___llvm_prf_bits     
20200000  __start___llvm_prf_cnts     
20200000  __stop___llvm_prf_bits      
20200000  __stop___llvm_prf_cnts      
20200000  _ftable                     
202000f0  _device                     
20200168  _stream                     
202001b8  Phrases                     
202001d0  Sensor                      
202001e4  __TI_cleanup_ptr            
202001e8  __TI_dtors_ptr              
202001ec  BusFreq                     
202001f0  StX                         
202001f4  StY                         
202001f8  __TI_ft_end                 
202001fc  _lock                       
20200200  _unlock                     
20200204  StTextColor                 
20200218  _sys_memory                 
20200418  _CIOBUF_                    
20200418  __CIOBUF_                   
20200538  __TI_tmpnams                
202005d8  Message                     
202005e4  parmbuf                     
202005ec  Messageindex                
202005f0  TExaSLogic                  
202005f4  TExaSadc                    
202005f8  k1                          
202005fc  k2                          
20207e00  __stack                     
20208000  __STACK_END                 
ffffffff  __TI_pprof_out_hndl         
ffffffff  __TI_prof_data_size         
ffffffff  __TI_prof_data_start        
ffffffff  __binit__                   
ffffffff  binit                       
UNDEFED   __mpu_init                  
UNDEFED   _system_post_cinit          

[172 symbols]
