******************************************************************************
            TI ARM Clang Linker PC v4.0.1                      
******************************************************************************
>> Linked Wed Apr 23 07:20:26 2025

OUTPUT FILE NAME:   <ECE319K_Lab9H.out>
ENTRY POINT SYMBOL: "_c_int00_noargs"  address: 00018065


MEMORY CONFIGURATION

         name            origin    length      used     unused   attr    fill
----------------------  --------  ---------  --------  --------  ----  --------
  FLASH                 00000000   00020000  00018578  00007a88  R  X
  SRAM                  20200000   00008000  000008b1  0000774f  RW X
  BCR_CONFIG            41c00000   00000080  00000000  00000080  R   
  BSL_CONFIG            41c00100   00000080  00000000  00000080  R   


SEGMENT ALLOCATION MAP

run origin  load origin   length   init length attrs members
----------  ----------- ---------- ----------- ----- -------
00000000    00000000    00018578   00018578    r-x
  00000000    00000000    000000c0   000000c0    r-- .intvecs
  000000c0    000000c0    00014d08   00014d08    r-- .rodata
  00014dc8    00014dc8    00000008   00000008    r-- .init_array
  00014dd0    00014dd0    000036f0   000036f0    r-x .text
  000184c0    000184c0    000000b8   000000b8    r-- .cinit
20200000    20200000    000006b4   00000000    rw-
  20200000    20200000    000002b5   00000000    rw- .data
  202002b8    202002b8    00000200   00000000    rw- .sysmem
  202004b8    202004b8    000001fc   00000000    rw- .bss
20207e00    20207e00    00000200   00000000    rw-
  20207e00    20207e00    00000200   00000000    rw- .stack


SECTION ALLOCATION MAP

 output                                  attributes/
section   page    origin      length       input sections
--------  ----  ----------  ----------   ----------------
.intvecs   0    00000000    000000c0     
                  00000000    000000c0     startup_mspm0g3507_ticlang.o (.intvecs)

.binit     0    00000000    00000000     

.text      0    00014dd0    000036f0     
                  00014dd0    00000404     Lab9HMain.o (.text.TIMG12_IRQHandler)
                  000151d4    000002c4     Lab9HMain.o (.text.main)
                  00015498    00000210     ST7735.o (.text._Z17ST7735_DrawBitmapssPKtss)
                  000156a8    000001b4     Clock.o (.text._Z15Clock_Init80MHzi)
                  0001585c    000001a0     ST7735.o (.text._Z16ST7735_DrawCharSsscssh)
                  000159fc    00000154     libc.a : fopen.c.obj (.text._openfile)
                  00015b50    00000128     TExaS.o (.text._Z8ADC_InitP10ADC12_Regsjj)
                  00015c78    00000118     ST7735.o (.text._Z15ST7735_FillRectsssst)
                  00015d90    00000114     libc.a : memory.c.obj (.text.aligned_alloc)
                  00015ea4    000000f8     SPI.o (.text._Z8SPI_Initv)
                  00015f9c    000000f4     ST7735.o (.text._Z18ST7735_SetRotationh)
                  00016090    000000ec     libsysbm.a : add_device.c.obj (.text.add_device)
                  0001617c    000000e8     TExaS.o (.text._Z9UART_Initv)
                  00016264    000000e8     libc.a : memory.c.obj (.text.free)
                  0001634c    000000e0            : setvbuf.c.obj (.text.setvbuf)
                  0001642c    000000d8     libclang_rt.builtins.a : addsf3.S.obj (.text)
                  00016504    000000d0     ST7735.o (.text._Z14ST7735_OutCharc)
                  000165d4    000000a8     Timer.o (.text._Z14TimerG7_IntArmtjj)
                  0001667c    000000a8     I2C.o (.text._Z9I2C_Send2ahh)
                  00016724    000000a4     I2C.o (.text._Z10IMU_Z_Axisa)
                  000167c8    000000a2     ST7735.o (.text._ZL11commandListPKh)
                  0001686a    00000002     libclang_rt.builtins.a : aeabi_div0.c.obj (.text.__aeabi_idiv0)
                  0001686c    000000a0     libsysbm.a : open.c.obj (.text.open)
                  0001690c    0000009c     ST7735.o (.text._Z17ST7735_InitPrintfv)
                  000169a8    0000009c     I2C.o (.text._Z9I2C_Send1ah)
                  00016a44    00000098     ST7735.o (.text._Z12ST7735_InitR10initRFlags)
                  00016adc    00000094     Timer.o (.text._Z15TimerG12_IntArmjj)
                  00016b70    0000008c     libclang_rt.builtins.a : mulsf3.S.obj (.text.__mulsf3)
                  00016bfc    00000088     Lab9HMain.o (.text._Z16Startup_Sequencev)
                  00016c84    00000088     ST7735.o (.text._ZL13setAddrWindowhhhh)
                  00016d0c    00000004     libc.a : pre_init.c.obj (.text._system_pre_init)
                  00016d10    00000088            : strcmp-armv6m.S.obj (.text:strcmp)
                  00016d98    00000084     ST7735.o (.text._Z14ST7735_OutUDecj)
                  00016e1c    00000084     ST7735.o (.text._Z17ST7735_DrawStringttPcs)
                  00016ea0    0000007c     LaunchPad.o (.text._Z14LaunchPad_Initv)
                  00016f1c    0000007c     SlidePot.o (.text._ZN8SlidePot4InitEv)
                  00016f98    0000007c     libc.a : fclose.c.obj (.text.__TI_closefile)
                  00017014    0000007c            : copy_decompress_lzss.c.obj (.text:decompress:lzss)
                  00017090    00000078     I2C.o (.text._Z8I2C_Initv)
                  00017108    00000074     Sprite.o (.text._Z14checkCollisionPK8sprite_tS1_)
                  0001717c    00000074     LED.o (.text._Z8LED_Initv)
                  000171f0    00000070     ST7735.o (.text._Z16ST7735_DrawPixelsst)
                  00017260    0000006c     libsysbm.a : hostlseek.c.obj (.text.HOSTlseek)
                  000172cc    0000006c                : hostrename.c.obj (.text.HOSTrename)
                  00017338    0000006c     libc.a : getdevice.c.obj (.text.getdevice)
                  000173a4    00000064            : memory.c.obj (.text.split)
                  00017408    00000060     libsysbm.a : hostopen.c.obj (.text.HOSTopen)
                  00017468    00000060     I2C.o (.text._Z9I2C_Recv1a)
                  000174c8    0000005c     I2C.o (.text._Z8IMU_Inita)
                  00017524    00000058     libsysbm.a : hostread.c.obj (.text.HOSTread)
                  0001757c    00000058                : hostwrite.c.obj (.text.HOSTwrite)
                  000175d4    00000058     TExaS.o (.text._Z10TExaS_InitP10ADC12_RegsjPFhvE)
                  0001762c    00000058     I2C.o (.text._ZL13IC2FillTxFifoPht)
                  00017684    00000056     libclang_rt.builtins.a : aeabi_idivmod.S.obj (.text.__aeabi_idivmod)
                  000176da    00000002     libc.a : _lock.c.obj (.text._nop)
                  000176dc    00000054     ST7735.o (.text._Z11fillmessagej)
                  00017730    00000054     libc.a : autoinit.c.obj (.text:__TI_auto_init_nobinit)
                  00017784    00000052            : fflush.c.obj (.text.__TI_doflush)
                  000177d6    00000002     --HOLE-- [fill = 0]
                  000177d8    00000050     libsysbm.a : close.c.obj (.text.close)
                  00017828    0000004c     Sound.o (.text.SysTick_Handler)
                  00017874    0000004c     Sprite.o (.text._Z13sprite_updateP8sprite_tii)
                  000178c0    0000004c     Sound.o (.text._Z14SysTick_IntArmjj)
                  0001790c    0000004c     Lab9HMain.o (.text._Z9SampleIMUv)
                  00017958    00000048     libsysbm.a : hostclose.c.obj (.text.HOSTclose)
                  000179a0    00000048                : hostunlink.c.obj (.text.HOSTunlink)
                  000179e8    00000048     SPI.o (.text._Z14SPI_OutCommandc)
                  00017a30    00000048     SlidePot.o (.text._ZN8SlidePot2InEv)
                  00017a78    00000040     TExaS.o (.text.TIMG7_IRQHandler)
                  00017ab8    00000040     SPI.o (.text._Z9SPI_Resetv)
                  00017af8    00000040     libclang_rt.builtins.a : aeabi_uidivmod.S.obj (.text.__aeabi_uidivmod)
                  00017b38    00000040     libc.a : fopen.c.obj (.text._search_fp)
                  00017b78    0000003c     DAC5.o (.text._Z9DAC5_Initv)
                  00017bb4    0000003c     libclang_rt.builtins.a : floatsisf.S.obj (.text.__floatsisf)
                  00017bf0    0000003a                            : muldsi3.S.obj (.text.__muldsi3)
                  00017c2a    00000002     --HOLE-- [fill = 0]
                  00017c2c    00000038     SPI.o (.text._Z11SPI_OutDatac)
                  00017c64    00000038     LaunchPad.o (.text._Z15ActivatePortA_Bv)
                  00017c9c    00000038     libclang_rt.builtins.a : fixsfsi.S.obj (.text.__fixsfsi)
                  00017cd4    00000036     UART.o (.text._Z12UART_OutUDecj)
                  00017d0a    00000034     ST7735.o (.text._Z12ST7735_writeiPKcj)
                  00017d3e    00000002     --HOLE-- [fill = 0]
                  00017d40    00000034     Clock.o (.text._Z14Clock_Delay1msj)
                  00017d74    00000034     ST7735.o (.text._Z16ST7735_SetCursorjj)
                  00017da8    00000034     libc.a : fopen.c.obj (.text.__TI_cleanup)
                  00017ddc    00000034     libsysbm.a : trgmsg.c.obj (.text.__TI_readmsg)
                  00017e10    00000034                : trgmsg.c.obj (.text.__TI_writemsg)
                  00017e44    00000034     libc.a : exit.c.obj (.text.exit)
                  00017e78    00000034            : getdevice.c.obj (.text.finddevice)
                  00017eac    00000034            : fopen.c.obj (.text.freopen)
                  00017ee0    00000030     ST7735.o (.text._ZL10commonInitPKh)
                  00017f10    00000030     libc.a : fopen.c.obj (.text.fopen)
                  00017f40    0000002c     TExaS.o (.text._Z12UART_OutCharc)
                  00017f6c    0000002c     ST7735.o (.text._Z17ST7735_FillScreent)
                  00017f98    0000002c     libsysbm.a : unlink.c.obj (.text.unlink)
                  00017fc4    00000028     Switch.o (.text._Z11Switch_Initv)
                  00017fec    00000028     TExaS.o (.text._Z9ADC_StartP10ADC12_Regs)
                  00018014    00000028     libc.a : memory.c.obj (.text.free_list_insert)
                  0001803c    00000028     libsysbm.a : write.c.obj (.text.write)
                  00018064    00000028     libc.a : boot_cortex_m.c.obj (.text:_c_int00_noargs)
                  0001808c    00000026     UART.o (.text._Z12UART_OutSDeci)
                  000180b2    00000026     UART.o (.text._Z14UART_OutStringPc)
                  000180d8    00000026     ST7735.o (.text._Z16ST7735_OutStringPc)
                  000180fe    00000026     Sprite.o (.text._Z9create_opP8sprite_t)
                  00018124    00000024     Motor.o (.text._Z10Motor_Initv)
                  00018148    00000024     Sprite.o (.text._Z11sprite_drawPK8sprite_t)
                  0001816c    00000024     SlidePot.o (.text._ZN8SlidePotC2Ejj)
                  00018190    00000020     Sound.o (.text._Z10Sound_Initv)
                  000181b0    00000020     Sprite.o (.text._ZL8Random32v)
                  000181d0    0000001e     ST7735.o (.text._ZL9pushColort)
                  000181ee    00000002     --HOLE-- [fill = 0]
                  000181f0    0000001c     startup_mspm0g3507_ticlang.o (.text.Default_Handler)
                  0001820c    0000001c     startup_mspm0g3507_ticlang.o (.text.HardFault_Handler)
                  00018228    0000001c     DAC5.o (.text._Z8DAC5_Outj)
                  00018244    0000001c     Switch.o (.text._Z9Switch_Inv)
                  00018260    0000001c     libc.a : memory.c.obj (.text.free_list_remove)
                  0001827c    00000018     Lab9HMain.o (.text._GLOBAL__sub_I_Lab9HMain.cpp)
                  00018294    00000018     Sprite.o (.text._Z13move_opponentP8sprite_t)
                  000182ac    00000018     Sprite.o (.text._ZL6Randomj)
                  000182c4    00000016     ST7735.o (.text._Z11ST7735_openPKcji)
                  000182da    00000016     ST7735.o (.text._Z11ST7735_readiPcj)
                  000182f0    00000016     libc.a : copy_zero_init.c.obj (.text:decompress:ZI:__TI_zero_init_nomemset)
                  00018306    00000002     --HOLE-- [fill = 0]
                  00018308    00000014     ST7735.o (.text._Z19ST7735_SetTextColort)
                  0001831c    00000014     LED.o (.text._Z6LED_Onj)
                  00018330    00000014     LED.o (.text._Z7LED_Offj)
                  00018344    00000014     Lab9HMain.o (.text.__cxx_global_var_init.4)
                  00018358    00000012     libc.a : memcpy16.S.obj (.text:TI_memcpy_small)
                  0001836a    00000012            : copy_decompress_none.c.obj (.text:decompress:none)
                  0001837c    00000010     Clock.o (.text._Z11Clock_Delayj)
                  0001838c    00000010     Lab9HMain.o (.text._Z28TExaS_LaunchPadLogicPB27PB26v)
                  0001839c    00000010     Lab9HMain.o (.text.__cxx_global_var_init.1)
                  000183ac    00000010     Lab9HMain.o (.text.__cxx_global_var_init.2)
                  000183bc    00000010     Lab9HMain.o (.text.__cxx_global_var_init.3)
                  000183cc    00000010     Lab9HMain.o (.text.__cxx_global_var_init)
                  000183dc    0000000e     libc.a : memory.c.obj (.text.OUTLINED_FUNCTION_0)
                  000183ea    0000000e     ST7735.o (.text._Z12ST7735_lseekili)
                  000183f8    0000000e     Lab9HMain.o (.text._ZN8sprite_tC2Ev)
                  00018406    0000000e     libsysbm.a : hostrename.c.obj (.text.strcpy)
                  00018414    0000000e                : hostrename.c.obj (.text.strlen)
                  00018422    0000000e     libc.a : memset16.S.obj (.text:TI_memset_small)
                  00018430    0000000c     Clock.o (.text._Z10Clock_Freqv)
                  0001843c    0000000c     ST7735.o (.text._Z13ST7735_renamePKcS0_)
                  00018448    0000000c     Motor.o (.text._Z8Motor_Onv)
                  00018454    0000000c     Lab9HMain.o (.text._Z8ResetIMUv)
                  00018460    0000000c     Motor.o (.text._Z9Motor_Offv)
                  0001846c    0000000c     libclang_rt.builtins.a : aeabi_memset.S.obj (.text.__aeabi_memclr)
                  00018478    0000000c     libc.a : memory.c.obj (.text.malloc)
                  00018484    0000000a     ST7735.o (.text._Z12ST7735_closei)
                  0001848e    0000000a     ST7735.o (.text._Z13ST7735_unlinkPKc)
                  00018498    0000000a     Lab9HMain.o (.text._Z8PLL_Initv)
                  000184a2    00000002     --HOLE-- [fill = 0]
                  000184a4    00000008     libclang_rt.builtins.a : aeabi_memcpy.S.obj (.text.__aeabi_memcpy)
                  000184ac    00000008     libsysbm.a : remove.c.obj (.text.remove)
                  000184b4    00000004     startup_mspm0g3507_ticlang.o (.text.Reset_Handler)
                  000184b8    00000004     libc.a : exit.c.obj (.text:abort)
                  000184bc    00000004     --HOLE-- [fill = 0]

.cinit     0    000184c0    000000b8     
                  000184c0    00000092     (.cinit..data.load) [load image, compression = lzss]
                  00018552    00000002     --HOLE-- [fill = 0]
                  00018554    0000000c     (__TI_handler_table)
                  00018560    00000008     (.cinit..bss.load) [load image, compression = zero_init]
                  00018568    00000010     (__TI_cinit_table)

.rodata    0    000000c0    00014d08     
                  000000c0    0000a000     Lab9HMain.o (.rodata._ZL5track)
                  0000a0c0    00009ec0     Lab9HMain.o (.rodata._ZL8mainmenu)
                  00013f80    000004fb     ST7735.o (.rodata._ZL4Font)
                  0001447b    00000001     --HOLE-- [fill = 0]
                  0001447c    00000226     Lab9HMain.o (.rodata._ZL6redcar)
                  000146a2    00000226     Lab9HMain.o (.rodata._ZL7bluecar)
                  000148c8    00000226     Lab9HMain.o (.rodata._ZL9orangecar)
                  00014aee    000001e0     Lab9HMain.o (.rodata._ZL7powerup)
                  00014cce    0000003b     ST7735.o (.rodata._ZL5Rcmd1)
                  00014d09    0000002b     ST7735.o (.rodata._ZL5Rcmd3)
                  00014d34    00000016     ST7735.o (.rodata.str1.27654776648402594051)
                  00014d4a    00000010     Lab9HMain.o (.rodata.str1.36435047076059183751)
                  00014d5a    0000000d     ST7735.o (.rodata._ZL10Rcmd2green)
                  00014d67    0000000d     ST7735.o (.rodata._ZL8Rcmd2red)
                  00014d74    00000008     Lab9HMain.o (.rodata._ZL15Goodbye_English)
                  00014d7c    00000008     Lab9HMain.o (.rodata._ZL16Language_English)
                  00014d84    00000008     Lab9HMain.o (.rodata._ZL16Language_Spanish)
                  00014d8c    00000008     ST7735.o (.rodata.str1.30631301022142394341)
                  00014d94    00000008     Lab9HMain.o (.rodata.str1.8734979013979085121)
                  00014d9c    00000007     Lab9HMain.o (.rodata._ZL13Hello_Spanish)
                  00014da3    00000007     ST7735.o (.rodata.str1.38774966589181490291)
                  00014daa    00000007     ST7735.o (.rodata.str1.50838542173561510481)
                  00014db1    00000006     Lab9HMain.o (.rodata._ZL13Hello_English)
                  00014db7    00000006     Lab9HMain.o (.rodata._ZL15Goodbye_Spanish)
                  00014dbd    00000002     Lab9HMain.o (.rodata.str1.135363822859471765721)
                  00014dbf    00000002     ST7735.o (.rodata.str1.6156647961437236381)
                  00014dc1    00000007     --HOLE-- [fill = 0]

.init_array 
*          0    00014dc8    00000008     
                  00014dc8    00000004     Lab9HMain.o (.init_array)
                  00014dcc    00000004     --HOLE-- [fill = 0]

.data      0    20200000    000002b5     UNINITIALIZED
                  20200000    000000f0     libc.a : defs.c.obj (.data._ftable)
                  202000f0    00000078     libsysbm.a : host_device.c.obj (.data._device)
                  20200168    00000050                : host_device.c.obj (.data._stream)
                  202001b8    00000020     Lab9HMain.o (.data.bolt)
                  202001d8    00000020     Lab9HMain.o (.data.othercar1)
                  202001f8    00000020     Lab9HMain.o (.data.othercar2)
                  20200218    00000020     Lab9HMain.o (.data.usercar)
                  20200238    00000018     Lab9HMain.o (.data.Phrases)
                  20200250    00000014     Lab9HMain.o (.data.Sensor)
                  20200264    00000008     libc.a : exit.c.obj (.data..L_MergedGlobals)
                  2020026c    00000004     Clock.o (.data.BusFreq)
                  20200270    00000004     Sprite.o (.data.M)
                  20200274    00000004     ST7735.o (.data.StX)
                  20200278    00000004     ST7735.o (.data.StY)
                  2020027c    00000004     Sound.o (.data._ZL10soundCount)
                  20200280    00000004     Sound.o (.data._ZL10soundIndex)
                  20200284    00000004     Sound.o (.data._ZL6period)
                  20200288    00000004     libc.a : defs.c.obj (.data.__TI_ft_end)
                  2020028c    00000004            : _lock.c.obj (.data._lock)
                  20200290    00000004            : _lock.c.obj (.data._unlock)
                  20200294    00000004     Lab9HMain.o (.data.computed_angle)
                  20200298    00000004     Lab9HMain.o (.data.currentAngle)
                  2020029c    00000004     Lab9HMain.o (.data.dt)
                  202002a0    00000004     Lab9HMain.o (.data.scorecounter)
                  202002a4    00000002     ST7735.o (.data.StTextColor)
                  202002a6    00000002     ST7735.o (.data._ZL6_width)
                  202002a8    00000002     ST7735.o (.data._ZL7_height)
                  202002aa    00000002     Lab9HMain.o (.data.angular_velocity)
                  202002ac    00000001     libsysbm.a : add_device.c.obj (.data.add_device.device_init)
                  202002ad    00000001     Lab9HMain.o (.data.hasPowerup)
                  202002ae    00000001     Lab9HMain.o (.data.lives)
                  202002af    00000001     Lab9HMain.o (.data.powerup_counter)
                  202002b0    00000001     libc.a : memory.c.obj (.data.memory_is_initialized)
                  202002b1    00000001     Lab9HMain.o (.data.powerup_used)
                  202002b2    00000002     --HOLE--
                  202002b4    00000001     libsysbm.a : open.c.obj (.data.open.stream_init)

.sysmem    0    202002b8    00000200     UNINITIALIZED
                  202002b8    00000010     libc.a : memory.c.obj (.sysmem)
                  202002c8    000001f0     --HOLE--

.bss       0    202004b8    000001fc     UNINITIALIZED
                  202004b8    00000120     libsysbm.a : trgmsg.c.obj (.bss:_CIOBUF_)
                  202005d8    000000a0     libc.a : defs.c.obj (.bss.__TI_tmpnams)
                  20200678    0000000c     ST7735.o (.bss.Message)
                  20200684    00000008     libsysbm.a : hostopen.c.obj (.bss.parmbuf)
                  2020068c    00000004     I2C.o (.bss.I2C_error)
                  20200690    00000004     ST7735.o (.bss.Messageindex)
                  20200694    00000004     TExaS.o (.bss.TExaSLogic)
                  20200698    00000004     TExaS.o (.bss.TExaSadc)
                  2020069c    00000004     Sound.o (.bss._ZL8soundPtr)
                  202006a0    00000004     SlidePot.o (.bss.k1)
                  202006a4    00000004     SlidePot.o (.bss.k2)
                  202006a8    00000004     Lab9HMain.o (.bss.now)
                  202006ac    00000004     libc.a : memory.c.obj (.bss.sys_free)
                  202006b0    00000001     ST7735.o (.bss._ZL8ColStart)
                  202006b1    00000001     ST7735.o (.bss._ZL8Rotation)
                  202006b2    00000001     ST7735.o (.bss._ZL8RowStart)
                  202006b3    00000001     ST7735.o (.bss._ZL8TabColor)

.stack     0    20207e00    00000200     UNINITIALIZED
                  20207e00    00000004     libc.a : boot_cortex_m.c.obj (.stack)
                  20207e04    000001fc     --HOLE--

__llvm_prf_cnts 
*          0    20200000    00000000     UNINITIALIZED

__llvm_prf_bits 
*          0    20200000    00000000     UNINITIALIZED

MODULE SUMMARY

       Module                         code    ro data   rw data
       ------                         ----    -------   -------
    .\
       Lab9HMain.o                    2108    83803     198    
       ST7735.o                       3116    1449      34     
       I2C.o                          884     0         4      
       TExaS.o                        764     0         8      
       Clock.o                        516     0         4      
       SPI.o                          440     0         0      
       Sprite.o                       346     0         4      
       Timer.o                        316     0         0      
       SlidePot.o                     232     0         8      
       Sound.o                        184     0         16     
       LaunchPad.o                    180     0         0      
       LED.o                          156     0         0      
       UART.o                         130     0         0      
       DAC5.o                         88      0         0      
       Switch.o                       68      0         0      
       Motor.o                        60      0         0      
    +--+------------------------------+-------+---------+---------+
       Total:                         9588    85252     276    
                                                               
    .\ticlang\
       startup_mspm0g3507_ticlang.o   60      192       0      
    +--+------------------------------+-------+---------+---------+
       Total:                         60      192       0      
                                                               
    C:\ti\ccs2000\ccs\tools\compiler\ti-cgt-armllvm_4.0.1.LTS\lib\armv6m-ti-none-eabi/c/libc.a
       memory.c.obj                   702     0         5      
       fopen.c.obj                    556     0         0      
       defs.c.obj                     0       0         404    
       setvbuf.c.obj                  224     0         0      
       getdevice.c.obj                160     0         0      
       strcmp-armv6m.S.obj            136     0         0      
       copy_decompress_lzss.c.obj     124     0         0      
       fclose.c.obj                   124     0         0      
       autoinit.c.obj                 84      0         0      
       fflush.c.obj                   82      0         0      
       exit.c.obj                     56      0         8      
       boot_cortex_m.c.obj            40      0         0      
       copy_zero_init.c.obj           22      0         0      
       copy_decompress_none.c.obj     18      0         0      
       memcpy16.S.obj                 18      0         0      
       memset16.S.obj                 14      0         0      
       _lock.c.obj                    2       0         8      
       pre_init.c.obj                 4       0         0      
    +--+------------------------------+-------+---------+---------+
       Total:                         2366    0         425    
                                                               
    C:\ti\ccs2000\ccs\tools\compiler\ti-cgt-armllvm_4.0.1.LTS\lib\armv6m-ti-none-eabi/c/libsysbm.a
       trgmsg.c.obj                   104     0         288    
       add_device.c.obj               236     0         1      
       host_device.c.obj              0       0         200    
       open.c.obj                     160     0         1      
       hostrename.c.obj               136     0         0      
       hostlseek.c.obj                108     0         0      
       hostopen.c.obj                 96      0         8      
       hostread.c.obj                 88      0         0      
       hostwrite.c.obj                88      0         0      
       close.c.obj                    80      0         0      
       hostclose.c.obj                72      0         0      
       hostunlink.c.obj               72      0         0      
       unlink.c.obj                   44      0         0      
       write.c.obj                    40      0         0      
       remove.c.obj                   8       0         0      
    +--+------------------------------+-------+---------+---------+
       Total:                         1332    0         498    
                                                               
    C:\ti\ccs2000\ccs\tools\compiler\ti-cgt-armllvm_4.0.1.LTS\lib\armv6m-ti-none-eabi/libclang_rt.builtins.a
       addsf3.S.obj                   216     0         0      
       mulsf3.S.obj                   140     0         0      
       aeabi_idivmod.S.obj            86      0         0      
       aeabi_uidivmod.S.obj           64      0         0      
       floatsisf.S.obj                60      0         0      
       muldsi3.S.obj                  58      0         0      
       fixsfsi.S.obj                  56      0         0      
       aeabi_memset.S.obj             12      0         0      
       aeabi_memcpy.S.obj             8       0         0      
       aeabi_div0.c.obj               2       0         0      
    +--+------------------------------+-------+---------+---------+
       Total:                         702     0         0      
                                                               
       Heap:                          0       0         512    
       Stack:                         0       0         512    
       Linker Generated:              0       182       0      
    +--+------------------------------+-------+---------+---------+
       Grand Total:                   14048   85626     2223   


LINKER GENERATED COPY TABLES

__TI_cinit_table @ 00018568 records: 2, size/record: 8, table size: 16
	.data: load addr=000184c0, load size=00000092 bytes, run addr=20200000, run size=000002b5 bytes, compression=lzss
	.bss: load addr=00018560, load size=00000008 bytes, run addr=202004b8, run size=000001fc bytes, compression=zero_init


LINKER GENERATED HANDLER TABLE

__TI_handler_table @ 00018554 records: 3, size/record: 4, table size: 12
	index: 0, handler: __TI_decompress_lzss
	index: 1, handler: __TI_decompress_none
	index: 2, handler: __TI_zero_init


GLOBAL SYMBOLS: SORTED ALPHABETICALLY BY Name 

address   name                             
-------   ----                             
000181f1  ADC0_IRQHandler                  
000181f1  ADC1_IRQHandler                  
000181f1  AES_IRQHandler                   
2020026c  BusFreq                          
000184b8  C$$EXIT                          
00017e3d  C$$IO$$                          
000181f1  CANFD0_IRQHandler                
000181f1  DAC0_IRQHandler                  
000181f1  DMA_IRQHandler                   
000181f1  Default_Handler                  
000181f1  GROUP0_IRQHandler                
000181f1  GROUP1_IRQHandler                
00017959  HOSTclose                        
00017261  HOSTlseek                        
00017409  HOSTopen                         
00017525  HOSTread                         
000172cd  HOSTrename                       
000179a1  HOSTunlink                       
0001757d  HOSTwrite                        
0001820d  HardFault_Handler                
000181f1  I2C0_IRQHandler                  
000181f1  I2C1_IRQHandler                  
2020068c  I2C_error                        
20200270  M                                
20200678  Message                          
20200690  Messageindex                     
000181f1  NMI_Handler                      
000181f1  PendSV_Handler                   
20200238  Phrases                          
000181f1  RTC_IRQHandler                   
000184b5  Reset_Handler                    
00014dc8  SHT$$INIT_ARRAY$$Base            
00014dcc  SHT$$INIT_ARRAY$$Limit           
000181f1  SPI0_IRQHandler                  
000181f1  SPI1_IRQHandler                  
000181f1  SVC_Handler                      
20200250  Sensor                           
202002a4  StTextColor                      
20200274  StX                              
20200278  StY                              
00017829  SysTick_Handler                  
20200694  TExaSLogic                       
20200698  TExaSadc                         
000181f1  TIMA0_IRQHandler                 
000181f1  TIMA1_IRQHandler                 
000181f1  TIMG0_IRQHandler                 
00014dd1  TIMG12_IRQHandler                
000181f1  TIMG6_IRQHandler                 
00017a79  TIMG7_IRQHandler                 
000181f1  TIMG8_IRQHandler                 
00018359  TI_memcpy_small                  
00018423  TI_memset_small                  
000181f1  UART0_IRQHandler                 
000181f1  UART1_IRQHandler                 
000181f1  UART2_IRQHandler                 
000181f1  UART3_IRQHandler                 
202004b8  _CIOBUF_                         
00018431  _Z10Clock_Freqv                  
00016725  _Z10IMU_Z_Axisa                  
00018125  _Z10Motor_Initv                  
00018191  _Z10Sound_Initv                  
000175d5  _Z10TExaS_InitP10ADC12_RegsjPFhvE
0001837d  _Z11Clock_Delayj                 
00017c2d  _Z11SPI_OutDatac                 
000182c5  _Z11ST7735_openPKcji             
000182db  _Z11ST7735_readiPcj              
00017fc5  _Z11Switch_Initv                 
000176dd  _Z11fillmessagej                 
00018149  _Z11sprite_drawPK8sprite_t       
00016a45  _Z12ST7735_InitR10initRFlags     
00018485  _Z12ST7735_closei                
000183eb  _Z12ST7735_lseekili              
00017d0b  _Z12ST7735_writeiPKcj            
00017f41  _Z12UART_OutCharc                
0001808d  _Z12UART_OutSDeci                
00017cd5  _Z12UART_OutUDecj                
0001843d  _Z13ST7735_renamePKcS0_          
0001848f  _Z13ST7735_unlinkPKc             
00018295  _Z13move_opponentP8sprite_t      
00017875  _Z13sprite_updateP8sprite_tii    
00017d41  _Z14Clock_Delay1msj              
00016ea1  _Z14LaunchPad_Initv              
000179e9  _Z14SPI_OutCommandc              
00016505  _Z14ST7735_OutCharc              
00016d99  _Z14ST7735_OutUDecj              
000178c1  _Z14SysTick_IntArmjj             
000165d5  _Z14TimerG7_IntArmtjj            
000180b3  _Z14UART_OutStringPc             
00017109  _Z14checkCollisionPK8sprite_tS1_ 
00017c65  _Z15ActivatePortA_Bv             
000156a9  _Z15Clock_Init80MHzi             
00015c79  _Z15ST7735_FillRectsssst         
00016add  _Z15TimerG12_IntArmjj            
0001585d  _Z16ST7735_DrawCharSsscssh       
000171f1  _Z16ST7735_DrawPixelsst          
000180d9  _Z16ST7735_OutStringPc           
00017d75  _Z16ST7735_SetCursorjj           
00016bfd  _Z16Startup_Sequencev            
00015499  _Z17ST7735_DrawBitmapssPKtss     
00016e1d  _Z17ST7735_DrawStringttPcs       
00017f6d  _Z17ST7735_FillScreent           
0001690d  _Z17ST7735_InitPrintfv           
00015f9d  _Z18ST7735_SetRotationh          
00018309  _Z19ST7735_SetTextColort         
0001838d  _Z28TExaS_LaunchPadLogicPB27PB26v
0001831d  _Z6LED_Onj                       
00018331  _Z7LED_Offj                      
00015b51  _Z8ADC_InitP10ADC12_Regsjj       
00018229  _Z8DAC5_Outj                     
00017091  _Z8I2C_Initv                     
000174c9  _Z8IMU_Inita                     
0001717d  _Z8LED_Initv                     
00018449  _Z8Motor_Onv                     
00018499  _Z8PLL_Initv                     
00018455  _Z8ResetIMUv                     
00015ea5  _Z8SPI_Initv                     
00017fed  _Z9ADC_StartP10ADC12_Regs        
00017b79  _Z9DAC5_Initv                    
00017469  _Z9I2C_Recv1a                    
000169a9  _Z9I2C_Send1ah                   
0001667d  _Z9I2C_Send2ahh                  
00018461  _Z9Motor_Offv                    
00017ab9  _Z9SPI_Resetv                    
0001790d  _Z9SampleIMUv                    
00018245  _Z9Switch_Inv                    
0001617d  _Z9UART_Initv                    
000180ff  _Z9create_opP8sprite_t           
00017a31  _ZN8SlidePot2InEv                
00016f1d  _ZN8SlidePot4InitEv              
0001816d  _ZN8SlidePotC1Ejj                
0001816d  _ZN8SlidePotC2Ejj                
000183f9  _ZN8sprite_tC2Ev                 
202004b8  __CIOBUF_                        
20208000  __STACK_END                      
00000200  __STACK_SIZE                     
00000200  __SYSMEM_SIZE                    
00000000  __TI_ATRegion0_region_sz         
00000000  __TI_ATRegion0_src_addr          
00000000  __TI_ATRegion0_trg_addr          
00000000  __TI_ATRegion1_region_sz         
00000000  __TI_ATRegion1_src_addr          
00000000  __TI_ATRegion1_trg_addr          
00000000  __TI_ATRegion2_region_sz         
00000000  __TI_ATRegion2_src_addr          
00000000  __TI_ATRegion2_trg_addr          
00018568  __TI_CINIT_Base                  
00018578  __TI_CINIT_Limit                 
00018578  __TI_CINIT_Warm                  
00018554  __TI_Handler_Table_Base          
00018560  __TI_Handler_Table_Limit         
00017731  __TI_auto_init_nobinit           
00017da9  __TI_cleanup                     
20200264  __TI_cleanup_ptr                 
00016f99  __TI_closefile                   
00017015  __TI_decompress_lzss             
0001836b  __TI_decompress_none             
00017785  __TI_doflush                     
20200268  __TI_dtors_ptr                   
20200288  __TI_ft_end                      
ffffffff  __TI_pprof_out_hndl              
ffffffff  __TI_prof_data_size              
ffffffff  __TI_prof_data_start             
00017ddd  __TI_readmsg                     
00000000  __TI_static_base__               
202005d8  __TI_tmpnams                     
00017e11  __TI_writemsg                    
000182f1  __TI_zero_init_nomemset          
00016437  __addsf3                         
00017c9d  __aeabi_f2iz                     
00016437  __aeabi_fadd                     
00016b71  __aeabi_fmul                     
0001642d  __aeabi_fsub                     
00017bb5  __aeabi_i2f                      
00017685  __aeabi_idiv                     
0001686b  __aeabi_idiv0                    
00017685  __aeabi_idivmod                  
0001846d  __aeabi_memclr                   
0001846d  __aeabi_memclr4                  
0001846d  __aeabi_memclr8                  
000184a5  __aeabi_memcpy                   
000184a5  __aeabi_memcpy4                  
000184a5  __aeabi_memcpy8                  
00017af9  __aeabi_uidiv                    
00017af9  __aeabi_uidivmod                 
ffffffff  __binit__                        
00017c9d  __fixsfsi                        
00017bb5  __floatsisf                      
UNDEFED   __mpu_init                       
00017bf1  __muldsi3                        
00016b71  __mulsf3                         
20207e00  __stack                          
20200000  __start___llvm_prf_bits          
20200000  __start___llvm_prf_cnts          
20200000  __stop___llvm_prf_bits           
20200000  __stop___llvm_prf_cnts           
0001642d  __subsf3                         
00018065  _c_int00_noargs                  
202000f0  _device                          
20200000  _ftable                          
2020028c  _lock                            
000176db  _nop                             
20200168  _stream                          
202002b8  _sys_memory                      
UNDEFED   _system_post_cinit               
00016d0d  _system_pre_init                 
20200290  _unlock                          
000184b9  abort                            
00016091  add_device                       
00015d91  aligned_alloc                    
202002aa  angular_velocity                 
ffffffff  binit                            
202001b8  bolt                             
000177d9  close                            
20200294  computed_angle                   
20200298  currentAngle                     
2020029c  dt                               
00017e45  exit                             
00017e79  finddevice                       
00017f11  fopen                            
00016265  free                             
00017ead  freopen                          
00017339  getdevice                        
202002ad  hasPowerup                       
00000000  interruptVectors                 
202006a0  k1                               
202006a4  k2                               
202002ae  lives                            
000151d5  main                             
00018479  malloc                           
00015d91  memalign                         
202006a8  now                              
0001686d  open                             
202001d8  othercar1                        
202001f8  othercar2                        
20200684  parmbuf                          
202002af  powerup_counter                  
202002b1  powerup_used                     
000184ad  remove                           
202002a0  scorecounter                     
0001634d  setvbuf                          
00016d11  strcmp                           
00017f99  unlink                           
20200218  usercar                          
0001803d  write                            


GLOBAL SYMBOLS: SORTED BY Symbol Address 

address   name                             
-------   ----                             
00000000  __TI_ATRegion0_region_sz         
00000000  __TI_ATRegion0_src_addr          
00000000  __TI_ATRegion0_trg_addr          
00000000  __TI_ATRegion1_region_sz         
00000000  __TI_ATRegion1_src_addr          
00000000  __TI_ATRegion1_trg_addr          
00000000  __TI_ATRegion2_region_sz         
00000000  __TI_ATRegion2_src_addr          
00000000  __TI_ATRegion2_trg_addr          
00000000  __TI_static_base__               
00000000  interruptVectors                 
00000200  __STACK_SIZE                     
00000200  __SYSMEM_SIZE                    
00014dc8  SHT$$INIT_ARRAY$$Base            
00014dcc  SHT$$INIT_ARRAY$$Limit           
00014dd1  TIMG12_IRQHandler                
000151d5  main                             
00015499  _Z17ST7735_DrawBitmapssPKtss     
000156a9  _Z15Clock_Init80MHzi             
0001585d  _Z16ST7735_DrawCharSsscssh       
00015b51  _Z8ADC_InitP10ADC12_Regsjj       
00015c79  _Z15ST7735_FillRectsssst         
00015d91  aligned_alloc                    
00015d91  memalign                         
00015ea5  _Z8SPI_Initv                     
00015f9d  _Z18ST7735_SetRotationh          
00016091  add_device                       
0001617d  _Z9UART_Initv                    
00016265  free                             
0001634d  setvbuf                          
0001642d  __aeabi_fsub                     
0001642d  __subsf3                         
00016437  __addsf3                         
00016437  __aeabi_fadd                     
00016505  _Z14ST7735_OutCharc              
000165d5  _Z14TimerG7_IntArmtjj            
0001667d  _Z9I2C_Send2ahh                  
00016725  _Z10IMU_Z_Axisa                  
0001686b  __aeabi_idiv0                    
0001686d  open                             
0001690d  _Z17ST7735_InitPrintfv           
000169a9  _Z9I2C_Send1ah                   
00016a45  _Z12ST7735_InitR10initRFlags     
00016add  _Z15TimerG12_IntArmjj            
00016b71  __aeabi_fmul                     
00016b71  __mulsf3                         
00016bfd  _Z16Startup_Sequencev            
00016d0d  _system_pre_init                 
00016d11  strcmp                           
00016d99  _Z14ST7735_OutUDecj              
00016e1d  _Z17ST7735_DrawStringttPcs       
00016ea1  _Z14LaunchPad_Initv              
00016f1d  _ZN8SlidePot4InitEv              
00016f99  __TI_closefile                   
00017015  __TI_decompress_lzss             
00017091  _Z8I2C_Initv                     
00017109  _Z14checkCollisionPK8sprite_tS1_ 
0001717d  _Z8LED_Initv                     
000171f1  _Z16ST7735_DrawPixelsst          
00017261  HOSTlseek                        
000172cd  HOSTrename                       
00017339  getdevice                        
00017409  HOSTopen                         
00017469  _Z9I2C_Recv1a                    
000174c9  _Z8IMU_Inita                     
00017525  HOSTread                         
0001757d  HOSTwrite                        
000175d5  _Z10TExaS_InitP10ADC12_RegsjPFhvE
00017685  __aeabi_idiv                     
00017685  __aeabi_idivmod                  
000176db  _nop                             
000176dd  _Z11fillmessagej                 
00017731  __TI_auto_init_nobinit           
00017785  __TI_doflush                     
000177d9  close                            
00017829  SysTick_Handler                  
00017875  _Z13sprite_updateP8sprite_tii    
000178c1  _Z14SysTick_IntArmjj             
0001790d  _Z9SampleIMUv                    
00017959  HOSTclose                        
000179a1  HOSTunlink                       
000179e9  _Z14SPI_OutCommandc              
00017a31  _ZN8SlidePot2InEv                
00017a79  TIMG7_IRQHandler                 
00017ab9  _Z9SPI_Resetv                    
00017af9  __aeabi_uidiv                    
00017af9  __aeabi_uidivmod                 
00017b79  _Z9DAC5_Initv                    
00017bb5  __aeabi_i2f                      
00017bb5  __floatsisf                      
00017bf1  __muldsi3                        
00017c2d  _Z11SPI_OutDatac                 
00017c65  _Z15ActivatePortA_Bv             
00017c9d  __aeabi_f2iz                     
00017c9d  __fixsfsi                        
00017cd5  _Z12UART_OutUDecj                
00017d0b  _Z12ST7735_writeiPKcj            
00017d41  _Z14Clock_Delay1msj              
00017d75  _Z16ST7735_SetCursorjj           
00017da9  __TI_cleanup                     
00017ddd  __TI_readmsg                     
00017e11  __TI_writemsg                    
00017e3d  C$$IO$$                          
00017e45  exit                             
00017e79  finddevice                       
00017ead  freopen                          
00017f11  fopen                            
00017f41  _Z12UART_OutCharc                
00017f6d  _Z17ST7735_FillScreent           
00017f99  unlink                           
00017fc5  _Z11Switch_Initv                 
00017fed  _Z9ADC_StartP10ADC12_Regs        
0001803d  write                            
00018065  _c_int00_noargs                  
0001808d  _Z12UART_OutSDeci                
000180b3  _Z14UART_OutStringPc             
000180d9  _Z16ST7735_OutStringPc           
000180ff  _Z9create_opP8sprite_t           
00018125  _Z10Motor_Initv                  
00018149  _Z11sprite_drawPK8sprite_t       
0001816d  _ZN8SlidePotC1Ejj                
0001816d  _ZN8SlidePotC2Ejj                
00018191  _Z10Sound_Initv                  
000181f1  ADC0_IRQHandler                  
000181f1  ADC1_IRQHandler                  
000181f1  AES_IRQHandler                   
000181f1  CANFD0_IRQHandler                
000181f1  DAC0_IRQHandler                  
000181f1  DMA_IRQHandler                   
000181f1  Default_Handler                  
000181f1  GROUP0_IRQHandler                
000181f1  GROUP1_IRQHandler                
000181f1  I2C0_IRQHandler                  
000181f1  I2C1_IRQHandler                  
000181f1  NMI_Handler                      
000181f1  PendSV_Handler                   
000181f1  RTC_IRQHandler                   
000181f1  SPI0_IRQHandler                  
000181f1  SPI1_IRQHandler                  
000181f1  SVC_Handler                      
000181f1  TIMA0_IRQHandler                 
000181f1  TIMA1_IRQHandler                 
000181f1  TIMG0_IRQHandler                 
000181f1  TIMG6_IRQHandler                 
000181f1  TIMG8_IRQHandler                 
000181f1  UART0_IRQHandler                 
000181f1  UART1_IRQHandler                 
000181f1  UART2_IRQHandler                 
000181f1  UART3_IRQHandler                 
0001820d  HardFault_Handler                
00018229  _Z8DAC5_Outj                     
00018245  _Z9Switch_Inv                    
00018295  _Z13move_opponentP8sprite_t      
000182c5  _Z11ST7735_openPKcji             
000182db  _Z11ST7735_readiPcj              
000182f1  __TI_zero_init_nomemset          
00018309  _Z19ST7735_SetTextColort         
0001831d  _Z6LED_Onj                       
00018331  _Z7LED_Offj                      
00018359  TI_memcpy_small                  
0001836b  __TI_decompress_none             
0001837d  _Z11Clock_Delayj                 
0001838d  _Z28TExaS_LaunchPadLogicPB27PB26v
000183eb  _Z12ST7735_lseekili              
000183f9  _ZN8sprite_tC2Ev                 
00018423  TI_memset_small                  
00018431  _Z10Clock_Freqv                  
0001843d  _Z13ST7735_renamePKcS0_          
00018449  _Z8Motor_Onv                     
00018455  _Z8ResetIMUv                     
00018461  _Z9Motor_Offv                    
0001846d  __aeabi_memclr                   
0001846d  __aeabi_memclr4                  
0001846d  __aeabi_memclr8                  
00018479  malloc                           
00018485  _Z12ST7735_closei                
0001848f  _Z13ST7735_unlinkPKc             
00018499  _Z8PLL_Initv                     
000184a5  __aeabi_memcpy                   
000184a5  __aeabi_memcpy4                  
000184a5  __aeabi_memcpy8                  
000184ad  remove                           
000184b5  Reset_Handler                    
000184b8  C$$EXIT                          
000184b9  abort                            
00018554  __TI_Handler_Table_Base          
00018560  __TI_Handler_Table_Limit         
00018568  __TI_CINIT_Base                  
00018578  __TI_CINIT_Limit                 
00018578  __TI_CINIT_Warm                  
20200000  __start___llvm_prf_bits          
20200000  __start___llvm_prf_cnts          
20200000  __stop___llvm_prf_bits           
20200000  __stop___llvm_prf_cnts           
20200000  _ftable                          
202000f0  _device                          
20200168  _stream                          
202001b8  bolt                             
202001d8  othercar1                        
202001f8  othercar2                        
20200218  usercar                          
20200238  Phrases                          
20200250  Sensor                           
20200264  __TI_cleanup_ptr                 
20200268  __TI_dtors_ptr                   
2020026c  BusFreq                          
20200270  M                                
20200274  StX                              
20200278  StY                              
20200288  __TI_ft_end                      
2020028c  _lock                            
20200290  _unlock                          
20200294  computed_angle                   
20200298  currentAngle                     
2020029c  dt                               
202002a0  scorecounter                     
202002a4  StTextColor                      
202002aa  angular_velocity                 
202002ad  hasPowerup                       
202002ae  lives                            
202002af  powerup_counter                  
202002b1  powerup_used                     
202002b8  _sys_memory                      
202004b8  _CIOBUF_                         
202004b8  __CIOBUF_                        
202005d8  __TI_tmpnams                     
20200678  Message                          
20200684  parmbuf                          
2020068c  I2C_error                        
20200690  Messageindex                     
20200694  TExaSLogic                       
20200698  TExaSadc                         
202006a0  k1                               
202006a4  k2                               
202006a8  now                              
20207e00  __stack                          
20208000  __STACK_END                      
ffffffff  __TI_pprof_out_hndl              
ffffffff  __TI_prof_data_size              
ffffffff  __TI_prof_data_start             
ffffffff  __binit__                        
ffffffff  binit                            
UNDEFED   __mpu_init                       
UNDEFED   _system_post_cinit               

[244 symbols]
