******************************************************************************
            TI ARM Clang Linker PC v4.0.1                      
******************************************************************************
>> Linked Wed Feb 12 11:02:49 2025

OUTPUT FILE NAME:   <ECE319K_Lab2H.out>
ENTRY POINT SYMBOL: "_c_int00_noargs"  address: 000014a5


MEMORY CONFIGURATION

         name            origin    length      used     unused   attr    fill
----------------------  --------  ---------  --------  --------  ----  --------
  FLASH                 00000000   00020000  00001a90  0001e570  R  X
  SRAM                  20200000   00008000  000005e1  00007a1f  RW X
  BCR_CONFIG            41c00000   00000080  00000000  00000080  R   
  BSL_CONFIG            41c00100   00000080  00000000  00000080  R   


SEGMENT ALLOCATION MAP

run origin  load origin   length   init length attrs members
----------  ----------- ---------- ----------- ----- -------
00000000    00000000    00001a90   00001a90    r-x
  00000000    00000000    000000c0   000000c0    r-- .intvecs
  000000c0    000000c0    00001530   00001530    r-x .text
  000015f0    000015f0    00000470   00000470    r-- .rodata
  00001a60    00001a60    00000030   00000030    r-- .cinit
20200000    20200000    000003e4   00000000    rw-
  20200000    20200000    00000200   00000000    rw- .sysmem
  20200200    20200200    000001cd   00000000    rw- .bss
  202003d0    202003d0    00000014   00000000    rw- .data
20207e00    20207e00    00000200   00000000    rw-
  20207e00    20207e00    00000200   00000000    rw- .stack


SECTION ALLOCATION MAP

 output                                  attributes/
section   page    origin      length       input sections
--------  ----  ----------  ----------   ----------------
.intvecs   0    00000000    000000c0     
                  00000000    000000c0     startup_mspm0g3507_ticlang.o (.intvecs)

.text      0    000000c0    00001530     
                  000000c0    0000032c     ECE319K_Lab2H.o (.text)
                  000003ec    000002fc     ECE319K_Lab2Hmain.o (.text.TIMG0_IRQHandler)
                  000006e8    000001b4     Clock.o (.text.Clock_Init80MHz)
                  0000089c    00000158     ECE319K_Lab2Hmain.o (.text.Lab2Grader)
                  000009f4    00000134     ECE319K_Lab2Hmain.o (.text.ADC_Init)
                  00000b28    000000f4     Dump.o (.text.Debug_Period)
                  00000c1c    000000e8     UARTbusywait.o (.text.UART_Init)
                  00000d04    000000e4     ECE319K_Lab2Hmain.o (.text.main)
                  00000de8    000000a8     Timer.o (.text.TimerG7_IntArm)
                  00000e90    000000a4     ECE319K_Lab2Hmain.o (.text.CheckInit)
                  00000f34    000000a4     Timer.o (.text.TimerG0_IntArm)
                  00000fd8    00000008     libclang_rt.builtins.a : aeabi_memcpy.S.obj (.text.__aeabi_memcpy)
                  00000fe0    00000088     libc.a : strcmp-armv6m.S.obj (.text:strcmp)
                  00001068    0000007c     LaunchPad.o (.text.LaunchPad_Init)
                  000010e4    0000007c     libc.a : copy_decompress_lzss.c.obj (.text:decompress:lzss)
                  00001160    00000060     Timer.o (.text.TimerG12_Init)
                  000011c0    0000005c     ECE319K_Lab2Hmain.o (.text.TIMG7_IRQHandler)
                  0000121c    00000054     Dump.o (.text.Dump)
                  00001270    00000050     Dump.o (.text.Debug_Dump)
                  000012c0    00000040     libclang_rt.builtins.a : aeabi_uidivmod.S.obj (.text.__aeabi_uidivmod)
                  00001300    0000003c     ECE319K_Lab2Hmain.o (.text.ShowProblem)
                  0000133c    0000003c     libc.a : autoinit.c.obj (.text:__TI_auto_init_nobinit_nopinit)
                  00001378    00000038     LaunchPad.o (.text.ActivatePortA_B)
                  000013b0    00000036     UART.o (.text.UART_OutUDec)
                  000013e6    00000002     libclang_rt.builtins.a : aeabi_div0.c.obj (.text.__aeabi_idiv0)
                  000013e8    00000034     ECE319K_Lab2Hmain.o (.text.EndLab2)
                  0000141c    00000034     ECE319K_Lab2Hmain.o (.text.setUpper)
                  00001450    0000002c     UARTbusywait.o (.text.UART_OutChar)
                  0000147c    00000028     ECE319K_Lab2Hmain.o (.text.ADC_Start)
                  000014a4    00000028     libc.a : boot_cortex_m.c.obj (.text:_c_int00_noargs)
                  000014cc    00000026     UART.o (.text.UART_OutString)
                  000014f2    00000002     --HOLE-- [fill = 0]
                  000014f4    00000020     ECE319K_Lab2Hmain.o (.text.Random32)
                  00001514    0000001c     startup_mspm0g3507_ticlang.o (.text.Default_Handler)
                  00001530    0000001c     startup_mspm0g3507_ticlang.o (.text.HardFault_Handler)
                  0000154c    00000018     ECE319K_Lab2Hmain.o (.text.Random)
                  00001564    00000016     libc.a : copy_zero_init.c.obj (.text:decompress:ZI:__TI_zero_init_nomemset)
                  0000157a    00000002     --HOLE-- [fill = 0]
                  0000157c    00000014     Dump.o (.text.Debug_Init)
                  00001590    00000012     libc.a : memcpy16.S.obj (.text:TI_memcpy_small)
                  000015a2    00000012            : copy_decompress_none.c.obj (.text:decompress:none)
                  000015b4    00000010     Clock.o (.text.Clock_Delay)
                  000015c4    00000010     LaunchPad.o (.text.Delay)
                  000015d4    0000000c     Clock.o (.text.Clock_Freq)
                  000015e0    00000004     startup_mspm0g3507_ticlang.o (.text.Reset_Handler)
                  000015e4    00000004     libc.a : pre_init.c.obj (.text._system_pre_init)
                  000015e8    00000004            : exit.c.obj (.text:abort)
                  000015ec    00000004     --HOLE-- [fill = 0]

.cinit     0    00001a60    00000030     
                  00001a60    0000000c     (__TI_handler_table)
                  00001a6c    0000000b     (.cinit..data.load) [load image, compression = lzss]
                  00001a77    00000001     --HOLE-- [fill = 0]
                  00001a78    00000008     (.cinit..bss.load) [load image, compression = zero_init]
                  00001a80    00000010     (__TI_cinit_table)

.rodata    0    000015f0    00000470     
                  000015f0    00000140     ECE319K_Lab2Hmain.o (.rodata.StartProblem)
                  00001730    000000f0     ECE319K_Lab2Hmain.o (.rodata.LEDProblem)
                  00001820    000000d0     ECE319K_Lab2Hmain.o (.rodata.Table)
                  000018f0    0000002d     ECE319K_Lab2Hmain.o (.rodata.str1.169577066232579836251)
                  0000191d    00000024     ECE319K_Lab2Hmain.o (.rodata.str1.155703307697723648131)
                  00001941    00000023     ECE319K_Lab2Hmain.o (.rodata.str1.162515654573159224661)
                  00001964    00000022     ECE319K_Lab2Hmain.o (.rodata.str1.165502521614982684671)
                  00001986    0000001f     ECE319K_Lab2Hmain.o (.rodata.str1.174930766036349337161)
                  000019a5    0000001c     ECE319K_Lab2Hmain.o (.rodata.str1.171016965458660467751)
                  000019c1    00000014     ECE319K_Lab2Hmain.o (.rodata.str1.163032562351843159361)
                  000019d5    00000003     --HOLE-- [fill = 0]
                  000019d8    00000010     ECE319K_Lab2Hmain.o (.rodata.InMux)
                  000019e8    00000010     ECE319K_Lab2Hmain.o (.rodata.StartMask)
                  000019f8    0000000e     ECE319K_Lab2Hmain.o (.rodata.str1.79262121804255714941)
                  00001a06    0000000d     ECE319K_Lab2Hmain.o (.rodata.str1.108713378209419762111)
                  00001a13    00000001     --HOLE-- [fill = 0]
                  00001a14    0000000c     ECE319K_Lab2Hmain.o (.rodata.LEDMask)
                  00001a20    0000000c     ECE319K_Lab2Hmain.o (.rodata.OutMux)
                  00001a2c    0000000b     ECE319K_Lab2Hmain.o (.rodata.str1.166008713790688936721)
                  00001a37    0000000b     ECE319K_Lab2Hmain.o (.rodata.str1.3800786842121539981)
                  00001a42    00000009     ECE319K_Lab2Hmain.o (.rodata.str1.150866421526066405821)
                  00001a4b    00000008     ECE319K_Lab2Hmain.o (.rodata.str1.116571622258967589991)
                  00001a53    00000007     ECE319K_Lab2Hmain.o (.rodata.str1.91545133318217054921)
                  00001a5a    00000004     ECE319K_Lab2Hmain.o (.rodata.str1.84480763434980169371)
                  00001a5e    00000002     --HOLE-- [fill = 0]

.init_array 
*          0    00000000    00000000     UNINITIALIZED

.binit     0    00000000    00000000     

.sysmem    0    20200000    00000200     UNINITIALIZED
                  20200000    00000010     libc.a : memory.c.obj (.sysmem)
                  20200010    000001f0     --HOLE--

.bss       0    20200200    000001cd     UNINITIALIZED
                  20200200    000000c8     (.common:DataBuffer)
                  202002c8    000000c8     (.common:TimeBuffer)
                  20200390    00000010     (.common:Wave)
                  202003a0    00000004     (.common:DebugCnt)
                  202003a4    00000004     (.common:FirstCount)
                  202003a8    00000004     (.common:M)
                  202003ac    00000004     (.common:Period)
                  202003b0    00000004     (.common:Phase)
                  202003b4    00000004     (.common:SizeofEID)
                  202003b8    00000004     (.common:StartCount)
                  202003bc    00000004     (.common:TExaSadc)
                  202003c0    00000004     (.common:Theperiod)
                  202003c4    00000004     (.common:WaveIndex)
                  202003c8    00000004     (.common:mode)
                  202003cc    00000001     (.common:Letter)

.data      0    202003d0    00000014     UNINITIALIZED
                  202003d0    00000004     Clock.o (.data.BusFreq)
                  202003d4    00000004     ECE319K_Lab2Hmain.o (.data.Mode0)
                  202003d8    00000004     ECE319K_Lab2Hmain.o (.data.Mode1)
                  202003dc    00000004     ECE319K_Lab2Hmain.o (.data.Score)
                  202003e0    00000004     ECE319K_Lab2Hmain.o (.data.Time)

.stack     0    20207e00    00000200     UNINITIALIZED
                  20207e00    00000004     libc.a : boot_cortex_m.c.obj (.stack)
                  20207e04    000001fc     --HOLE--

__llvm_prf_cnts 
*          0    20200000    00000000     UNINITIALIZED

__llvm_prf_bits 
*          0    20200000    00000000     UNINITIALIZED

MODULE SUMMARY

       Module                         code   ro data   rw data
       ------                         ----   -------   -------
    .\
       ECE319K_Lab2Hmain.o            2160   1130      69     
       Dump.o                         428    0         408    
       ECE319K_Lab2H.o                812    0         0      
       Clock.o                        464    0         4      
       Timer.o                        428    0         0      
       UARTbusywait.o                 276    0         0      
       LaunchPad.o                    196    0         0      
       UART.o                         92     0         0      
    +--+------------------------------+------+---------+---------+
       Total:                         4856   1130      481    
                                                              
    .\ticlang\
       startup_mspm0g3507_ticlang.o   60     192       0      
    +--+------------------------------+------+---------+---------+
       Total:                         60     192       0      
                                                              
    C:\ti\ccs2000\ccs\tools\compiler\ti-cgt-armllvm_4.0.1.LTS\lib\armv6m-ti-none-eabi/c/libc.a
       strcmp-armv6m.S.obj            136    0         0      
       copy_decompress_lzss.c.obj     124    0         0      
       autoinit.c.obj                 60     0         0      
       boot_cortex_m.c.obj            40     0         0      
       copy_zero_init.c.obj           22     0         0      
       copy_decompress_none.c.obj     18     0         0      
       memcpy16.S.obj                 18     0         0      
       exit.c.obj                     4      0         0      
       pre_init.c.obj                 4      0         0      
    +--+------------------------------+------+---------+---------+
       Total:                         426    0         0      
                                                              
    C:\ti\ccs2000\ccs\tools\compiler\ti-cgt-armllvm_4.0.1.LTS\lib\armv6m-ti-none-eabi/libclang_rt.builtins.a
       aeabi_uidivmod.S.obj           64     0         0      
       aeabi_memcpy.S.obj             8      0         0      
       aeabi_div0.c.obj               2      0         0      
    +--+------------------------------+------+---------+---------+
       Total:                         74     0         0      
                                                              
       Heap:                          0      0         512    
       Stack:                         0      0         512    
       Linker Generated:              0      47        0      
    +--+------------------------------+------+---------+---------+
       Grand Total:                   5416   1369      1505   


LINKER GENERATED COPY TABLES

__TI_cinit_table @ 00001a80 records: 2, size/record: 8, table size: 16
	.data: load addr=00001a6c, load size=0000000b bytes, run addr=202003d0, run size=00000014 bytes, compression=lzss
	.bss: load addr=00001a78, load size=00000008 bytes, run addr=20200200, run size=000001cd bytes, compression=zero_init


LINKER GENERATED HANDLER TABLE

__TI_handler_table @ 00001a60 records: 3, size/record: 4, table size: 12
	index: 0, handler: __TI_decompress_lzss
	index: 1, handler: __TI_decompress_none
	index: 2, handler: __TI_zero_init


GLOBAL SYMBOLS: SORTED ALPHABETICALLY BY Name 

address   name                          
-------   ----                          
00001515  ADC0_IRQHandler               
00001515  ADC1_IRQHandler               
000009f5  ADC_Init                      
0000147d  ADC_Start                     
00001515  AES_IRQHandler                
00001379  ActivatePortA_B               
202003d0  BusFreq                       
000015e8  C$$EXIT                       
00001515  CANFD0_IRQHandler             
00000e91  CheckInit                     
000015b5  Clock_Delay                   
000015d5  Clock_Freq                    
000006e9  Clock_Init80MHz               
00001515  DAC0_IRQHandler               
00001515  DMA_IRQHandler                
20200200  DataBuffer                    
202003a0  DebugCnt                      
00001271  Debug_Dump                    
0000157d  Debug_Init                    
00000b29  Debug_Period                  
00001515  Default_Handler               
000015c5  Delay                         
0000121d  Dump                          
000000c0  EID                           
000013e9  EndLab2                       
202003a4  FirstCount                    
00001515  GROUP0_IRQHandler             
00001515  GROUP1_IRQHandler             
00001531  HardFault_Handler             
00001515  I2C0_IRQHandler               
00001515  I2C1_IRQHandler               
000019d8  InMux                         
00001a14  LEDMask                       
00001730  LEDProblem                    
000002d0  Lab2                          
0000089d  Lab2Grader                    
00001069  LaunchPad_Init                
202003cc  Letter                        
202003a8  M                             
202003d4  Mode0                         
202003d8  Mode1                         
00001515  NMI_Handler                   
00001a20  OutMux                        
00001515  PendSV_Handler                
202003ac  Period                        
202003b0  Phase                         
00001515  RTC_IRQHandler                
0000154d  Random                        
000014f5  Random32                      
000015e1  Reset_Handler                 
00001515  SPI0_IRQHandler               
00001515  SPI1_IRQHandler               
00001515  SVC_Handler                   
202003dc  Score                         
00001301  ShowProblem                   
202003b4  SizeofEID                     
202003b8  StartCount                    
000019e8  StartMask                     
000015f0  StartProblem                  
00001515  SysTick_Handler               
202003bc  TExaSadc                      
00001515  TIMA0_IRQHandler              
00001515  TIMA1_IRQHandler              
000003ed  TIMG0_IRQHandler              
00001515  TIMG12_IRQHandler             
00001515  TIMG6_IRQHandler              
000011c1  TIMG7_IRQHandler              
00001515  TIMG8_IRQHandler              
00001591  TI_memcpy_small               
00001820  Table                         
202003c0  Theperiod                     
202003e0  Time                          
202002c8  TimeBuffer                    
00000f35  TimerG0_IntArm                
00001161  TimerG12_Init                 
00000de9  TimerG7_IntArm                
00001515  UART0_IRQHandler              
00001515  UART1_IRQHandler              
00001515  UART2_IRQHandler              
00001515  UART3_IRQHandler              
00000c1d  UART_Init                     
00001451  UART_OutChar                  
000014cd  UART_OutString                
000013b1  UART_OutUDec                  
20200390  Wave                          
202003c4  WaveIndex                     
20208000  __STACK_END                   
00000200  __STACK_SIZE                  
00000200  __SYSMEM_SIZE                 
00000000  __TI_ATRegion0_region_sz      
00000000  __TI_ATRegion0_src_addr       
00000000  __TI_ATRegion0_trg_addr       
00000000  __TI_ATRegion1_region_sz      
00000000  __TI_ATRegion1_src_addr       
00000000  __TI_ATRegion1_trg_addr       
00000000  __TI_ATRegion2_region_sz      
00000000  __TI_ATRegion2_src_addr       
00000000  __TI_ATRegion2_trg_addr       
00001a80  __TI_CINIT_Base               
00001a90  __TI_CINIT_Limit              
00001a90  __TI_CINIT_Warm               
00001a60  __TI_Handler_Table_Base       
00001a6c  __TI_Handler_Table_Limit      
0000133d  __TI_auto_init_nobinit_nopinit
000010e5  __TI_decompress_lzss          
000015a3  __TI_decompress_none          
ffffffff  __TI_pprof_out_hndl           
ffffffff  __TI_prof_data_size           
ffffffff  __TI_prof_data_start          
00000000  __TI_static_base__            
00001565  __TI_zero_init_nomemset       
000013e7  __aeabi_idiv0                 
00000fd9  __aeabi_memcpy                
00000fd9  __aeabi_memcpy4               
00000fd9  __aeabi_memcpy8               
000012c1  __aeabi_uidiv                 
000012c1  __aeabi_uidivmod              
ffffffff  __binit__                     
UNDEFED   __mpu_init                    
20207e00  __stack                       
20200000  __start___llvm_prf_bits       
20200000  __start___llvm_prf_cnts       
20200000  __stop___llvm_prf_bits        
20200000  __stop___llvm_prf_cnts        
000014a5  _c_int00_noargs               
20200000  _sys_memory                   
UNDEFED   _system_post_cinit            
000015e5  _system_pre_init              
000015e9  abort                         
ffffffff  binit                         
00000000  interruptVectors              
00000d05  main                          
202003c8  mode                          
0000141d  setUpper                      
00000fe1  strcmp                        


GLOBAL SYMBOLS: SORTED BY Symbol Address 

address   name                          
-------   ----                          
00000000  __TI_ATRegion0_region_sz      
00000000  __TI_ATRegion0_src_addr       
00000000  __TI_ATRegion0_trg_addr       
00000000  __TI_ATRegion1_region_sz      
00000000  __TI_ATRegion1_src_addr       
00000000  __TI_ATRegion1_trg_addr       
00000000  __TI_ATRegion2_region_sz      
00000000  __TI_ATRegion2_src_addr       
00000000  __TI_ATRegion2_trg_addr       
00000000  __TI_static_base__            
00000000  interruptVectors              
000000c0  EID                           
00000200  __STACK_SIZE                  
00000200  __SYSMEM_SIZE                 
000002d0  Lab2                          
000003ed  TIMG0_IRQHandler              
000006e9  Clock_Init80MHz               
0000089d  Lab2Grader                    
000009f5  ADC_Init                      
00000b29  Debug_Period                  
00000c1d  UART_Init                     
00000d05  main                          
00000de9  TimerG7_IntArm                
00000e91  CheckInit                     
00000f35  TimerG0_IntArm                
00000fd9  __aeabi_memcpy                
00000fd9  __aeabi_memcpy4               
00000fd9  __aeabi_memcpy8               
00000fe1  strcmp                        
00001069  LaunchPad_Init                
000010e5  __TI_decompress_lzss          
00001161  TimerG12_Init                 
000011c1  TIMG7_IRQHandler              
0000121d  Dump                          
00001271  Debug_Dump                    
000012c1  __aeabi_uidiv                 
000012c1  __aeabi_uidivmod              
00001301  ShowProblem                   
0000133d  __TI_auto_init_nobinit_nopinit
00001379  ActivatePortA_B               
000013b1  UART_OutUDec                  
000013e7  __aeabi_idiv0                 
000013e9  EndLab2                       
0000141d  setUpper                      
00001451  UART_OutChar                  
0000147d  ADC_Start                     
000014a5  _c_int00_noargs               
000014cd  UART_OutString                
000014f5  Random32                      
00001515  ADC0_IRQHandler               
00001515  ADC1_IRQHandler               
00001515  AES_IRQHandler                
00001515  CANFD0_IRQHandler             
00001515  DAC0_IRQHandler               
00001515  DMA_IRQHandler                
00001515  Default_Handler               
00001515  GROUP0_IRQHandler             
00001515  GROUP1_IRQHandler             
00001515  I2C0_IRQHandler               
00001515  I2C1_IRQHandler               
00001515  NMI_Handler                   
00001515  PendSV_Handler                
00001515  RTC_IRQHandler                
00001515  SPI0_IRQHandler               
00001515  SPI1_IRQHandler               
00001515  SVC_Handler                   
00001515  SysTick_Handler               
00001515  TIMA0_IRQHandler              
00001515  TIMA1_IRQHandler              
00001515  TIMG12_IRQHandler             
00001515  TIMG6_IRQHandler              
00001515  TIMG8_IRQHandler              
00001515  UART0_IRQHandler              
00001515  UART1_IRQHandler              
00001515  UART2_IRQHandler              
00001515  UART3_IRQHandler              
00001531  HardFault_Handler             
0000154d  Random                        
00001565  __TI_zero_init_nomemset       
0000157d  Debug_Init                    
00001591  TI_memcpy_small               
000015a3  __TI_decompress_none          
000015b5  Clock_Delay                   
000015c5  Delay                         
000015d5  Clock_Freq                    
000015e1  Reset_Handler                 
000015e5  _system_pre_init              
000015e8  C$$EXIT                       
000015e9  abort                         
000015f0  StartProblem                  
00001730  LEDProblem                    
00001820  Table                         
000019d8  InMux                         
000019e8  StartMask                     
00001a14  LEDMask                       
00001a20  OutMux                        
00001a60  __TI_Handler_Table_Base       
00001a6c  __TI_Handler_Table_Limit      
00001a80  __TI_CINIT_Base               
00001a90  __TI_CINIT_Limit              
00001a90  __TI_CINIT_Warm               
20200000  __start___llvm_prf_bits       
20200000  __start___llvm_prf_cnts       
20200000  __stop___llvm_prf_bits        
20200000  __stop___llvm_prf_cnts        
20200000  _sys_memory                   
20200200  DataBuffer                    
202002c8  TimeBuffer                    
20200390  Wave                          
202003a0  DebugCnt                      
202003a4  FirstCount                    
202003a8  M                             
202003ac  Period                        
202003b0  Phase                         
202003b4  SizeofEID                     
202003b8  StartCount                    
202003bc  TExaSadc                      
202003c0  Theperiod                     
202003c4  WaveIndex                     
202003c8  mode                          
202003cc  Letter                        
202003d0  BusFreq                       
202003d4  Mode0                         
202003d8  Mode1                         
202003dc  Score                         
202003e0  Time                          
20207e00  __stack                       
20208000  __STACK_END                   
ffffffff  __TI_pprof_out_hndl           
ffffffff  __TI_prof_data_size           
ffffffff  __TI_prof_data_start          
ffffffff  __binit__                     
ffffffff  binit                         
UNDEFED   __mpu_init                    
UNDEFED   _system_post_cinit            

[135 symbols]
