******************************************************************************
            TI ARM Clang Linker PC v4.0.1                      
******************************************************************************
>> Linked Tue Apr 22 17:47:30 2025

OUTPUT FILE NAME:   <ECE319K_Lab5.out>
ENTRY POINT SYMBOL: "_c_int00_noargs"  address: 000014f9


MEMORY CONFIGURATION

         name            origin    length      used     unused   attr    fill
----------------------  --------  ---------  --------  --------  ----  --------
  FLASH                 00000000   00020000  00001cf0  0001e310  R  X
  SRAM                  20200000   00008000  000004d8  00007b28  RW X
  BCR_CONFIG            41c00000   00000080  00000000  00000080  R   
  BSL_CONFIG            41c00100   00000080  00000000  00000080  R   


SEGMENT ALLOCATION MAP

run origin  load origin   length   init length attrs members
----------  ----------- ---------- ----------- ----- -------
00000000    00000000    00001cf0   00001cf0    r-x
  00000000    00000000    000000c0   000000c0    r-- .intvecs
  000000c0    000000c0    00001660   00001660    r-x .text
  00001720    00001720    000005a0   000005a0    r-- .rodata
  00001cc0    00001cc0    00000030   00000030    r-- .cinit
20200000    20200000    000002d8   00000000    rw-
  20200000    20200000    00000200   00000000    rw- .sysmem
  20200200    20200200    000000bc   00000000    rw- .bss
  202002bc    202002bc    0000001c   00000000    rw- .data
20207e00    20207e00    00000200   00000000    rw-
  20207e00    20207e00    00000200   00000000    rw- .stack


SECTION ALLOCATION MAP

 output                                  attributes/
section   page    origin      length       input sections
--------  ----  ----------  ----------   ----------------
.intvecs   0    00000000    000000c0     
                  00000000    000000c0     startup_mspm0g3507_ticlang.o (.intvecs)

.text      0    000000c0    00001660     
                  000000c0    000002c4     ECE319K_Lab5Grader.o (.text.FFT)
                  00000384    00000280     ECE319K_Lab5Grader.o (.text.Lab5Grader)
                  00000604    0000024c     ECE319K_Lab5Grader.o (.text.lab5grader)
                  00000850    000001b4     Clock.o (.text.Clock_Init80MHz)
                  00000a04    00000158     ECE319K_Lab5Grader.o (.text.CheckInitialization)
                  00000b5c    00000134     ECE319K_Lab5Grader.o (.text.ADC_Init)
                  00000c90    00000130     UARTints.o (.text.UART_Init)
                  00000dc0    000000a8     Timer.o (.text.TimerG7_IntArm)
                  00000e68    00000008     libclang_rt.builtins.a : aeabi_memcpy.S.obj (.text.__aeabi_memcpy)
                  00000e70    00000088     libc.a : strcmp-armv6m.S.obj (.text:strcmp)
                  00000ef8    0000007c     LaunchPad.o (.text.LaunchPad_Init)
                  00000f74    0000007c     libc.a : copy_decompress_lzss.c.obj (.text:decompress:lzss)
                  00000ff0    0000005c     UARTints.o (.text.UART0_IRQHandler)
                  0000104c    00000058     UARTints.o (.text.copyHardwareToSoftware)
                  000010a4    00000056     libclang_rt.builtins.a : aeabi_idivmod.S.obj (.text.__aeabi_idivmod)
                  000010fa    00000002                            : aeabi_div0.c.obj (.text.__aeabi_idiv0)
                  000010fc    00000054     ECE319K_Lab5main.o (.text.Sound_Init)
                  00001150    0000004c     FIFO.o (.text.RxFifo_Put)
                  0000119c    0000004c     FIFO.o (.text.TxFifo_Get)
                  000011e8    0000004c     FIFO.o (.text.TxFifo_Put)
                  00001234    0000004c     UARTints.o (.text.copySoftwareToHardware)
                  00001280    00000040     UARTints.o (.text.UART_OutChar)
                  000012c0    00000040     libclang_rt.builtins.a : aeabi_uidivmod.S.obj (.text.__aeabi_uidivmod)
                  00001300    0000003c     DAC5.o (.text.DAC5_Init)
                  0000133c    0000003c     libc.a : autoinit.c.obj (.text:__TI_auto_init_nobinit_nopinit)
                  00001378    00000038     LaunchPad.o (.text.ActivatePortA_B)
                  000013b0    00000038     ECE319K_Lab5main.o (.text.main)
                  000013e8    00000036     UART.o (.text.UART_OutUDec)
                  0000141e    00000034     ECE319K_Lab5Grader.o (.text.setUpper)
                  00001452    00000002     --HOLE-- [fill = 0]
                  00001454    0000002c     ECE319K_Lab5Grader.o (.text.ReadInput)
                  00001480    00000028     ECE319K_Lab5Grader.o (.text.ADC_Start)
                  000014a8    00000028     Key.o (.text.Key_Init)
                  000014d0    00000028     ECE319K_Lab5Grader.o (.text.LogicAnalyzer)
                  000014f8    00000028     libc.a : boot_cortex_m.c.obj (.text:_c_int00_noargs)
                  00001520    00000026     UART.o (.text.UART_OutString)
                  00001546    00000002     --HOLE-- [fill = 0]
                  00001548    00000024     ECE319K_Lab5main.o (.text.SysTick_Handler)
                  0000156c    00000024     ECE319K_Lab5Grader.o (.text.TIMG7_IRQHandler)
                  00001590    00000020     ECE319K_Lab5Grader.o (.text.Random32)
                  000015b0    00000020     ECE319K_Lab5main.o (.text.Sound_Start)
                  000015d0    0000001c     DAC5.o (.text.DAC5_Out)
                  000015ec    0000001c     startup_mspm0g3507_ticlang.o (.text.Default_Handler)
                  00001608    0000001c     startup_mspm0g3507_ticlang.o (.text.HardFault_Handler)
                  00001624    00000018     FIFO.o (.text.RxFifo_Size)
                  0000163c    00000018     ECE319K_Lab5Grader.o (.text.Scope)
                  00001654    00000018     FIFO.o (.text.TxFifo_Size)
                  0000166c    00000016     libc.a : copy_zero_init.c.obj (.text:decompress:ZI:__TI_zero_init_nomemset)
                  00001682    00000002     --HOLE-- [fill = 0]
                  00001684    00000014     FIFO.o (.text.RxFifo_Init)
                  00001698    00000014     FIFO.o (.text.TxFifo_Init)
                  000016ac    00000012     libc.a : memcpy16.S.obj (.text:TI_memcpy_small)
                  000016be    00000012            : copy_decompress_none.c.obj (.text:decompress:none)
                  000016d0    00000010     Clock.o (.text.Clock_Delay)
                  000016e0    00000010     LaunchPad.o (.text.Delay)
                  000016f0    00000010     ECE319K_Lab5Grader.o (.text.OutCRLF)
                  00001700    0000000c     Clock.o (.text.Clock_Freq)
                  0000170c    00000004     startup_mspm0g3507_ticlang.o (.text.Reset_Handler)
                  00001710    00000004     libc.a : pre_init.c.obj (.text._system_pre_init)
                  00001714    00000004            : exit.c.obj (.text:abort)
                  00001718    00000008     --HOLE-- [fill = 0]

.cinit     0    00001cc0    00000030     
                  00001cc0    0000000c     (.cinit..data.load) [load image, compression = lzss]
                  00001ccc    0000000c     (__TI_handler_table)
                  00001cd8    00000008     (.cinit..bss.load) [load image, compression = zero_init]
                  00001ce0    00000010     (__TI_cinit_table)

.rodata    0    00001720    000005a0     
                  00001720    00000280     ECE319K_Lab5Grader.o (.rodata.NotesProblem)
                  000019a0    00000080     ECE319K_Lab5Grader.o (.rodata.NotesPeriod)
                  00001a20    0000004b     ECE319K_Lab5Grader.o (.rodata.str1.50055286786680503271)
                  00001a6b    0000003a     ECE319K_Lab5Grader.o (.rodata.str1.145938324600070204741)
                  00001aa5    00000038     ECE319K_Lab5Grader.o (.rodata.str1.184216038014363249021)
                  00001add    00000037     ECE319K_Lab5Grader.o (.rodata.str1.77916425379104532341)
                  00001b14    0000002f     ECE319K_Lab5Grader.o (.rodata.str1.88270396947434664971)
                  00001b43    0000002e     ECE319K_Lab5Grader.o (.rodata.str1.82889096367739448671)
                  00001b71    00000003     --HOLE-- [fill = 0]
                  00001b74    00000020     ECE319K_Lab5Grader.o (.rodata.IMULTIPLIERS)
                  00001b94    00000020     ECE319K_Lab5Grader.o (.rodata.RMULTIPLIERS)
                  00001bb4    00000020     ECE319K_Lab5main.o (.rodata.SineWave)
                  00001bd4    0000001c     ECE319K_Lab5Grader.o (.rodata.str1.33577952556368563241)
                  00001bf0    00000015     ECE319K_Lab5Grader.o (.rodata.str1.89560966556991981321)
                  00001c05    00000014     ECE319K_Lab5Grader.o (.rodata.str1.88020494194792965821)
                  00001c19    00000014     ECE319K_Lab5Grader.o (.rodata.str1.93559642825387313591)
                  00001c2d    00000013     ECE319K_Lab5Grader.o (.rodata.str1.71487878760028771091)
                  00001c40    00000011     ECE319K_Lab5Grader.o (.rodata.str1.137129017328727778561)
                  00001c51    00000010     ECE319K_Lab5Grader.o (.rodata.str1.148502664100618170541)
                  00001c61    00000010     ECE319K_Lab5Grader.o (.rodata.str1.49863426935575252381)
                  00001c71    0000000f     ECE319K_Lab5Grader.o (.rodata.str1.53906281691987897811)
                  00001c80    0000000e     ECE319K_Lab5Grader.o (.rodata.str1.70472600287729786481)
                  00001c8e    0000000d     ECE319K_Lab5Grader.o (.rodata.str1.140600510716839632671)
                  00001c9b    00000008     ECE319K_Lab5main.o (.rodata.EID1)
                  00001ca3    00000008     ECE319K_Lab5main.o (.rodata.EID2)
                  00001cab    00000008     ECE319K_Lab5Grader.o (.rodata.str1.69147075008774735551)
                  00001cb3    00000007     ECE319K_Lab5Grader.o (.rodata.str1.19144040753989699301)
                  00001cba    00000006     --HOLE-- [fill = 0]

.init_array 
*          0    00000000    00000000     UNINITIALIZED

.binit     0    00000000    00000000     

.sysmem    0    20200000    00000200     UNINITIALIZED
                  20200000    00000010     libc.a : memory.c.obj (.sysmem)
                  20200010    000001f0     --HOLE--

.bss       0    20200200    000000bc     UNINITIALIZED
                  20200200    00000040     FIFO.o (.bss.TxFifo)
                  20200240    00000040     (.common:Last16ADCresults)
                  20200280    00000010     FIFO.o (.bss.RxFifo)
                  20200290    00000004     (.common:LastIn)
                  20200294    00000004     (.common:M)
                  20200298    00000004     (.common:Mask)
                  2020029c    00000004     (.common:PeriodicTask2)
                  202002a0    00000004     (.common:RxGetI)
                  202002a4    00000004     (.common:RxPutI)
                  202002a8    00000004     (.common:SampleFlag)
                  202002ac    00000004     (.common:State)
                  202002b0    00000004     (.common:TExaSadc)
                  202002b4    00000004     (.common:TxGetI)
                  202002b8    00000004     (.common:TxPutI)

.data      0    202002bc    0000001c     UNINITIALIZED
                  202002bc    00000004     Clock.o (.data.BusFreq)
                  202002c0    00000004     ECE319K_Lab5Grader.o (.data.Fail)
                  202002c4    00000004     ECE319K_Lab5main.o (.data.Index)
                  202002c8    00000004     ECE319K_Lab5Grader.o (.data.Last16ADCindex)
                  202002cc    00000004     ECE319K_Lab5Grader.o (.data.NotesMode)
                  202002d0    00000004     ECE319K_Lab5Grader.o (.data.Score)
                  202002d4    00000004     ECE319K_Lab5Grader.o (.data.Time)

.stack     0    20207e00    00000200     UNINITIALIZED
                  20207e00    00000004     libc.a : boot_cortex_m.c.obj (.stack)
                  20207e04    000001fc     --HOLE--

__llvm_prf_cnts 
*          0    20200000    00000000     UNINITIALIZED

__llvm_prf_bits 
*          0    20200000    00000000     UNINITIALIZED

MODULE SUMMARY

       Module                         code   ro data   rw data
       ------                         ----   -------   -------
    .\
       ECE319K_Lab5Grader.o           2872   1383      112    
       UARTints.o                     624    0         0      
       Clock.o                        464    0         4      
       FIFO.o                         316    0         96     
       ECE319K_Lab5main.o             208    48        4      
       LaunchPad.o                    196    0         0      
       Timer.o                        168    0         0      
       UART.o                         92     0         0      
       DAC5.o                         88     0         0      
       Key.o                          40     0         0      
    +--+------------------------------+------+---------+---------+
       Total:                         5068   1431      216    
                                                              
    .\ticlang\
       startup_mspm0g3507_ticlang.o   60     192       0      
    +--+------------------------------+------+---------+---------+
       Total:                         60     192       0      
                                                              
    C:\ti\ccs2000\ccs\tools\compiler\ti-cgt-armllvm_4.0.1.LTS\lib\armv6m-ti-none-eabi/c/libc.a
       strcmp-armv6m.S.obj            136    0         0      
       copy_decompress_lzss.c.obj     124    0         0      
       autoinit.c.obj                 60     0         0      
       boot_cortex_m.c.obj            40     0         0      
       copy_zero_init.c.obj           22     0         0      
       copy_decompress_none.c.obj     18     0         0      
       memcpy16.S.obj                 18     0         0      
       exit.c.obj                     4      0         0      
       pre_init.c.obj                 4      0         0      
    +--+------------------------------+------+---------+---------+
       Total:                         426    0         0      
                                                              
    C:\ti\ccs2000\ccs\tools\compiler\ti-cgt-armllvm_4.0.1.LTS\lib\armv6m-ti-none-eabi/libclang_rt.builtins.a
       aeabi_idivmod.S.obj            86     0         0      
       aeabi_uidivmod.S.obj           64     0         0      
       aeabi_memcpy.S.obj             8      0         0      
       aeabi_div0.c.obj               2      0         0      
    +--+------------------------------+------+---------+---------+
       Total:                         160    0         0      
                                                              
       Heap:                          0      0         512    
       Stack:                         0      0         512    
       Linker Generated:              0      48        0      
    +--+------------------------------+------+---------+---------+
       Grand Total:                   5714   1671      1240   


LINKER GENERATED COPY TABLES

__TI_cinit_table @ 00001ce0 records: 2, size/record: 8, table size: 16
	.data: load addr=00001cc0, load size=0000000c bytes, run addr=202002bc, run size=0000001c bytes, compression=lzss
	.bss: load addr=00001cd8, load size=00000008 bytes, run addr=20200200, run size=000000bc bytes, compression=zero_init


LINKER GENERATED HANDLER TABLE

__TI_handler_table @ 00001ccc records: 3, size/record: 4, table size: 12
	index: 0, handler: __TI_decompress_lzss
	index: 1, handler: __TI_decompress_none
	index: 2, handler: __TI_zero_init


GLOBAL SYMBOLS: SORTED ALPHABETICALLY BY Name 

address   name                          
-------   ----                          
000015ed  ADC0_IRQHandler               
000015ed  ADC1_IRQHandler               
00000b5d  ADC_Init                      
00001481  ADC_Start                     
000015ed  AES_IRQHandler                
00001379  ActivatePortA_B               
202002bc  BusFreq                       
00001714  C$$EXIT                       
000015ed  CANFD0_IRQHandler             
00000a05  CheckInitialization           
000016d1  Clock_Delay                   
00001701  Clock_Freq                    
00000851  Clock_Init80MHz               
000015ed  DAC0_IRQHandler               
00001301  DAC5_Init                     
000015d1  DAC5_Out                      
000015ed  DMA_IRQHandler                
000015ed  Default_Handler               
000016e1  Delay                         
00001c9b  EID1                          
00001ca3  EID2                          
000000c1  FFT                           
000015ed  GROUP0_IRQHandler             
000015ed  GROUP1_IRQHandler             
00001609  HardFault_Handler             
000015ed  I2C0_IRQHandler               
000015ed  I2C1_IRQHandler               
00001b74  IMULTIPLIERS                  
202002c4  Index                         
000014a9  Key_Init                      
00000385  Lab5Grader                    
202002c8  Last16ADCindex                
20200240  Last16ADCresults              
20200290  LastIn                        
00000ef9  LaunchPad_Init                
000014d1  LogicAnalyzer                 
20200294  M                             
20200298  Mask                          
000015ed  NMI_Handler                   
202002cc  NotesMode                     
000019a0  NotesPeriod                   
00001720  NotesProblem                  
000016f1  OutCRLF                       
000015ed  PendSV_Handler                
2020029c  PeriodicTask2                 
00001b94  RMULTIPLIERS                  
000015ed  RTC_IRQHandler                
00001591  Random32                      
00001455  ReadInput                     
0000170d  Reset_Handler                 
00001685  RxFifo_Init                   
00001151  RxFifo_Put                    
00001625  RxFifo_Size                   
202002a0  RxGetI                        
202002a4  RxPutI                        
000015ed  SPI0_IRQHandler               
000015ed  SPI1_IRQHandler               
000015ed  SVC_Handler                   
202002a8  SampleFlag                    
0000163d  Scope                         
00001bb4  SineWave                      
000010fd  Sound_Init                    
000015b1  Sound_Start                   
202002ac  State                         
00001549  SysTick_Handler               
202002b0  TExaSadc                      
000015ed  TIMA0_IRQHandler              
000015ed  TIMA1_IRQHandler              
000015ed  TIMG0_IRQHandler              
000015ed  TIMG12_IRQHandler             
000015ed  TIMG6_IRQHandler              
0000156d  TIMG7_IRQHandler              
000015ed  TIMG8_IRQHandler              
000016ad  TI_memcpy_small               
00000dc1  TimerG7_IntArm                
0000119d  TxFifo_Get                    
00001699  TxFifo_Init                   
000011e9  TxFifo_Put                    
00001655  TxFifo_Size                   
202002b4  TxGetI                        
202002b8  TxPutI                        
00000ff1  UART0_IRQHandler              
000015ed  UART1_IRQHandler              
000015ed  UART2_IRQHandler              
000015ed  UART3_IRQHandler              
00000c91  UART_Init                     
00001281  UART_OutChar                  
00001521  UART_OutString                
000013e9  UART_OutUDec                  
20208000  __STACK_END                   
00000200  __STACK_SIZE                  
00000200  __SYSMEM_SIZE                 
00000000  __TI_ATRegion0_region_sz      
00000000  __TI_ATRegion0_src_addr       
00000000  __TI_ATRegion0_trg_addr       
00000000  __TI_ATRegion1_region_sz      
00000000  __TI_ATRegion1_src_addr       
00000000  __TI_ATRegion1_trg_addr       
00000000  __TI_ATRegion2_region_sz      
00000000  __TI_ATRegion2_src_addr       
00000000  __TI_ATRegion2_trg_addr       
00001ce0  __TI_CINIT_Base               
00001cf0  __TI_CINIT_Limit              
00001cf0  __TI_CINIT_Warm               
00001ccc  __TI_Handler_Table_Base       
00001cd8  __TI_Handler_Table_Limit      
0000133d  __TI_auto_init_nobinit_nopinit
00000f75  __TI_decompress_lzss          
000016bf  __TI_decompress_none          
ffffffff  __TI_pprof_out_hndl           
ffffffff  __TI_prof_data_size           
ffffffff  __TI_prof_data_start          
00000000  __TI_static_base__            
0000166d  __TI_zero_init_nomemset       
000010a5  __aeabi_idiv                  
000010fb  __aeabi_idiv0                 
000010a5  __aeabi_idivmod               
00000e69  __aeabi_memcpy                
00000e69  __aeabi_memcpy4               
00000e69  __aeabi_memcpy8               
000012c1  __aeabi_uidiv                 
000012c1  __aeabi_uidivmod              
ffffffff  __binit__                     
UNDEFED   __mpu_init                    
20207e00  __stack                       
20200000  __start___llvm_prf_bits       
20200000  __start___llvm_prf_cnts       
20200000  __stop___llvm_prf_bits        
20200000  __stop___llvm_prf_cnts        
000014f9  _c_int00_noargs               
20200000  _sys_memory                   
UNDEFED   _system_post_cinit            
00001711  _system_pre_init              
00001715  abort                         
ffffffff  binit                         
00000000  interruptVectors              
00000605  lab5grader                    
000013b1  main                          
0000141f  setUpper                      
00000e71  strcmp                        


GLOBAL SYMBOLS: SORTED BY Symbol Address 

address   name                          
-------   ----                          
00000000  __TI_ATRegion0_region_sz      
00000000  __TI_ATRegion0_src_addr       
00000000  __TI_ATRegion0_trg_addr       
00000000  __TI_ATRegion1_region_sz      
00000000  __TI_ATRegion1_src_addr       
00000000  __TI_ATRegion1_trg_addr       
00000000  __TI_ATRegion2_region_sz      
00000000  __TI_ATRegion2_src_addr       
00000000  __TI_ATRegion2_trg_addr       
00000000  __TI_static_base__            
00000000  interruptVectors              
000000c1  FFT                           
00000200  __STACK_SIZE                  
00000200  __SYSMEM_SIZE                 
00000385  Lab5Grader                    
00000605  lab5grader                    
00000851  Clock_Init80MHz               
00000a05  CheckInitialization           
00000b5d  ADC_Init                      
00000c91  UART_Init                     
00000dc1  TimerG7_IntArm                
00000e69  __aeabi_memcpy                
00000e69  __aeabi_memcpy4               
00000e69  __aeabi_memcpy8               
00000e71  strcmp                        
00000ef9  LaunchPad_Init                
00000f75  __TI_decompress_lzss          
00000ff1  UART0_IRQHandler              
000010a5  __aeabi_idiv                  
000010a5  __aeabi_idivmod               
000010fb  __aeabi_idiv0                 
000010fd  Sound_Init                    
00001151  RxFifo_Put                    
0000119d  TxFifo_Get                    
000011e9  TxFifo_Put                    
00001281  UART_OutChar                  
000012c1  __aeabi_uidiv                 
000012c1  __aeabi_uidivmod              
00001301  DAC5_Init                     
0000133d  __TI_auto_init_nobinit_nopinit
00001379  ActivatePortA_B               
000013b1  main                          
000013e9  UART_OutUDec                  
0000141f  setUpper                      
00001455  ReadInput                     
00001481  ADC_Start                     
000014a9  Key_Init                      
000014d1  LogicAnalyzer                 
000014f9  _c_int00_noargs               
00001521  UART_OutString                
00001549  SysTick_Handler               
0000156d  TIMG7_IRQHandler              
00001591  Random32                      
000015b1  Sound_Start                   
000015d1  DAC5_Out                      
000015ed  ADC0_IRQHandler               
000015ed  ADC1_IRQHandler               
000015ed  AES_IRQHandler                
000015ed  CANFD0_IRQHandler             
000015ed  DAC0_IRQHandler               
000015ed  DMA_IRQHandler                
000015ed  Default_Handler               
000015ed  GROUP0_IRQHandler             
000015ed  GROUP1_IRQHandler             
000015ed  I2C0_IRQHandler               
000015ed  I2C1_IRQHandler               
000015ed  NMI_Handler                   
000015ed  PendSV_Handler                
000015ed  RTC_IRQHandler                
000015ed  SPI0_IRQHandler               
000015ed  SPI1_IRQHandler               
000015ed  SVC_Handler                   
000015ed  TIMA0_IRQHandler              
000015ed  TIMA1_IRQHandler              
000015ed  TIMG0_IRQHandler              
000015ed  TIMG12_IRQHandler             
000015ed  TIMG6_IRQHandler              
000015ed  TIMG8_IRQHandler              
000015ed  UART1_IRQHandler              
000015ed  UART2_IRQHandler              
000015ed  UART3_IRQHandler              
00001609  HardFault_Handler             
00001625  RxFifo_Size                   
0000163d  Scope                         
00001655  TxFifo_Size                   
0000166d  __TI_zero_init_nomemset       
00001685  RxFifo_Init                   
00001699  TxFifo_Init                   
000016ad  TI_memcpy_small               
000016bf  __TI_decompress_none          
000016d1  Clock_Delay                   
000016e1  Delay                         
000016f1  OutCRLF                       
00001701  Clock_Freq                    
0000170d  Reset_Handler                 
00001711  _system_pre_init              
00001714  C$$EXIT                       
00001715  abort                         
00001720  NotesProblem                  
000019a0  NotesPeriod                   
00001b74  IMULTIPLIERS                  
00001b94  RMULTIPLIERS                  
00001bb4  SineWave                      
00001c9b  EID1                          
00001ca3  EID2                          
00001ccc  __TI_Handler_Table_Base       
00001cd8  __TI_Handler_Table_Limit      
00001ce0  __TI_CINIT_Base               
00001cf0  __TI_CINIT_Limit              
00001cf0  __TI_CINIT_Warm               
20200000  __start___llvm_prf_bits       
20200000  __start___llvm_prf_cnts       
20200000  __stop___llvm_prf_bits        
20200000  __stop___llvm_prf_cnts        
20200000  _sys_memory                   
20200240  Last16ADCresults              
20200290  LastIn                        
20200294  M                             
20200298  Mask                          
2020029c  PeriodicTask2                 
202002a0  RxGetI                        
202002a4  RxPutI                        
202002a8  SampleFlag                    
202002ac  State                         
202002b0  TExaSadc                      
202002b4  TxGetI                        
202002b8  TxPutI                        
202002bc  BusFreq                       
202002c4  Index                         
202002c8  Last16ADCindex                
202002cc  NotesMode                     
20207e00  __stack                       
20208000  __STACK_END                   
ffffffff  __TI_pprof_out_hndl           
ffffffff  __TI_prof_data_size           
ffffffff  __TI_prof_data_start          
ffffffff  __binit__                     
ffffffff  binit                         
UNDEFED   __mpu_init                    
UNDEFED   _system_post_cinit            

[140 symbols]
