******************************************************************************
            TI ARM Clang Linker PC v4.0.1                      
******************************************************************************
>> Linked Wed Mar  5 11:08:45 2025

OUTPUT FILE NAME:   <ECE319K_Lab5.out>
ENTRY POINT SYMBOL: "_c_int00_noargs"  address: 0000cbd9


MEMORY CONFIGURATION

         name            origin    length      used     unused   attr    fill
----------------------  --------  ---------  --------  --------  ----  --------
  FLASH                 00000000   00020000  0000ce30  000131d0  R  X
  SRAM                  20200000   00008000  000004e4  00007b1c  RW X
  BCR_CONFIG            41c00000   00000080  00000000  00000080  R   
  BSL_CONFIG            41c00100   00000080  00000000  00000080  R   


SEGMENT ALLOCATION MAP

run origin  load origin   length   init length attrs members
----------  ----------- ---------- ----------- ----- -------
00000000    00000000    0000ce30   0000ce30    r-x
  00000000    00000000    000000c0   000000c0    r-- .intvecs
  000000c0    000000c0    0000b490   0000b490    r-- .rodata
  0000b550    0000b550    000018b0   000018b0    r-x .text
  0000ce00    0000ce00    00000030   00000030    r-- .cinit
20200000    20200000    000002e4   00000000    rw-
  20200000    20200000    00000200   00000000    rw- .sysmem
  20200200    20200200    000000c8   00000000    rw- .bss
  202002c8    202002c8    0000001c   00000000    rw- .data
20207e00    20207e00    00000200   00000000    rw-
  20207e00    20207e00    00000200   00000000    rw- .stack


SECTION ALLOCATION MAP

 output                                  attributes/
section   page    origin      length       input sections
--------  ----  ----------  ----------   ----------------
.intvecs   0    00000000    000000c0     
                  00000000    000000c0     startup_mspm0g3507_ticlang.o (.intvecs)

.text      0    0000b550    000018b0     
                  0000b550    000002c4     ECE319K_Lab5Grader.o (.text.FFT)
                  0000b814    00000280     ECE319K_Lab5Grader.o (.text.Lab5Grader)
                  0000ba94    0000024c     ECE319K_Lab5Grader.o (.text.lab5grader)
                  0000bce0    000001b4     Clock.o (.text.Clock_Init80MHz)
                  0000be94    00000158     ECE319K_Lab5Grader.o (.text.CheckInitialization)
                  0000bfec    00000134     ECE319K_Lab5Grader.o (.text.ADC_Init)
                  0000c120    00000130     UARTints.o (.text.UART_Init)
                  0000c250    00000128     ECE319K_Lab5main.o (.text.main)
                  0000c378    000000d4     ECE319K_Lab5main.o (.text.SysTick_Handler)
                  0000c44c    000000a8     Timer.o (.text.TimerG7_IntArm)
                  0000c4f4    0000000c     Clock.o (.text.Clock_Freq)
                  0000c500    00000088     libc.a : strcmp-armv6m.S.obj (.text:strcmp)
                  0000c588    0000007c     LaunchPad.o (.text.LaunchPad_Init)
                  0000c604    0000007c     libc.a : copy_decompress_lzss.c.obj (.text:decompress:lzss)
                  0000c680    00000060     Timer.o (.text.TimerG12_Init)
                  0000c6e0    0000005c     UARTints.o (.text.UART0_IRQHandler)
                  0000c73c    00000058     UARTints.o (.text.copyHardwareToSoftware)
                  0000c794    00000056     libclang_rt.builtins.a : aeabi_idivmod.S.obj (.text.__aeabi_idivmod)
                  0000c7ea    00000002                            : aeabi_div0.c.obj (.text.__aeabi_idiv0)
                  0000c7ec    00000054     ECE319K_Lab5main.o (.text.Sound_Init)
                  0000c840    0000004c     FIFO.o (.text.RxFifo_Put)
                  0000c88c    0000004c     FIFO.o (.text.TxFifo_Get)
                  0000c8d8    0000004c     FIFO.o (.text.TxFifo_Put)
                  0000c924    0000004c     UARTints.o (.text.copySoftwareToHardware)
                  0000c970    00000040     UARTints.o (.text.UART_OutChar)
                  0000c9b0    00000040     libclang_rt.builtins.a : aeabi_uidivmod.S.obj (.text.__aeabi_uidivmod)
                  0000c9f0    0000003c     DAC5.o (.text.DAC5_Init)
                  0000ca2c    0000003c     libc.a : autoinit.c.obj (.text:__TI_auto_init_nobinit_nopinit)
                  0000ca68    00000038     LaunchPad.o (.text.ActivatePortA_B)
                  0000caa0    00000036     UART.o (.text.UART_OutUDec)
                  0000cad6    00000034     ECE319K_Lab5Grader.o (.text.setUpper)
                  0000cb0a    00000002     --HOLE-- [fill = 0]
                  0000cb0c    0000002c     ECE319K_Lab5Grader.o (.text.ReadInput)
                  0000cb38    00000028     ECE319K_Lab5Grader.o (.text.ADC_Start)
                  0000cb60    00000028     ECE319K_Lab5Grader.o (.text.Grader_Init)
                  0000cb88    00000028     Key.o (.text.Key_Init)
                  0000cbb0    00000028     ECE319K_Lab5Grader.o (.text.LogicAnalyzer)
                  0000cbd8    00000028     libc.a : boot_cortex_m.c.obj (.text:_c_int00_noargs)
                  0000cc00    00000026     UART.o (.text.UART_OutString)
                  0000cc26    00000002     --HOLE-- [fill = 0]
                  0000cc28    00000024     ECE319K_Lab5Grader.o (.text.TIMG7_IRQHandler)
                  0000cc4c    00000020     ECE319K_Lab5Grader.o (.text.Random32)
                  0000cc6c    00000020     ECE319K_Lab5main.o (.text.Sound_Start)
                  0000cc8c    0000001c     DAC5.o (.text.DAC5_Out)
                  0000cca8    0000001c     startup_mspm0g3507_ticlang.o (.text.Default_Handler)
                  0000ccc4    0000001c     startup_mspm0g3507_ticlang.o (.text.HardFault_Handler)
                  0000cce0    00000018     FIFO.o (.text.RxFifo_Size)
                  0000ccf8    00000018     ECE319K_Lab5Grader.o (.text.Scope)
                  0000cd10    00000018     FIFO.o (.text.TxFifo_Size)
                  0000cd28    00000016     libc.a : copy_zero_init.c.obj (.text:decompress:ZI:__TI_zero_init_nomemset)
                  0000cd3e    00000002     --HOLE-- [fill = 0]
                  0000cd40    00000014     Dump.o (.text.Debug_Init)
                  0000cd54    00000014     FIFO.o (.text.RxFifo_Init)
                  0000cd68    00000014     FIFO.o (.text.TxFifo_Init)
                  0000cd7c    00000012     libc.a : memcpy16.S.obj (.text:TI_memcpy_small)
                  0000cd8e    00000012            : copy_decompress_none.c.obj (.text:decompress:none)
                  0000cda0    00000010     Clock.o (.text.Clock_Delay)
                  0000cdb0    00000010     LaunchPad.o (.text.Delay)
                  0000cdc0    00000010     Key.o (.text.Key_In)
                  0000cdd0    00000010     ECE319K_Lab5Grader.o (.text.OutCRLF)
                  0000cde0    0000000c     ECE319K_Lab5main.o (.text.Sound_Stop)
                  0000cdec    00000008     libclang_rt.builtins.a : aeabi_memcpy.S.obj (.text.__aeabi_memcpy)
                  0000cdf4    00000004     startup_mspm0g3507_ticlang.o (.text.Reset_Handler)
                  0000cdf8    00000004     libc.a : pre_init.c.obj (.text._system_pre_init)
                  0000cdfc    00000004            : exit.c.obj (.text:abort)

.cinit     0    0000ce00    00000030     
                  0000ce00    0000000c     (.cinit..data.load) [load image, compression = lzss]
                  0000ce0c    0000000c     (__TI_handler_table)
                  0000ce18    00000008     (.cinit..bss.load) [load image, compression = zero_init]
                  0000ce20    00000010     (__TI_cinit_table)

.rodata    0    000000c0    0000b490     
                  000000c0    000064cd     ECE319K_Lab5main.o (.rodata.ufo_lowpitch)
                  0000658d    0000221b     ECE319K_Lab5main.o (.rodata.explosion)
                  000087a8    0000183c     ECE319K_Lab5main.o (.rodata.flaunch)
                  00009fe4    00000ff0     ECE319K_Lab5main.o (.rodata.shoot)
                  0000afd4    00000280     ECE319K_Lab5Grader.o (.rodata.NotesProblem)
                  0000b254    00000080     ECE319K_Lab5Grader.o (.rodata.NotesPeriod)
                  0000b2d4    0000004b     ECE319K_Lab5Grader.o (.rodata.str1.50055286786680503271)
                  0000b31f    0000003a     ECE319K_Lab5Grader.o (.rodata.str1.145938324600070204741)
                  0000b359    00000038     ECE319K_Lab5Grader.o (.rodata.str1.184216038014363249021)
                  0000b391    00000037     ECE319K_Lab5Grader.o (.rodata.str1.77916425379104532341)
                  0000b3c8    0000002f     ECE319K_Lab5Grader.o (.rodata.str1.88270396947434664971)
                  0000b3f7    0000002e     ECE319K_Lab5Grader.o (.rodata.str1.82889096367739448671)
                  0000b425    00000003     --HOLE-- [fill = 0]
                  0000b428    00000020     ECE319K_Lab5Grader.o (.rodata.IMULTIPLIERS)
                  0000b448    00000020     ECE319K_Lab5Grader.o (.rodata.RMULTIPLIERS)
                  0000b468    0000001c     ECE319K_Lab5Grader.o (.rodata.str1.33577952556368563241)
                  0000b484    00000015     ECE319K_Lab5Grader.o (.rodata.str1.89560966556991981321)
                  0000b499    00000014     ECE319K_Lab5Grader.o (.rodata.str1.88020494194792965821)
                  0000b4ad    00000014     ECE319K_Lab5Grader.o (.rodata.str1.93559642825387313591)
                  0000b4c1    00000013     ECE319K_Lab5Grader.o (.rodata.str1.71487878760028771091)
                  0000b4d4    00000011     ECE319K_Lab5Grader.o (.rodata.str1.137129017328727778561)
                  0000b4e5    00000010     ECE319K_Lab5Grader.o (.rodata.str1.148502664100618170541)
                  0000b4f5    00000010     ECE319K_Lab5Grader.o (.rodata.str1.49863426935575252381)
                  0000b505    0000000f     ECE319K_Lab5Grader.o (.rodata.str1.53906281691987897811)
                  0000b514    0000000e     ECE319K_Lab5Grader.o (.rodata.str1.70472600287729786481)
                  0000b522    0000000d     ECE319K_Lab5Grader.o (.rodata.str1.140600510716839632671)
                  0000b52f    00000008     ECE319K_Lab5main.o (.rodata.EID1)
                  0000b537    00000008     ECE319K_Lab5main.o (.rodata.EID2)
                  0000b53f    00000008     ECE319K_Lab5Grader.o (.rodata.str1.69147075008774735551)
                  0000b547    00000007     ECE319K_Lab5Grader.o (.rodata.str1.19144040753989699301)
                  0000b54e    00000002     --HOLE-- [fill = 0]

.init_array 
*          0    00000000    00000000     UNINITIALIZED

.binit     0    00000000    00000000     

.sysmem    0    20200000    00000200     UNINITIALIZED
                  20200000    00000010     libc.a : memory.c.obj (.sysmem)
                  20200010    000001f0     --HOLE--

.bss       0    20200200    000000c8     UNINITIALIZED
                  20200200    00000040     FIFO.o (.bss.TxFifo)
                  20200240    00000040     (.common:Last16ADCresults)
                  20200280    00000010     FIFO.o (.bss.RxFifo)
                  20200290    00000004     (.common:DebugCnt)
                  20200294    00000004     (.common:LastIn)
                  20200298    00000004     (.common:M)
                  2020029c    00000004     (.common:Mask)
                  202002a0    00000004     (.common:PeriodicTask2)
                  202002a4    00000004     (.common:RxGetI)
                  202002a8    00000004     (.common:RxPutI)
                  202002ac    00000004     (.common:SampleFlag)
                  202002b0    00000004     (.common:State)
                  202002b4    00000004     (.common:TExaSadc)
                  202002b8    00000004     (.common:TxGetI)
                  202002bc    00000004     (.common:TxPutI)
                  202002c0    00000004     (.common:key)
                  202002c4    00000004     (.common:last)

.data      0    202002c8    0000001c     UNINITIALIZED
                  202002c8    00000004     Clock.o (.data.BusFreq)
                  202002cc    00000004     ECE319K_Lab5Grader.o (.data.Fail)
                  202002d0    00000004     ECE319K_Lab5main.o (.data.Index)
                  202002d4    00000004     ECE319K_Lab5Grader.o (.data.Last16ADCindex)
                  202002d8    00000004     ECE319K_Lab5Grader.o (.data.NotesMode)
                  202002dc    00000004     ECE319K_Lab5Grader.o (.data.Score)
                  202002e0    00000004     ECE319K_Lab5Grader.o (.data.Time)

.stack     0    20207e00    00000200     UNINITIALIZED
                  20207e00    00000004     libc.a : boot_cortex_m.c.obj (.stack)
                  20207e04    000001fc     --HOLE--

__llvm_prf_cnts 
*          0    20200000    00000000     UNINITIALIZED

__llvm_prf_bits 
*          0    20200000    00000000     UNINITIALIZED

MODULE SUMMARY

       Module                         code   ro data   rw data
       ------                         ----   -------   -------
    .\
       ECE319K_Lab5main.o             636    44836     12     
       ECE319K_Lab5Grader.o           2912   1383      112    
       UARTints.o                     624    0         0      
       Clock.o                        464    0         4      
       FIFO.o                         316    0         96     
       Timer.o                        264    0         0      
       LaunchPad.o                    196    0         0      
       UART.o                         92     0         0      
       DAC5.o                         88     0         0      
       Key.o                          56     0         0      
       Dump.o                         20     0         4      
    +--+------------------------------+------+---------+---------+
       Total:                         5668   46219     228    
                                                              
    .\ticlang\
       startup_mspm0g3507_ticlang.o   60     192       0      
    +--+------------------------------+------+---------+---------+
       Total:                         60     192       0      
                                                              
    C:\ti\ccs2000\ccs\tools\compiler\ti-cgt-armllvm_4.0.1.LTS\lib\armv6m-ti-none-eabi/c/libc.a
       strcmp-armv6m.S.obj            136    0         0      
       copy_decompress_lzss.c.obj     124    0         0      
       autoinit.c.obj                 60     0         0      
       boot_cortex_m.c.obj            40     0         0      
       copy_zero_init.c.obj           22     0         0      
       copy_decompress_none.c.obj     18     0         0      
       memcpy16.S.obj                 18     0         0      
       exit.c.obj                     4      0         0      
       pre_init.c.obj                 4      0         0      
    +--+------------------------------+------+---------+---------+
       Total:                         426    0         0      
                                                              
    C:\ti\ccs2000\ccs\tools\compiler\ti-cgt-armllvm_4.0.1.LTS\lib\armv6m-ti-none-eabi/libclang_rt.builtins.a
       aeabi_idivmod.S.obj            86     0         0      
       aeabi_uidivmod.S.obj           64     0         0      
       aeabi_memcpy.S.obj             8      0         0      
       aeabi_div0.c.obj               2      0         0      
    +--+------------------------------+------+---------+---------+
       Total:                         160    0         0      
                                                              
       Heap:                          0      0         512    
       Stack:                         0      0         512    
       Linker Generated:              0      48        0      
    +--+------------------------------+------+---------+---------+
       Grand Total:                   6314   46459     1252   


LINKER GENERATED COPY TABLES

__TI_cinit_table @ 0000ce20 records: 2, size/record: 8, table size: 16
	.data: load addr=0000ce00, load size=0000000c bytes, run addr=202002c8, run size=0000001c bytes, compression=lzss
	.bss: load addr=0000ce18, load size=00000008 bytes, run addr=20200200, run size=000000c8 bytes, compression=zero_init


LINKER GENERATED HANDLER TABLE

__TI_handler_table @ 0000ce0c records: 3, size/record: 4, table size: 12
	index: 0, handler: __TI_decompress_lzss
	index: 1, handler: __TI_decompress_none
	index: 2, handler: __TI_zero_init


GLOBAL SYMBOLS: SORTED ALPHABETICALLY BY Name 

address   name                          
-------   ----                          
0000cca9  ADC0_IRQHandler               
0000cca9  ADC1_IRQHandler               
0000bfed  ADC_Init                      
0000cb39  ADC_Start                     
0000cca9  AES_IRQHandler                
0000ca69  ActivatePortA_B               
202002c8  BusFreq                       
0000cdfc  C$$EXIT                       
0000cca9  CANFD0_IRQHandler             
0000be95  CheckInitialization           
0000cda1  Clock_Delay                   
0000c4f5  Clock_Freq                    
0000bce1  Clock_Init80MHz               
0000cca9  DAC0_IRQHandler               
0000c9f1  DAC5_Init                     
0000cc8d  DAC5_Out                      
0000cca9  DMA_IRQHandler                
20200290  DebugCnt                      
0000cd41  Debug_Init                    
0000cca9  Default_Handler               
0000cdb1  Delay                         
0000b52f  EID1                          
0000b537  EID2                          
0000b551  FFT                           
0000cca9  GROUP0_IRQHandler             
0000cca9  GROUP1_IRQHandler             
0000cb61  Grader_Init                   
0000ccc5  HardFault_Handler             
0000cca9  I2C0_IRQHandler               
0000cca9  I2C1_IRQHandler               
0000b428  IMULTIPLIERS                  
202002d0  Index                         
0000cdc1  Key_In                        
0000cb89  Key_Init                      
0000b815  Lab5Grader                    
202002d4  Last16ADCindex                
20200240  Last16ADCresults              
20200294  LastIn                        
0000c589  LaunchPad_Init                
0000cbb1  LogicAnalyzer                 
20200298  M                             
2020029c  Mask                          
0000cca9  NMI_Handler                   
202002d8  NotesMode                     
0000b254  NotesPeriod                   
0000afd4  NotesProblem                  
0000cdd1  OutCRLF                       
0000cca9  PendSV_Handler                
202002a0  PeriodicTask2                 
0000b448  RMULTIPLIERS                  
0000cca9  RTC_IRQHandler                
0000cc4d  Random32                      
0000cb0d  ReadInput                     
0000cdf5  Reset_Handler                 
0000cd55  RxFifo_Init                   
0000c841  RxFifo_Put                    
0000cce1  RxFifo_Size                   
202002a4  RxGetI                        
202002a8  RxPutI                        
0000cca9  SPI0_IRQHandler               
0000cca9  SPI1_IRQHandler               
0000cca9  SVC_Handler                   
202002ac  SampleFlag                    
0000ccf9  Scope                         
0000c7ed  Sound_Init                    
0000cc6d  Sound_Start                   
0000cde1  Sound_Stop                    
202002b0  State                         
0000c379  SysTick_Handler               
202002b4  TExaSadc                      
0000cca9  TIMA0_IRQHandler              
0000cca9  TIMA1_IRQHandler              
0000cca9  TIMG0_IRQHandler              
0000cca9  TIMG12_IRQHandler             
0000cca9  TIMG6_IRQHandler              
0000cc29  TIMG7_IRQHandler              
0000cca9  TIMG8_IRQHandler              
0000cd7d  TI_memcpy_small               
0000c681  TimerG12_Init                 
0000c44d  TimerG7_IntArm                
0000c88d  TxFifo_Get                    
0000cd69  TxFifo_Init                   
0000c8d9  TxFifo_Put                    
0000cd11  TxFifo_Size                   
202002b8  TxGetI                        
202002bc  TxPutI                        
0000c6e1  UART0_IRQHandler              
0000cca9  UART1_IRQHandler              
0000cca9  UART2_IRQHandler              
0000cca9  UART3_IRQHandler              
0000c121  UART_Init                     
0000c971  UART_OutChar                  
0000cc01  UART_OutString                
0000caa1  UART_OutUDec                  
20208000  __STACK_END                   
00000200  __STACK_SIZE                  
00000200  __SYSMEM_SIZE                 
00000000  __TI_ATRegion0_region_sz      
00000000  __TI_ATRegion0_src_addr       
00000000  __TI_ATRegion0_trg_addr       
00000000  __TI_ATRegion1_region_sz      
00000000  __TI_ATRegion1_src_addr       
00000000  __TI_ATRegion1_trg_addr       
00000000  __TI_ATRegion2_region_sz      
00000000  __TI_ATRegion2_src_addr       
00000000  __TI_ATRegion2_trg_addr       
0000ce20  __TI_CINIT_Base               
0000ce30  __TI_CINIT_Limit              
0000ce30  __TI_CINIT_Warm               
0000ce0c  __TI_Handler_Table_Base       
0000ce18  __TI_Handler_Table_Limit      
0000ca2d  __TI_auto_init_nobinit_nopinit
0000c605  __TI_decompress_lzss          
0000cd8f  __TI_decompress_none          
ffffffff  __TI_pprof_out_hndl           
ffffffff  __TI_prof_data_size           
ffffffff  __TI_prof_data_start          
00000000  __TI_static_base__            
0000cd29  __TI_zero_init_nomemset       
0000c795  __aeabi_idiv                  
0000c7eb  __aeabi_idiv0                 
0000c795  __aeabi_idivmod               
0000cded  __aeabi_memcpy                
0000cded  __aeabi_memcpy4               
0000cded  __aeabi_memcpy8               
0000c9b1  __aeabi_uidiv                 
0000c9b1  __aeabi_uidivmod              
ffffffff  __binit__                     
UNDEFED   __mpu_init                    
20207e00  __stack                       
20200000  __start___llvm_prf_bits       
20200000  __start___llvm_prf_cnts       
20200000  __stop___llvm_prf_bits        
20200000  __stop___llvm_prf_cnts        
0000cbd9  _c_int00_noargs               
20200000  _sys_memory                   
UNDEFED   _system_post_cinit            
0000cdf9  _system_pre_init              
0000cdfd  abort                         
ffffffff  binit                         
0000658d  explosion                     
000087a8  flaunch                       
00000000  interruptVectors              
202002c0  key                           
0000ba95  lab5grader                    
202002c4  last                          
0000c251  main                          
0000cad7  setUpper                      
00009fe4  shoot                         
0000c501  strcmp                        
000000c0  ufo_lowpitch                  


GLOBAL SYMBOLS: SORTED BY Symbol Address 

address   name                          
-------   ----                          
00000000  __TI_ATRegion0_region_sz      
00000000  __TI_ATRegion0_src_addr       
00000000  __TI_ATRegion0_trg_addr       
00000000  __TI_ATRegion1_region_sz      
00000000  __TI_ATRegion1_src_addr       
00000000  __TI_ATRegion1_trg_addr       
00000000  __TI_ATRegion2_region_sz      
00000000  __TI_ATRegion2_src_addr       
00000000  __TI_ATRegion2_trg_addr       
00000000  __TI_static_base__            
00000000  interruptVectors              
000000c0  ufo_lowpitch                  
00000200  __STACK_SIZE                  
00000200  __SYSMEM_SIZE                 
0000658d  explosion                     
000087a8  flaunch                       
00009fe4  shoot                         
0000afd4  NotesProblem                  
0000b254  NotesPeriod                   
0000b428  IMULTIPLIERS                  
0000b448  RMULTIPLIERS                  
0000b52f  EID1                          
0000b537  EID2                          
0000b551  FFT                           
0000b815  Lab5Grader                    
0000ba95  lab5grader                    
0000bce1  Clock_Init80MHz               
0000be95  CheckInitialization           
0000bfed  ADC_Init                      
0000c121  UART_Init                     
0000c251  main                          
0000c379  SysTick_Handler               
0000c44d  TimerG7_IntArm                
0000c4f5  Clock_Freq                    
0000c501  strcmp                        
0000c589  LaunchPad_Init                
0000c605  __TI_decompress_lzss          
0000c681  TimerG12_Init                 
0000c6e1  UART0_IRQHandler              
0000c795  __aeabi_idiv                  
0000c795  __aeabi_idivmod               
0000c7eb  __aeabi_idiv0                 
0000c7ed  Sound_Init                    
0000c841  RxFifo_Put                    
0000c88d  TxFifo_Get                    
0000c8d9  TxFifo_Put                    
0000c971  UART_OutChar                  
0000c9b1  __aeabi_uidiv                 
0000c9b1  __aeabi_uidivmod              
0000c9f1  DAC5_Init                     
0000ca2d  __TI_auto_init_nobinit_nopinit
0000ca69  ActivatePortA_B               
0000caa1  UART_OutUDec                  
0000cad7  setUpper                      
0000cb0d  ReadInput                     
0000cb39  ADC_Start                     
0000cb61  Grader_Init                   
0000cb89  Key_Init                      
0000cbb1  LogicAnalyzer                 
0000cbd9  _c_int00_noargs               
0000cc01  UART_OutString                
0000cc29  TIMG7_IRQHandler              
0000cc4d  Random32                      
0000cc6d  Sound_Start                   
0000cc8d  DAC5_Out                      
0000cca9  ADC0_IRQHandler               
0000cca9  ADC1_IRQHandler               
0000cca9  AES_IRQHandler                
0000cca9  CANFD0_IRQHandler             
0000cca9  DAC0_IRQHandler               
0000cca9  DMA_IRQHandler                
0000cca9  Default_Handler               
0000cca9  GROUP0_IRQHandler             
0000cca9  GROUP1_IRQHandler             
0000cca9  I2C0_IRQHandler               
0000cca9  I2C1_IRQHandler               
0000cca9  NMI_Handler                   
0000cca9  PendSV_Handler                
0000cca9  RTC_IRQHandler                
0000cca9  SPI0_IRQHandler               
0000cca9  SPI1_IRQHandler               
0000cca9  SVC_Handler                   
0000cca9  TIMA0_IRQHandler              
0000cca9  TIMA1_IRQHandler              
0000cca9  TIMG0_IRQHandler              
0000cca9  TIMG12_IRQHandler             
0000cca9  TIMG6_IRQHandler              
0000cca9  TIMG8_IRQHandler              
0000cca9  UART1_IRQHandler              
0000cca9  UART2_IRQHandler              
0000cca9  UART3_IRQHandler              
0000ccc5  HardFault_Handler             
0000cce1  RxFifo_Size                   
0000ccf9  Scope                         
0000cd11  TxFifo_Size                   
0000cd29  __TI_zero_init_nomemset       
0000cd41  Debug_Init                    
0000cd55  RxFifo_Init                   
0000cd69  TxFifo_Init                   
0000cd7d  TI_memcpy_small               
0000cd8f  __TI_decompress_none          
0000cda1  Clock_Delay                   
0000cdb1  Delay                         
0000cdc1  Key_In                        
0000cdd1  OutCRLF                       
0000cde1  Sound_Stop                    
0000cded  __aeabi_memcpy                
0000cded  __aeabi_memcpy4               
0000cded  __aeabi_memcpy8               
0000cdf5  Reset_Handler                 
0000cdf9  _system_pre_init              
0000cdfc  C$$EXIT                       
0000cdfd  abort                         
0000ce0c  __TI_Handler_Table_Base       
0000ce18  __TI_Handler_Table_Limit      
0000ce20  __TI_CINIT_Base               
0000ce30  __TI_CINIT_Limit              
0000ce30  __TI_CINIT_Warm               
20200000  __start___llvm_prf_bits       
20200000  __start___llvm_prf_cnts       
20200000  __stop___llvm_prf_bits        
20200000  __stop___llvm_prf_cnts        
20200000  _sys_memory                   
20200240  Last16ADCresults              
20200290  DebugCnt                      
20200294  LastIn                        
20200298  M                             
2020029c  Mask                          
202002a0  PeriodicTask2                 
202002a4  RxGetI                        
202002a8  RxPutI                        
202002ac  SampleFlag                    
202002b0  State                         
202002b4  TExaSadc                      
202002b8  TxGetI                        
202002bc  TxPutI                        
202002c0  key                           
202002c4  last                          
202002c8  BusFreq                       
202002d0  Index                         
202002d4  Last16ADCindex                
202002d8  NotesMode                     
20207e00  __stack                       
20208000  __STACK_END                   
ffffffff  __TI_pprof_out_hndl           
ffffffff  __TI_prof_data_size           
ffffffff  __TI_prof_data_start          
ffffffff  __binit__                     
ffffffff  binit                         
UNDEFED   __mpu_init                    
UNDEFED   _system_post_cinit            

[151 symbols]
