******************************************************************************
            TI ARM Clang Linker PC v4.0.1                      
******************************************************************************
>> Linked Sat Mar  8 00:51:24 2025

OUTPUT FILE NAME:   <ECE319K_Lab6.out>
ENTRY POINT SYMBOL: "_c_int00_noargs"  address: 00000e71


MEMORY CONFIGURATION

         name            origin    length      used     unused   attr    fill
----------------------  --------  ---------  --------  --------  ----  --------
  FLASH                 00000000   00020000  000011d0  0001ee30  R  X
  SRAM                  20200000   00008000  0000045c  00007ba4  RW X
  BCR_CONFIG            41c00000   00000080  00000000  00000080  R   
  BSL_CONFIG            41c00100   00000080  00000000  00000080  R   


SEGMENT ALLOCATION MAP

run origin  load origin   length   init length attrs members
----------  ----------- ---------- ----------- ----- -------
00000000    00000000    000011d0   000011d0    r-x
  00000000    00000000    000000c0   000000c0    r-- .intvecs
  000000c0    000000c0    00000ee0   00000ee0    r-x .text
  00000fa0    00000fa0    000001f0   000001f0    r-- .rodata
  00001190    00001190    00000040   00000040    r-- .cinit
20200000    20200000    0000025c   00000000    rw-
  20200000    20200000    00000200   00000000    rw- .sysmem
  20200200    20200200    0000003c   00000000    rw- .bss
  2020023c    2020023c    00000020   00000000    rw- .data
20207e00    20207e00    00000200   00000000    rw-
  20207e00    20207e00    00000200   00000000    rw- .stack


SECTION ALLOCATION MAP

 output                                  attributes/
section   page    origin      length       input sections
--------  ----  ----------  ----------   ----------------
.intvecs   0    00000000    000000c0     
                  00000000    000000c0     startup_mspm0g3507_ticlang.o (.intvecs)

.text      0    000000c0    00000ee0     
                  000000c0    000001b4     Clock.o (.text.Clock_Init80MHz)
                  00000274    000001a4     Lab6Grader.o (.text.Lab6Grader)
                  00000418    00000188     Lab6GraderWrapper.o (.text)
                  000005a0    0000013c     Lab6Grader.o (.text.GradeSPIOutData)
                  000006dc    00000138     Lab6Grader.o (.text.GradeSPIOutCommand)
                  00000814    000000f4     Lab6Grader.o (.text.GradeDec2String)
                  00000908    000000e8     UARTbusywait.o (.text.UART_Init)
                  000009f0    000000a8     Timer.o (.text.TimerG7_IntArm)
                  00000a98    00000008     libclang_rt.builtins.a : aeabi_memcpy.S.obj (.text.__aeabi_memcpy)
                  00000aa0    00000088     libc.a : strcmp-armv6m.S.obj (.text:strcmp)
                  00000b28    00000084     Lab6Grader.o (.text.TIMG7_IRQHandler)
                  00000bac    0000007c     LaunchPad.o (.text.LaunchPad_Init)
                  00000c28    0000007c     libc.a : copy_decompress_lzss.c.obj (.text:decompress:lzss)
                  00000ca4    00000048     StringConversion.o (.text)
                  00000cec    00000040     libclang_rt.builtins.a : aeabi_uidivmod.S.obj (.text.__aeabi_uidivmod)
                  00000d2c    0000003c     libc.a : autoinit.c.obj (.text:__TI_auto_init_nobinit_nopinit)
                  00000d68    00000038     LaunchPad.o (.text.ActivatePortA_B)
                  00000da0    00000038     BusyWait.o (.text)
                  00000dd8    00000036     UART.o (.text.UART_OutUDec)
                  00000e0e    00000034     Lab6Grader.o (.text.setUpper)
                  00000e42    00000002     libclang_rt.builtins.a : aeabi_div0.c.obj (.text.__aeabi_idiv0)
                  00000e44    0000002c     UARTbusywait.o (.text.UART_OutChar)
                  00000e70    00000028     libc.a : boot_cortex_m.c.obj (.text:_c_int00_noargs)
                  00000e98    00000026     UART.o (.text.UART_OutString)
                  00000ebe    00000002     --HOLE-- [fill = 0]
                  00000ec0    0000001c     startup_mspm0g3507_ticlang.o (.text.Default_Handler)
                  00000edc    0000001c     startup_mspm0g3507_ticlang.o (.text.HardFault_Handler)
                  00000ef8    0000001a     Lab6Main.o (.text.main)
                  00000f12    00000016     libc.a : copy_zero_init.c.obj (.text:decompress:ZI:__TI_zero_init_nomemset)
                  00000f28    00000012            : memcpy16.S.obj (.text:TI_memcpy_small)
                  00000f3a    00000012            : copy_decompress_none.c.obj (.text:decompress:none)
                  00000f4c    00000010     Clock.o (.text.Clock_Delay)
                  00000f5c    00000010     LaunchPad.o (.text.Delay)
                  00000f6c    00000010     Lab6Grader.o (.text.OutCRLF)
                  00000f7c    0000000c     Clock.o (.text.Clock_Freq)
                  00000f88    0000000c     Lab6Grader.o (.text.TimerG7_Stop)
                  00000f94    00000004     startup_mspm0g3507_ticlang.o (.text.Reset_Handler)
                  00000f98    00000004     libc.a : pre_init.c.obj (.text._system_pre_init)
                  00000f9c    00000004            : exit.c.obj (.text:abort)

.cinit     0    00001190    00000040     
                  00001190    0000001c     (.cinit..data.load) [load image, compression = lzss]
                  000011ac    0000000c     (__TI_handler_table)
                  000011b8    00000008     (.cinit..bss.load) [load image, compression = zero_init]
                  000011c0    00000010     (__TI_cinit_table)

.rodata    0    00000fa0    000001f0     
                  00000fa0    0000002f     Lab6Grader.o (.rodata.str1.141042048425628277241)
                  00000fcf    0000002e     Lab6Grader.o (.rodata.str1.11393093594044903871)
                  00000ffd    0000002e     Lab6Grader.o (.rodata.str1.68084602043384903161)
                  0000102b    00000027     Lab6Grader.o (.rodata.str1.29392462771983453771)
                  00001052    00000027     Lab6Grader.o (.rodata.str1.86854943644442302081)
                  00001079    0000001e     Lab6Grader.o (.rodata.str1.123304848784107168131)
                  00001097    00000018     Lab6Grader.o (.rodata.str1.179419005293335022381)
                  000010af    00000015     Lab6Grader.o (.rodata.str1.116151147016813165611)
                  000010c4    00000015     Lab6Grader.o (.rodata.str1.123229049810979054831)
                  000010d9    00000015     Lab6Grader.o (.rodata.str1.171806787679878416081)
                  000010ee    00000014     Lab6Grader.o (.rodata.str1.182106084710237838491)
                  00001102    00000012     Lab6Grader.o (.rodata.str1.100701980391796751041)
                  00001114    00000012     Lab6Grader.o (.rodata.str1.51597153886514805571)
                  00001126    00000011     Lab6Grader.o (.rodata.str1.157227963165155916961)
                  00001137    00000011     Lab6Grader.o (.rodata.str1.54928076714665054151)
                  00001148    0000000e     Lab6Grader.o (.rodata.str1.83990087279344669041)
                  00001156    0000000c     Lab6Grader.o (.rodata.str1.144555773107442879901)
                  00001162    0000000a     Lab6Grader.o (.rodata.str1.6127439669120488541)
                  0000116c    00000008     Lab6Grader.o (.rodata.str1.34477738938601276451)
                  00001174    00000008     Lab6Grader.o (.rodata.str1.94061867291523735691)
                  0000117c    00000007     Lab6Grader.o (.rodata.str1.58188008420306910771)
                  00001183    00000006     Lab6Grader.o (.rodata.str1.136529213642668650501)
                  00001189    00000007     --HOLE-- [fill = 0]

.init_array 
*          0    00000000    00000000     UNINITIALIZED

.binit     0    00000000    00000000     

.sysmem    0    20200000    00000200     UNINITIALIZED
                  20200000    00000010     libc.a : memory.c.obj (.sysmem)
                  20200010    000001f0     --HOLE--

.bss       0    20200200    0000003c     UNINITIALIZED
                  20200200    00000010     (.common:myMessage)
                  20200210    00000010     (.common:yourMessage)
                  20200220    00000004     Lab6Grader.o (.bss.Score)
                  20200224    00000004     (.common:GraderData)
                  20200228    00000004     (.common:GraderGPIO)
                  2020022c    00000004     (.common:GraderStatus)
                  20200230    00000004     (.common:GraderTime)
                  20200234    00000004     (.common:M)
                  20200238    00000004     (.common:whichbit)

.data      0    2020023c    00000020     UNINITIALIZED
                  2020023c    00000008     Lab6Main.o (.data.EID1)
                  20200244    00000008     Lab6Main.o (.data.EID2)
                  2020024c    00000008     Lab6GraderWrapper.o (.data)
                  20200254    00000004     Clock.o (.data.BusFreq)
                  20200258    00000004     Lab6Grader.o (.data.Fail)

.stack     0    20207e00    00000200     UNINITIALIZED
                  20207e00    00000004     libc.a : boot_cortex_m.c.obj (.stack)
                  20207e04    000001fc     --HOLE--

__llvm_prf_cnts 
*          0    20200000    00000000     UNINITIALIZED

__llvm_prf_bits 
*          0    20200000    00000000     UNINITIALIZED

MODULE SUMMARY

       Module                         code   ro data   rw data
       ------                         ----   -------   -------
    ..\
       Lab6GraderWrapper.o            392    0         8      
    +--+------------------------------+------+---------+---------+
       Total:                         392    0         8      
                                                              
    .\
       Lab6Grader.o                   1504   489       64     
       Clock.o                        464    0         4      
       UARTbusywait.o                 276    0         0      
       LaunchPad.o                    196    0         0      
       Timer.o                        168    0         0      
       UART.o                         92     0         0      
       StringConversion.o             72     0         0      
       BusyWait.o                     56     0         0      
       Lab6Main.o                     26     0         16     
    +--+------------------------------+------+---------+---------+
       Total:                         2854   489       84     
                                                              
    .\ticlang\
       startup_mspm0g3507_ticlang.o   60     192       0      
    +--+------------------------------+------+---------+---------+
       Total:                         60     192       0      
                                                              
    C:\ti\ccs2000\ccs\tools\compiler\ti-cgt-armllvm_4.0.1.LTS\lib\armv6m-ti-none-eabi/c/libc.a
       strcmp-armv6m.S.obj            136    0         0      
       copy_decompress_lzss.c.obj     124    0         0      
       autoinit.c.obj                 60     0         0      
       boot_cortex_m.c.obj            40     0         0      
       copy_zero_init.c.obj           22     0         0      
       copy_decompress_none.c.obj     18     0         0      
       memcpy16.S.obj                 18     0         0      
       exit.c.obj                     4      0         0      
       pre_init.c.obj                 4      0         0      
    +--+------------------------------+------+---------+---------+
       Total:                         426    0         0      
                                                              
    C:\ti\ccs2000\ccs\tools\compiler\ti-cgt-armllvm_4.0.1.LTS\lib\armv6m-ti-none-eabi/libclang_rt.builtins.a
       aeabi_uidivmod.S.obj           64     0         0      
       aeabi_memcpy.S.obj             8      0         0      
       aeabi_div0.c.obj               2      0         0      
    +--+------------------------------+------+---------+---------+
       Total:                         74     0         0      
                                                              
       Heap:                          0      0         512    
       Stack:                         0      0         512    
       Linker Generated:              0      64        0      
    +--+------------------------------+------+---------+---------+
       Grand Total:                   3806   745       1116   


LINKER GENERATED COPY TABLES

__TI_cinit_table @ 000011c0 records: 2, size/record: 8, table size: 16
	.data: load addr=00001190, load size=0000001c bytes, run addr=2020023c, run size=00000020 bytes, compression=lzss
	.bss: load addr=000011b8, load size=00000008 bytes, run addr=20200200, run size=0000003c bytes, compression=zero_init


LINKER GENERATED HANDLER TABLE

__TI_handler_table @ 000011ac records: 3, size/record: 4, table size: 12
	index: 0, handler: __TI_decompress_lzss
	index: 1, handler: __TI_decompress_none
	index: 2, handler: __TI_zero_init


GLOBAL SYMBOLS: SORTED ALPHABETICALLY BY Name 

address   name                          
-------   ----                          
00000ec1  ADC0_IRQHandler               
00000ec1  ADC1_IRQHandler               
00000ec1  AES_IRQHandler                
00000d69  ActivatePortA_B               
20200254  BusFreq                       
00000f9c  C$$EXIT                       
00000ec1  CANFD0_IRQHandler             
00000f4d  Clock_Delay                   
00000f7d  Clock_Freq                    
000000c1  Clock_Init80MHz               
00000ec1  DAC0_IRQHandler               
00000ec1  DMA_IRQHandler                
0000054c  Dec2String                    
00000ec1  Default_Handler               
00000f5d  Delay                         
2020023c  EID1                          
20200244  EID2                          
00000ec1  GROUP0_IRQHandler             
00000ec1  GROUP1_IRQHandler             
00000815  GradeDec2String               
000006dd  GradeSPIOutCommand            
000005a1  GradeSPIOutData               
20200224  GraderData                    
20200228  GraderGPIO                    
2020022c  GraderStatus                  
20200230  GraderTime                    
00000edd  HardFault_Handler             
00000ec1  I2C0_IRQHandler               
00000ec1  I2C1_IRQHandler               
00000275  Lab6Grader                    
00000bad  LaunchPad_Init                
20200234  M                             
00000ec1  NMI_Handler                   
00000f6d  OutCRLF                       
00000560  OutChar                       
00000cdc  OutDec                        
00000ec1  PendSV_Handler                
00000ec1  RTC_IRQHandler                
00000f95  Reset_Handler                 
00000ec1  SPI0_IRQHandler               
00000ec1  SPI1_IRQHandler               
00000da0  SPIOutCommand                 
00000dba  SPIOutData                    
00000ec1  SVC_Handler                   
00000ec1  SysTick_Handler               
00000ec1  TIMA0_IRQHandler              
00000ec1  TIMA1_IRQHandler              
00000ec1  TIMG0_IRQHandler              
00000ec1  TIMG12_IRQHandler             
00000ec1  TIMG6_IRQHandler              
00000b29  TIMG7_IRQHandler              
00000ec1  TIMG8_IRQHandler              
00000f29  TI_memcpy_small               
00000ca4  Test_udivby10                 
000009f1  TimerG7_IntArm                
00000f89  TimerG7_Stop                  
00000ec1  UART0_IRQHandler              
00000ec1  UART1_IRQHandler              
00000ec1  UART2_IRQHandler              
00000ec1  UART3_IRQHandler              
00000909  UART_Init                     
00000e45  UART_OutChar                  
00000e99  UART_OutString                
00000dd9  UART_OutUDec                  
20208000  __STACK_END                   
00000200  __STACK_SIZE                  
00000200  __SYSMEM_SIZE                 
00000000  __TI_ATRegion0_region_sz      
00000000  __TI_ATRegion0_src_addr       
00000000  __TI_ATRegion0_trg_addr       
00000000  __TI_ATRegion1_region_sz      
00000000  __TI_ATRegion1_src_addr       
00000000  __TI_ATRegion1_trg_addr       
00000000  __TI_ATRegion2_region_sz      
00000000  __TI_ATRegion2_src_addr       
00000000  __TI_ATRegion2_trg_addr       
000011c0  __TI_CINIT_Base               
000011d0  __TI_CINIT_Limit              
000011d0  __TI_CINIT_Warm               
000011ac  __TI_Handler_Table_Base       
000011b8  __TI_Handler_Table_Limit      
00000d2d  __TI_auto_init_nobinit_nopinit
00000c29  __TI_decompress_lzss          
00000f3b  __TI_decompress_none          
ffffffff  __TI_pprof_out_hndl           
ffffffff  __TI_prof_data_size           
ffffffff  __TI_prof_data_start          
00000000  __TI_static_base__            
00000f13  __TI_zero_init_nomemset       
00000e43  __aeabi_idiv0                 
00000a99  __aeabi_memcpy                
00000a99  __aeabi_memcpy4               
00000a99  __aeabi_memcpy8               
00000ced  __aeabi_uidiv                 
00000ced  __aeabi_uidivmod              
ffffffff  __binit__                     
UNDEFED   __mpu_init                    
20207e00  __stack                       
20200000  __start___llvm_prf_bits       
20200000  __start___llvm_prf_cnts       
20200000  __stop___llvm_prf_bits        
20200000  __stop___llvm_prf_cnts        
00000e71  _c_int00_noargs               
20200000  _sys_memory                   
UNDEFED   _system_post_cinit            
00000f99  _system_pre_init              
00000f9d  abort                         
ffffffff  binit                         
00000000  interruptVectors              
00000ef9  main                          
000004f8  myDec2String                  
20200200  myMessage                     
00000e0f  setUpper                      
00000aa1  strcmp                        
00000490  testDec2String                
00000418  testSPIOutCommand             
00000454  testSPIOutData                
20200238  whichbit                      
20200210  yourMessage                   


GLOBAL SYMBOLS: SORTED BY Symbol Address 

address   name                          
-------   ----                          
00000000  __TI_ATRegion0_region_sz      
00000000  __TI_ATRegion0_src_addr       
00000000  __TI_ATRegion0_trg_addr       
00000000  __TI_ATRegion1_region_sz      
00000000  __TI_ATRegion1_src_addr       
00000000  __TI_ATRegion1_trg_addr       
00000000  __TI_ATRegion2_region_sz      
00000000  __TI_ATRegion2_src_addr       
00000000  __TI_ATRegion2_trg_addr       
00000000  __TI_static_base__            
00000000  interruptVectors              
000000c1  Clock_Init80MHz               
00000200  __STACK_SIZE                  
00000200  __SYSMEM_SIZE                 
00000275  Lab6Grader                    
00000418  testSPIOutCommand             
00000454  testSPIOutData                
00000490  testDec2String                
000004f8  myDec2String                  
0000054c  Dec2String                    
00000560  OutChar                       
000005a1  GradeSPIOutData               
000006dd  GradeSPIOutCommand            
00000815  GradeDec2String               
00000909  UART_Init                     
000009f1  TimerG7_IntArm                
00000a99  __aeabi_memcpy                
00000a99  __aeabi_memcpy4               
00000a99  __aeabi_memcpy8               
00000aa1  strcmp                        
00000b29  TIMG7_IRQHandler              
00000bad  LaunchPad_Init                
00000c29  __TI_decompress_lzss          
00000ca4  Test_udivby10                 
00000cdc  OutDec                        
00000ced  __aeabi_uidiv                 
00000ced  __aeabi_uidivmod              
00000d2d  __TI_auto_init_nobinit_nopinit
00000d69  ActivatePortA_B               
00000da0  SPIOutCommand                 
00000dba  SPIOutData                    
00000dd9  UART_OutUDec                  
00000e0f  setUpper                      
00000e43  __aeabi_idiv0                 
00000e45  UART_OutChar                  
00000e71  _c_int00_noargs               
00000e99  UART_OutString                
00000ec1  ADC0_IRQHandler               
00000ec1  ADC1_IRQHandler               
00000ec1  AES_IRQHandler                
00000ec1  CANFD0_IRQHandler             
00000ec1  DAC0_IRQHandler               
00000ec1  DMA_IRQHandler                
00000ec1  Default_Handler               
00000ec1  GROUP0_IRQHandler             
00000ec1  GROUP1_IRQHandler             
00000ec1  I2C0_IRQHandler               
00000ec1  I2C1_IRQHandler               
00000ec1  NMI_Handler                   
00000ec1  PendSV_Handler                
00000ec1  RTC_IRQHandler                
00000ec1  SPI0_IRQHandler               
00000ec1  SPI1_IRQHandler               
00000ec1  SVC_Handler                   
00000ec1  SysTick_Handler               
00000ec1  TIMA0_IRQHandler              
00000ec1  TIMA1_IRQHandler              
00000ec1  TIMG0_IRQHandler              
00000ec1  TIMG12_IRQHandler             
00000ec1  TIMG6_IRQHandler              
00000ec1  TIMG8_IRQHandler              
00000ec1  UART0_IRQHandler              
00000ec1  UART1_IRQHandler              
00000ec1  UART2_IRQHandler              
00000ec1  UART3_IRQHandler              
00000edd  HardFault_Handler             
00000ef9  main                          
00000f13  __TI_zero_init_nomemset       
00000f29  TI_memcpy_small               
00000f3b  __TI_decompress_none          
00000f4d  Clock_Delay                   
00000f5d  Delay                         
00000f6d  OutCRLF                       
00000f7d  Clock_Freq                    
00000f89  TimerG7_Stop                  
00000f95  Reset_Handler                 
00000f99  _system_pre_init              
00000f9c  C$$EXIT                       
00000f9d  abort                         
000011ac  __TI_Handler_Table_Base       
000011b8  __TI_Handler_Table_Limit      
000011c0  __TI_CINIT_Base               
000011d0  __TI_CINIT_Limit              
000011d0  __TI_CINIT_Warm               
20200000  __start___llvm_prf_bits       
20200000  __start___llvm_prf_cnts       
20200000  __stop___llvm_prf_bits        
20200000  __stop___llvm_prf_cnts        
20200000  _sys_memory                   
20200200  myMessage                     
20200210  yourMessage                   
20200224  GraderData                    
20200228  GraderGPIO                    
2020022c  GraderStatus                  
20200230  GraderTime                    
20200234  M                             
20200238  whichbit                      
2020023c  EID1                          
20200244  EID2                          
20200254  BusFreq                       
20207e00  __stack                       
20208000  __STACK_END                   
ffffffff  __TI_pprof_out_hndl           
ffffffff  __TI_prof_data_size           
ffffffff  __TI_prof_data_start          
ffffffff  __binit__                     
ffffffff  binit                         
UNDEFED   __mpu_init                    
UNDEFED   _system_post_cinit            

[119 symbols]
