******************************************************************************
            TI ARM Clang Linker PC v4.0.1                      
******************************************************************************
>> Linked Mon Mar 10 18:46:21 2025

OUTPUT FILE NAME:   <ECE319K_Lab6.out>
ENTRY POINT SYMBOL: "_c_int00_noargs"  address: 00000c09


MEMORY CONFIGURATION

         name            origin    length      used     unused   attr    fill
----------------------  --------  ---------  --------  --------  ----  --------
  FLASH                 00000000   00020000  00001340  0001ecc0  R  X
  SRAM                  20200000   00008000  00000425  00007bdb  RW X
  BCR_CONFIG            41c00000   00000080  00000000  00000080  R   
  BSL_CONFIG            41c00100   00000080  00000000  00000080  R   


SEGMENT ALLOCATION MAP

run origin  load origin   length   init length attrs members
----------  ----------- ---------- ----------- ----- -------
00000000    00000000    00001340   00001340    r-x
  00000000    00000000    000000c0   000000c0    r-- .intvecs
  000000c0    000000c0    00000c78   00000c78    r-x .text
  00000d38    00000d38    000005d0   000005d0    r-- .rodata
  00001308    00001308    00000038   00000038    r-- .cinit
20200000    20200000    00000227   00000000    rw-
  20200000    20200000    00000200   00000000    rw- .sysmem
  20200200    20200200    00000016   00000000    rw- .data
  20200218    20200218    0000000f   00000000    rw- .bss
20207e00    20207e00    00000200   00000000    rw-
  20207e00    20207e00    00000200   00000000    rw- .stack


SECTION ALLOCATION MAP

 output                                  attributes/
section   page    origin      length       input sections
--------  ----  ----------  ----------   ----------------
.intvecs   0    00000000    000000c0     
                  00000000    000000c0     startup_mspm0g3507_ticlang.o (.intvecs)

.text      0    000000c0    00000c78     
                  000000c0    000001b4     Clock.o (.text.Clock_Init80MHz)
                  00000274    000001a8     ST7735.o (.text.ST7735_DrawChar)
                  0000041c    00000118     ST7735.o (.text.ST7735_FillRect)
                  00000534    000000f8     SPI.o (.text.SPI_Init)
                  0000062c    000000a2     ST7735.o (.text.commandList)
                  000006ce    00000002     libclang_rt.builtins.a : aeabi_div0.c.obj (.text.__aeabi_idiv0)
                  000006d0    00000098     ST7735.o (.text.ST7735_InitR)
                  00000768    00000088     ST7735.o (.text.setAddrWindow)
                  000007f0    00000084     Lab6Grader.o (.text.TIMG7_IRQHandler)
                  00000874    0000007c     LaunchPad.o (.text.LaunchPad_Init)
                  000008f0    0000007c     libc.a : copy_decompress_lzss.c.obj (.text:decompress:lzss)
                  0000096c    00000048     SPI.o (.text.SPI_OutCommand)
                  000009b4    00000040     SPI.o (.text.SPI_Reset)
                  000009f4    00000040     libclang_rt.builtins.a : aeabi_uidivmod.S.obj (.text.__aeabi_uidivmod)
                  00000a34    0000003c     libc.a : autoinit.c.obj (.text:__TI_auto_init_nobinit_nopinit)
                  00000a70    00000038     LaunchPad.o (.text.ActivatePortA_B)
                  00000aa8    00000038     SPI.o (.text.SPI_OutData)
                  00000ae0    00000038     Lab6Main.o (.text.main)
                  00000b18    00000034     Clock.o (.text.Clock_Delay1ms)
                  00000b4c    00000034     ST7735.o (.text.ST7735_SetCursor)
                  00000b80    00000030     ST7735.o (.text.commonInit)
                  00000bb0    0000002c     ST7735.o (.text.ST7735_FillScreen)
                  00000bdc    0000002c     UARTbusywait.o (.text.UART_OutChar)
                  00000c08    00000028     libc.a : boot_cortex_m.c.obj (.text:_c_int00_noargs)
                  00000c30    00000026     UART.o (.text.UART_OutString)
                  00000c56    0000001e     ST7735.o (.text.pushColor)
                  00000c74    0000001c     startup_mspm0g3507_ticlang.o (.text.Default_Handler)
                  00000c90    0000001c     startup_mspm0g3507_ticlang.o (.text.HardFault_Handler)
                  00000cac    00000016     libc.a : copy_zero_init.c.obj (.text:decompress:ZI:__TI_zero_init_nomemset)
                  00000cc2    00000012            : memcpy16.S.obj (.text:TI_memcpy_small)
                  00000cd4    00000012            : copy_decompress_none.c.obj (.text:decompress:none)
                  00000ce6    00000010     Clock.o (.text.Clock_Delay)
                  00000cf6    00000010     LaunchPad.o (.text.Delay)
                  00000d06    00000002     --HOLE-- [fill = 0]
                  00000d08    0000000c     Clock.o (.text.Clock_Freq)
                  00000d14    0000000c     Lab6Grader.o (.text.TimerG7_Stop)
                  00000d20    00000008     libclang_rt.builtins.a : aeabi_memcpy.S.obj (.text.__aeabi_memcpy)
                  00000d28    00000004     startup_mspm0g3507_ticlang.o (.text.Reset_Handler)
                  00000d2c    00000004     libc.a : pre_init.c.obj (.text._system_pre_init)
                  00000d30    00000004            : exit.c.obj (.text:abort)
                  00000d34    00000004     --HOLE-- [fill = 0]

.cinit     0    00001308    00000038     
                  00001308    00000012     (.cinit..data.load) [load image, compression = lzss]
                  0000131a    00000002     --HOLE-- [fill = 0]
                  0000131c    0000000c     (__TI_handler_table)
                  00001328    00000008     (.cinit..bss.load) [load image, compression = zero_init]
                  00001330    00000010     (__TI_cinit_table)

.rodata    0    00000d38    000005d0     
                  00000d38    000004fb     ST7735.o (.rodata.Font)
                  00001233    0000003b     ST7735.o (.rodata.Rcmd1)
                  0000126e    0000002b     ST7735.o (.rodata.Rcmd3)
                  00001299    00000027     Lab6Grader.o (.rodata.str1.29392462771983453771)
                  000012c0    00000027     Lab6Grader.o (.rodata.str1.86854943644442302081)
                  000012e7    0000000d     ST7735.o (.rodata.Rcmd2green)
                  000012f4    0000000d     ST7735.o (.rodata.Rcmd2red)
                  00001301    00000007     --HOLE-- [fill = 0]

.init_array 
*          0    00000000    00000000     UNINITIALIZED

.binit     0    00000000    00000000     

.sysmem    0    20200000    00000200     UNINITIALIZED
                  20200000    00000010     libc.a : memory.c.obj (.sysmem)
                  20200010    000001f0     --HOLE--

.data      0    20200200    00000016     UNINITIALIZED
                  20200200    00000004     Clock.o (.data.BusFreq)
                  20200204    00000004     Lab6Grader.o (.data.Fail)
                  20200208    00000004     ST7735.o (.data.StX)
                  2020020c    00000004     ST7735.o (.data.StY)
                  20200210    00000002     ST7735.o (.data.StTextColor)
                  20200212    00000002     ST7735.o (.data._height)
                  20200214    00000002     ST7735.o (.data._width)

.bss       0    20200218    0000000f     UNINITIALIZED
                  20200218    00000004     (.common:GraderStatus)
                  2020021c    00000004     (.common:GraderTime)
                  20200220    00000004     (.common:whichbit)
                  20200224    00000001     ST7735.o (.bss.ColStart)
                  20200225    00000001     ST7735.o (.bss.RowStart)
                  20200226    00000001     ST7735.o (.bss.TabColor)

.stack     0    20207e00    00000200     UNINITIALIZED
                  20207e00    00000004     libc.a : boot_cortex_m.c.obj (.stack)
                  20207e04    000001fc     --HOLE--

__llvm_prf_cnts 
*          0    20200000    00000000     UNINITIALIZED

__llvm_prf_bits 
*          0    20200000    00000000     UNINITIALIZED

MODULE SUMMARY

       Module                         code   ro data   rw data
       ------                         ----   -------   -------
    .\
       ST7735.o                       1328   1403      17     
       Clock.o                        516    0         4      
       SPI.o                          440    0         0      
       Lab6Grader.o                   144    78        16     
       LaunchPad.o                    196    0         0      
       Lab6Main.o                     56     0         0      
       UARTbusywait.o                 44     0         0      
       UART.o                         38     0         0      
    +--+------------------------------+------+---------+---------+
       Total:                         2762   1481      37     
                                                              
    .\ticlang\
       startup_mspm0g3507_ticlang.o   60     192       0      
    +--+------------------------------+------+---------+---------+
       Total:                         60     192       0      
                                                              
    C:\ti\ccs2000\ccs\tools\compiler\ti-cgt-armllvm_4.0.1.LTS\lib\armv6m-ti-none-eabi/c/libc.a
       copy_decompress_lzss.c.obj     124    0         0      
       autoinit.c.obj                 60     0         0      
       boot_cortex_m.c.obj            40     0         0      
       copy_zero_init.c.obj           22     0         0      
       copy_decompress_none.c.obj     18     0         0      
       memcpy16.S.obj                 18     0         0      
       exit.c.obj                     4      0         0      
       pre_init.c.obj                 4      0         0      
    +--+------------------------------+------+---------+---------+
       Total:                         290    0         0      
                                                              
    C:\ti\ccs2000\ccs\tools\compiler\ti-cgt-armllvm_4.0.1.LTS\lib\armv6m-ti-none-eabi/libclang_rt.builtins.a
       aeabi_uidivmod.S.obj           64     0         0      
       aeabi_memcpy.S.obj             8      0         0      
       aeabi_div0.c.obj               2      0         0      
    +--+------------------------------+------+---------+---------+
       Total:                         74     0         0      
                                                              
       Heap:                          0      0         512    
       Stack:                         0      0         512    
       Linker Generated:              0      54        0      
    +--+------------------------------+------+---------+---------+
       Grand Total:                   3186   1727      1061   


LINKER GENERATED COPY TABLES

__TI_cinit_table @ 00001330 records: 2, size/record: 8, table size: 16
	.data: load addr=00001308, load size=00000012 bytes, run addr=20200200, run size=00000016 bytes, compression=lzss
	.bss: load addr=00001328, load size=00000008 bytes, run addr=20200218, run size=0000000f bytes, compression=zero_init


LINKER GENERATED HANDLER TABLE

__TI_handler_table @ 0000131c records: 3, size/record: 4, table size: 12
	index: 0, handler: __TI_decompress_lzss
	index: 1, handler: __TI_decompress_none
	index: 2, handler: __TI_zero_init


GLOBAL SYMBOLS: SORTED ALPHABETICALLY BY Name 

address   name                          
-------   ----                          
00000c75  ADC0_IRQHandler               
00000c75  ADC1_IRQHandler               
00000c75  AES_IRQHandler                
00000a71  ActivatePortA_B               
20200200  BusFreq                       
00000d30  C$$EXIT                       
00000c75  CANFD0_IRQHandler             
00000ce7  Clock_Delay                   
00000b19  Clock_Delay1ms                
00000d09  Clock_Freq                    
000000c1  Clock_Init80MHz               
00000c75  DAC0_IRQHandler               
00000c75  DMA_IRQHandler                
00000c75  Default_Handler               
00000cf7  Delay                         
00000c75  GROUP0_IRQHandler             
00000c75  GROUP1_IRQHandler             
20200218  GraderStatus                  
2020021c  GraderTime                    
00000c91  HardFault_Handler             
00000c75  I2C0_IRQHandler               
00000c75  I2C1_IRQHandler               
00000875  LaunchPad_Init                
00000c75  NMI_Handler                   
00000c75  PendSV_Handler                
00000c75  RTC_IRQHandler                
00000d29  Reset_Handler                 
00000c75  SPI0_IRQHandler               
00000c75  SPI1_IRQHandler               
00000535  SPI_Init                      
0000096d  SPI_OutCommand                
00000aa9  SPI_OutData                   
000009b5  SPI_Reset                     
00000275  ST7735_DrawChar               
0000041d  ST7735_FillRect               
00000bb1  ST7735_FillScreen             
000006d1  ST7735_InitR                  
00000b4d  ST7735_SetCursor              
00000c75  SVC_Handler                   
20200210  StTextColor                   
20200208  StX                           
2020020c  StY                           
00000c75  SysTick_Handler               
00000c75  TIMA0_IRQHandler              
00000c75  TIMA1_IRQHandler              
00000c75  TIMG0_IRQHandler              
00000c75  TIMG12_IRQHandler             
00000c75  TIMG6_IRQHandler              
000007f1  TIMG7_IRQHandler              
00000c75  TIMG8_IRQHandler              
00000cc3  TI_memcpy_small               
00000d15  TimerG7_Stop                  
00000c75  UART0_IRQHandler              
00000c75  UART1_IRQHandler              
00000c75  UART2_IRQHandler              
00000c75  UART3_IRQHandler              
00000bdd  UART_OutChar                  
00000c31  UART_OutString                
20208000  __STACK_END                   
00000200  __STACK_SIZE                  
00000200  __SYSMEM_SIZE                 
00000000  __TI_ATRegion0_region_sz      
00000000  __TI_ATRegion0_src_addr       
00000000  __TI_ATRegion0_trg_addr       
00000000  __TI_ATRegion1_region_sz      
00000000  __TI_ATRegion1_src_addr       
00000000  __TI_ATRegion1_trg_addr       
00000000  __TI_ATRegion2_region_sz      
00000000  __TI_ATRegion2_src_addr       
00000000  __TI_ATRegion2_trg_addr       
00001330  __TI_CINIT_Base               
00001340  __TI_CINIT_Limit              
00001340  __TI_CINIT_Warm               
0000131c  __TI_Handler_Table_Base       
00001328  __TI_Handler_Table_Limit      
00000a35  __TI_auto_init_nobinit_nopinit
000008f1  __TI_decompress_lzss          
00000cd5  __TI_decompress_none          
ffffffff  __TI_pprof_out_hndl           
ffffffff  __TI_prof_data_size           
ffffffff  __TI_prof_data_start          
00000000  __TI_static_base__            
00000cad  __TI_zero_init_nomemset       
000006cf  __aeabi_idiv0                 
00000d21  __aeabi_memcpy                
00000d21  __aeabi_memcpy4               
00000d21  __aeabi_memcpy8               
000009f5  __aeabi_uidiv                 
000009f5  __aeabi_uidivmod              
ffffffff  __binit__                     
UNDEFED   __mpu_init                    
20207e00  __stack                       
20200000  __start___llvm_prf_bits       
20200000  __start___llvm_prf_cnts       
20200000  __stop___llvm_prf_bits        
20200000  __stop___llvm_prf_cnts        
00000c09  _c_int00_noargs               
20200000  _sys_memory                   
UNDEFED   _system_post_cinit            
00000d2d  _system_pre_init              
00000d31  abort                         
ffffffff  binit                         
00000000  interruptVectors              
00000ae1  main                          
20200220  whichbit                      


GLOBAL SYMBOLS: SORTED BY Symbol Address 

address   name                          
-------   ----                          
00000000  __TI_ATRegion0_region_sz      
00000000  __TI_ATRegion0_src_addr       
00000000  __TI_ATRegion0_trg_addr       
00000000  __TI_ATRegion1_region_sz      
00000000  __TI_ATRegion1_src_addr       
00000000  __TI_ATRegion1_trg_addr       
00000000  __TI_ATRegion2_region_sz      
00000000  __TI_ATRegion2_src_addr       
00000000  __TI_ATRegion2_trg_addr       
00000000  __TI_static_base__            
00000000  interruptVectors              
000000c1  Clock_Init80MHz               
00000200  __STACK_SIZE                  
00000200  __SYSMEM_SIZE                 
00000275  ST7735_DrawChar               
0000041d  ST7735_FillRect               
00000535  SPI_Init                      
000006cf  __aeabi_idiv0                 
000006d1  ST7735_InitR                  
000007f1  TIMG7_IRQHandler              
00000875  LaunchPad_Init                
000008f1  __TI_decompress_lzss          
0000096d  SPI_OutCommand                
000009b5  SPI_Reset                     
000009f5  __aeabi_uidiv                 
000009f5  __aeabi_uidivmod              
00000a35  __TI_auto_init_nobinit_nopinit
00000a71  ActivatePortA_B               
00000aa9  SPI_OutData                   
00000ae1  main                          
00000b19  Clock_Delay1ms                
00000b4d  ST7735_SetCursor              
00000bb1  ST7735_FillScreen             
00000bdd  UART_OutChar                  
00000c09  _c_int00_noargs               
00000c31  UART_OutString                
00000c75  ADC0_IRQHandler               
00000c75  ADC1_IRQHandler               
00000c75  AES_IRQHandler                
00000c75  CANFD0_IRQHandler             
00000c75  DAC0_IRQHandler               
00000c75  DMA_IRQHandler                
00000c75  Default_Handler               
00000c75  GROUP0_IRQHandler             
00000c75  GROUP1_IRQHandler             
00000c75  I2C0_IRQHandler               
00000c75  I2C1_IRQHandler               
00000c75  NMI_Handler                   
00000c75  PendSV_Handler                
00000c75  RTC_IRQHandler                
00000c75  SPI0_IRQHandler               
00000c75  SPI1_IRQHandler               
00000c75  SVC_Handler                   
00000c75  SysTick_Handler               
00000c75  TIMA0_IRQHandler              
00000c75  TIMA1_IRQHandler              
00000c75  TIMG0_IRQHandler              
00000c75  TIMG12_IRQHandler             
00000c75  TIMG6_IRQHandler              
00000c75  TIMG8_IRQHandler              
00000c75  UART0_IRQHandler              
00000c75  UART1_IRQHandler              
00000c75  UART2_IRQHandler              
00000c75  UART3_IRQHandler              
00000c91  HardFault_Handler             
00000cad  __TI_zero_init_nomemset       
00000cc3  TI_memcpy_small               
00000cd5  __TI_decompress_none          
00000ce7  Clock_Delay                   
00000cf7  Delay                         
00000d09  Clock_Freq                    
00000d15  TimerG7_Stop                  
00000d21  __aeabi_memcpy                
00000d21  __aeabi_memcpy4               
00000d21  __aeabi_memcpy8               
00000d29  Reset_Handler                 
00000d2d  _system_pre_init              
00000d30  C$$EXIT                       
00000d31  abort                         
0000131c  __TI_Handler_Table_Base       
00001328  __TI_Handler_Table_Limit      
00001330  __TI_CINIT_Base               
00001340  __TI_CINIT_Limit              
00001340  __TI_CINIT_Warm               
20200000  __start___llvm_prf_bits       
20200000  __start___llvm_prf_cnts       
20200000  __stop___llvm_prf_bits        
20200000  __stop___llvm_prf_cnts        
20200000  _sys_memory                   
20200200  BusFreq                       
20200208  StX                           
2020020c  StY                           
20200210  StTextColor                   
20200218  GraderStatus                  
2020021c  GraderTime                    
20200220  whichbit                      
20207e00  __stack                       
20208000  __STACK_END                   
ffffffff  __TI_pprof_out_hndl           
ffffffff  __TI_prof_data_size           
ffffffff  __TI_prof_data_start          
ffffffff  __binit__                     
ffffffff  binit                         
UNDEFED   __mpu_init                    
UNDEFED   _system_post_cinit            

[105 symbols]
